proof-search check-candidate: applicable-with-residuals
path: unavailable
- BinderFixture.use [applicable-with-residuals] application=BinderFixture.use x y ?h ?k
  selected declaration type: ∀ {α : Type} ⦃β : Type⦄ [Inhabited α] (x : α) (y : β), x = x → y = y → x = x ∧ y = y
  selected declaration binder kinds: Lean.BinderInfo.implicit, Lean.BinderInfo.strictImplicit, Lean.BinderInfo.instImplicit, Lean.BinderInfo.default
  remaining goal 0: x = x
    residual context 0 (_uniq.36):
      α : Type
      β : Type
      inst._@._hyg.6 : Inhabited α
      x : α
  remaining goal 1: y = y
    residual context 1 (_uniq.37):
      α : Type
      β : Type
      inst._@._hyg.6 : Inhabited α
      x : α
  evidence expansion environmentRef: {"artifactRef": "sha256:589e4fc30b58f5d88939835457a927f3395158b5cb5749396b9089037379ebec", "environmentRef": "sha256:7490532aa497994bab6996967a8de81bad3bc20317d887784b63bde6f8a37962"}
  evidence expansion checkRunRef: {"artifactRef": "sha256:7567abee88dedf02f220209a52fb6eac6f0fe87186126c731c58a239bc9fe78e", "kind": "check-run", "localId": "check:c47eac80eed8637ce5c561839e0495454ffec2990b38c512ae397b5d2d9979c1"}
evidenceReceipt: sha256:10831121dea019f4df17652ad608752209ac10ff343754a6c15f27f0ed7f0aa9
sourceReceipt: sha256:10831121dea019f4df17652ad608752209ac10ff343754a6c15f27f0ed7f0aa9
evidence dimensions: executionBinding=explicit-pinned, observationState=live, operationOutcome=accepted, sourceFreshness=unknown, environmentMatch=exact, authorityBasis=elaborator-check, analysisCompleteness=partial
omission: {"omitted": 12, "pointer": "/candidate/check/residualContexts/0/localContext", "reason": "compact-local-fields-omitted"}
omission: {"omitted": 1, "pointer": "/candidate/check/residualContexts/0/localContext", "reason": "projection-collection-limit"}
omission: {"omitted": 12, "pointer": "/candidate/check/residualContexts/1/localContext", "reason": "compact-local-fields-omitted"}
omission: {"omitted": 1, "pointer": "/candidate/check/residualContexts/1/localContext", "reason": "projection-collection-limit"}
omission: {"omitted": 12, "pointer": "/omissions", "reason": "projection-collection-limit"}
omissionPopulation: {"generatedRecords": 1, "observedRecords": 16, "omittedRecords": 12, "projectedRecords": 4, "totalClaims": 53, "transportRecords": 5}
coverage: {"candidatePopulation": {"observed": 1, "omitted": 0, "projected": 1, "statusCounts": {"applicable-with-residuals": 1}}, "omissionPopulation": {"generatedRecords": 1, "observedRecords": 16, "omittedRecords": 12, "projectedRecords": 4, "totalClaims": 53, "transportRecords": 5}, "operationalFailure": false}
