proof-search check-candidate: applicable-with-residuals
path: unavailable
- Mf.DP.fixedEpochCenterGap_pos_of_boundary_nonneg [applicable-with-residuals] application=Mf.DP.fixedEpochCenterGap_pos_of_boundary_nonneg point h boundary query hNonFull hh hBoundaryNonneg hBoundaryQuery
  ?hBoundaryGap
  remaining goal: 0 ≤ Mf.DP.fixedEpochCenterGap point h boundary
  evidence expansion environmentRef: {"artifactRef": "sha256:ba3ff2ec8a06f6a792aa3696412ef2f68e34670bc4cbb96b98a4d156325300ca", "environmentRef": "sha256:fdeee0096bdcc1b125f688fa63d684e9531d42db233f1fb1248bb65b5a999ddd"}
  evidence expansion checkRunRef: {"artifactRef": "sha256:6286ba8a2ad77a333c696e791dc86b1eecf4d8f4ef000311379881f355595130", "kind": "check-run", "localId": "check:31a0bbf4090f8d464755c58e97e1e349c72f4b08041e6018d4f8ca9653320940"}
evidenceReceipt: sha256:1e9898bf9a9c696d5d42d2c16d03cb8ea6935f61eded6a734bc04f9ccb155b03
sourceReceipt: sha256:1e9898bf9a9c696d5d42d2c16d03cb8ea6935f61eded6a734bc04f9ccb155b03
evidence dimensions: executionBinding=explicit-pinned, observationState=live, operationOutcome=accepted, sourceFreshness=unknown, environmentMatch=exact, authorityBasis=elaborator-check, analysisCompleteness=partial
omission: {"omitted": 1, "pointer": "/candidate/check/residualPremises/0/typeStructural", "reason": "structural-evidence-omitted"}
omission: {"omitted": 5, "pointer": "/candidate/check/substitutions", "reason": "projection-collection-limit"}
omission: {"omitted": 1, "pointer": "/candidate/check/substitutions/0/termStructural", "reason": "structural-evidence-omitted"}
omission: {"omitted": 1, "pointer": "/candidate/check/substitutions/1/termStructural", "reason": "structural-evidence-omitted"}
omission: {"omitted": 1, "pointer": "/candidate/check/substitutions/2/termStructural", "reason": "structural-evidence-omitted"}
omission: {"omitted": 1, "pointer": "/candidate/check/substitutions/3/termStructural", "reason": "structural-evidence-omitted"}
omission: {"omitted": 1, "pointer": "/candidate/source", "reason": "source-location-unavailable"}
omission: {"omitted": 4, "pointer": "/request/localContext", "reason": "projection-collection-limit"}
omissionPopulation: {"generatedRecords": 0, "observedRecords": 8, "omittedRecords": 0, "projectedRecords": 8, "totalClaims": 15, "transportRecords": 8}
coverage: {"candidatePopulation": {"observed": 1, "omitted": 0, "projected": 1, "statusCounts": {"applicable-with-residuals": 1}}, "omissionPopulation": {"generatedRecords": 0, "observedRecords": 8, "omittedRecords": 0, "projectedRecords": 8, "totalClaims": 15, "transportRecords": 8}, "operationalFailure": false}
