./assets/00006.json
./assets/00051.json
./assets/00044.json
./assets/00071.json
./assets/00002.json
./assets/00043.json
./assets/00045.json
./assets/00087.json
./assets/00004.json
./assets/00048.json
./assets/00074.json
./assets/00076.json
./assets/00022.json
./assets/00075.json
./assets/00035.json
./assets/00067.json
./assets/00001.json
./assets/00050.json
./assets/00040.json
./assets/00046.json
./assets/00061.json
./assets/00017.json
./assets/00041.json
./assets/00064.json
./assets/00052.json
./assets/00000.json
./assets/00019.json
./assets/00070.json
./assets/00078.json
./assets/00033.json
./assets/00015.json
./assets/00009.json
./assets/00089.json
./assets/00068.json
./assets/00086.json
./assets/00059.json
./assets/00054.json
./assets/00010.json
./assets/00049.json
./assets/00063.json
./assets/00088.json
./assets/00042.json
./assets/00034.json
./assets/00065.json
./assets/00092.json
./assets/00018.json
./assets/00079.json
./assets/00037.json
./assets/00032.json
./assets/00025.json
./assets/00038.json
./assets/00012.json
./assets/00091.bin
./assets/00027.json
./assets/00047.json
./assets/00072.json
./assets/00036.json
./assets/00024.json
./assets/00014.json
./assets/00003.json
./assets/00081.json
./assets/00057.json
./assets/00007.json
./assets/00056.json
./assets/00090.bin
./assets/00008.json
./assets/00028.json
./assets/00085.json
./assets/00060.json
./assets/00080.json
./assets/00031.json
./assets/00083.json
./assets/00030.json
./assets/00029.json
./assets/00055.json
./assets/00077.json
./assets/00058.json
./assets/00073.json
./assets/00023.json
./assets/00093.json
./assets/00084.json
./assets/00082.json
./assets/00016.json
./assets/00039.json
./assets/00020.json
./assets/00062.json
./assets/00069.json
./assets/00021.json
./assets/00094.sqlite3
./assets/00066.json
./assets/00053.json
./assets/00013.json
./assets/00011.json
./assets/00005.json
./assets/00026.json
./bundle.json
./manifest.json
