{
  "coverage": {
    "authority": "sqlite_lexical_shortlist",
    "cap": 8,
    "diagnosticCap": 0,
    "diagnosticReturned": 0,
    "fieldContributionCounts": {
      "conclusionText": 4,
      "renderedType": 4,
      "typeText": 4
    },
    "populationComplete": true,
    "returned": 4,
    "rowEvidenceComplete": true,
    "scope": {
      "kind": "module",
      "modules": 1,
      "omissions": [],
      "roots": [
        "Mf.DP.PoissonFixedEpochCenterGapPropagation"
      ]
    },
    "shortlistMatchedLowerBound": 4
  },
  "diagnostics": [],
  "freshness": "verified-fresh",
  "freshnessEvidence": {
    "configurationFingerprint": "4c49aee41c413824400f4cb4080546b765502dcf66e0570ce98f4f762ade81d0",
    "currentGenerationIdentity": "363433ec5197bb63cb989b05970499d816c4bdf541bb9bfae6a548e4c2317931",
    "generationIdentity": "363433ec5197bb63cb989b05970499d816c4bdf541bb9bfae6a548e4c2317931",
    "helperIdentity": "lexical-navigation-v3;theorem-lineage-v2;proofir-catalog-v3",
    "indexSchema": "ladon-proof-search-index-v5",
    "sourceFingerprint": "1cc2c101495db06f659df4b42e1ec64b9356de8220fdc7a8d9ccf6471145ea88",
    "toolchainIdentity": "leanprover/lean4:v4.33.0"
  },
  "matchMode": "type-text-overlap",
  "matched": 4,
  "matchedExact": true,
  "matchingPolicy": "literal-substring-sqlite-ascii-lower",
  "nonclaims": [
    "Shortlist rows are not Lean elaboration or proof verification."
  ],
  "omissions": [],
  "operation": "search-type-text",
  "query": {
    "freshness": "verify",
    "module": null,
    "namespace": null,
    "package": null,
    "pattern": "fixedEpochCenterGap",
    "scope": "module"
  },
  "results": [
    {
      "authority": "lexical_shortlist",
      "bucket": "text-overlap",
      "candidateName": "Mf.DP.fixedEpochCenterGap_eq_countTestAverage_sub",
      "conclusionText": "(point : PoissonFixedEpochPoint) (centerDistance : Real) (signal : NNReal) (hSignal : 0 < signal) : fixedEpochCenterGap point ((signal : Real) / point.epoch) ((point.epoch : Real) * centerDistance / (signal : Real)) = poissonTraceCountAverage point.horizon point.samplingRate (fixedEpochGaussianCountTest point (-centerDistance) signal) - stdNormalCDFReal (-centerDistance)",
      "declarationId": "ladon.lexical_declaration.c74bbc3dde978285d0d3",
      "fieldContributions": {
        "conclusionText": true,
        "renderedType": true,
        "typeText": true
      },
      "line": 452,
      "module": "Mf.DP.PoissonFixedEpochCenterGapPropagation",
      "name": "fixedEpochCenterGap_eq_countTestAverage_sub",
      "namespace": "Mf.DP",
      "package": "Mf",
      "path": "Mf/DP/PoissonFixedEpochCenterGapPropagation.lean",
      "renderedType": "(point : PoissonFixedEpochPoint) (centerDistance : Real) (signal : NNReal) (hSignal : 0 < signal) : fixedEpochCenterGap point ((signal : Real) / point.epoch) ((point.epoch : Real) * centerDistance / (signal : Real)) = poissonTraceCountAverage point.horizon point.samplingRate (fixedEpochGaussianCountTest point (-centerDistance) signal) - stdNormalCDFReal (-centerDistance)",
      "typeStatus": "lexical-signature",
      "typeText": "(point : PoissonFixedEpochPoint) (centerDistance : Real) (signal : NNReal) (hSignal : 0 < signal) : fixedEpochCenterGap point ((signal : Real) / point.epoch) ((point.epoch : Real) * centerDistance / (signal : Real)) = poissonTraceCountAverage point.horizon point.samplingRate (fixedEpochGaussianCountTest point (-centerDistance) signal) - stdNormalCDFReal (-centerDistance)",
      "typeTextBytes": 373,
      "typeTextTruncated": false,
      "verification": "not_requested"
    },
    {
      "authority": "lexical_shortlist",
      "bucket": "text-overlap",
      "candidateName": "Mf.DP.fixedEpochCenterGap_pos_of_boundary_nonneg",
      "conclusionText": "(point : PoissonFixedEpochPoint) (h boundary query : ℝ) (hNonFull : point.epoch < point.horizon) (hh : 0 < h) (hBoundaryNonneg : 0 ≤ boundary) (hBoundaryQuery : boundary < query) (hBoundaryGap : 0 ≤ fixedEpochCenterGap point h boundary) : 0 < fixedEpochCenterGap point h query",
      "declarationId": "ladon.lexical_declaration.7985ef2576a9f26f7685",
      "fieldContributions": {
        "conclusionText": true,
        "renderedType": true,
        "typeText": true
      },
      "line": 430,
      "module": "Mf.DP.PoissonFixedEpochCenterGapPropagation",
      "name": "fixedEpochCenterGap_pos_of_boundary_nonneg",
      "namespace": "Mf.DP",
      "package": "Mf",
      "path": "Mf/DP/PoissonFixedEpochCenterGapPropagation.lean",
      "renderedType": "(point : PoissonFixedEpochPoint) (h boundary query : ℝ) (hNonFull : point.epoch < point.horizon) (hh : 0 < h) (hBoundaryNonneg : 0 ≤ boundary) (hBoundaryQuery : boundary < query) (hBoundaryGap : 0 ≤ fixedEpochCenterGap point h boundary) : 0 < fixedEpochCenterGap point h query",
      "typeStatus": "lexical-signature",
      "typeText": "(point : PoissonFixedEpochPoint) (h boundary query : ℝ) (hNonFull : point.epoch < point.horizon) (hh : 0 < h) (hBoundaryNonneg : 0 ≤ boundary) (hBoundaryQuery : boundary < query) (hBoundaryGap : 0 ≤ fixedEpochCenterGap point h boundary) : 0 < fixedEpochCenterGap point h query",
      "typeTextBytes": 282,
      "typeTextTruncated": false,
      "verification": "not_requested"
    },
    {
      "authority": "lexical_shortlist",
      "bucket": "text-overlap",
      "candidateName": "Mf.DP.hasDerivAt_fixedEpochCenterGap",
      "conclusionText": "(point : PoissonFixedEpochPoint) (h theta : ℝ) : HasDerivAt (fixedEpochCenterGap point h) (h * stdNormalPdfReal (h * theta) * (1 - fixedEpochCenterTilt point h theta)) theta",
      "declarationId": "ladon.lexical_declaration.32eba279b606b557616f",
      "fieldContributions": {
        "conclusionText": true,
        "renderedType": true,
        "typeText": true
      },
      "line": 62,
      "module": "Mf.DP.PoissonFixedEpochCenterGapPropagation",
      "name": "hasDerivAt_fixedEpochCenterGap",
      "namespace": "Mf.DP",
      "package": "Mf",
      "path": "Mf/DP/PoissonFixedEpochCenterGapPropagation.lean",
      "renderedType": "(point : PoissonFixedEpochPoint) (h theta : ℝ) : HasDerivAt (fixedEpochCenterGap point h) (h * stdNormalPdfReal (h * theta) * (1 - fixedEpochCenterTilt point h theta)) theta",
      "typeStatus": "lexical-signature",
      "typeText": "(point : PoissonFixedEpochPoint) (h theta : ℝ) : HasDerivAt (fixedEpochCenterGap point h) (h * stdNormalPdfReal (h * theta) * (1 - fixedEpochCenterTilt point h theta)) theta",
      "typeTextBytes": 175,
      "typeTextTruncated": false,
      "verification": "not_requested"
    },
    {
      "authority": "lexical_shortlist",
      "bucket": "text-overlap",
      "candidateName": "Mf.DP.tendsto_fixedEpochCenterGap_atTop_zero",
      "conclusionText": "(point : PoissonFixedEpochPoint) (h : ℝ) (hh : 0 < h) : Tendsto (fixedEpochCenterGap point h) atTop (nhds 0)",
      "declarationId": "ladon.lexical_declaration.29555a80d0b23ca6a786",
      "fieldContributions": {
        "conclusionText": true,
        "renderedType": true,
        "typeText": true
      },
      "line": 312,
      "module": "Mf.DP.PoissonFixedEpochCenterGapPropagation",
      "name": "tendsto_fixedEpochCenterGap_atTop_zero",
      "namespace": "Mf.DP",
      "package": "Mf",
      "path": "Mf/DP/PoissonFixedEpochCenterGapPropagation.lean",
      "renderedType": "(point : PoissonFixedEpochPoint) (h : ℝ) (hh : 0 < h) : Tendsto (fixedEpochCenterGap point h) atTop (nhds 0)",
      "typeStatus": "lexical-signature",
      "typeText": "(point : PoissonFixedEpochPoint) (h : ℝ) (hh : 0 < h) : Tendsto (fixedEpochCenterGap point h) atTop (nhds 0)",
      "typeTextBytes": 110,
      "typeTextTruncated": false,
      "verification": "not_requested"
    }
  ],
  "returned": 4,
  "schema": "ladon-proof-search-type-text-result-v2",
  "schemaVersion": 2,
  "status": "available",
  "truncated": false
}
