{
  "change_count": 44,
  "changes": [
    {
      "checked_task_count": 74,
      "drift_kind": null,
      "id": "ladon-authority-safe-verified-discovery-umbrella",
      "inferred_status": "active",
      "metadata_path": "openspec/changes/ladon-authority-safe-verified-discovery-umbrella/.openspec.yaml",
      "metadata_status": null,
      "task_count": 76,
      "task_file_exists": true,
      "tasks_path": "openspec/changes/ladon-authority-safe-verified-discovery-umbrella/tasks.md",
      "unchecked_task_count": 2
    },
    {
      "checked_task_count": 11,
      "drift_kind": null,
      "id": "ladon-binder-aware-proof-difference",
      "inferred_status": "active",
      "metadata_path": "openspec/changes/ladon-binder-aware-proof-difference/.openspec.yaml",
      "metadata_status": null,
      "task_count": 17,
      "task_file_exists": true,
      "tasks_path": "openspec/changes/ladon-binder-aware-proof-difference/tasks.md",
      "unchecked_task_count": 6
    },
    {
      "checked_task_count": 13,
      "drift_kind": null,
      "id": "ladon-coverage-sensitive-consumers-and-constructors",
      "inferred_status": "active",
      "metadata_path": "openspec/changes/ladon-coverage-sensitive-consumers-and-constructors/.openspec.yaml",
      "metadata_status": null,
      "task_count": 16,
      "task_file_exists": true,
      "tasks_path": "openspec/changes/ladon-coverage-sensitive-consumers-and-constructors/tasks.md",
      "unchecked_task_count": 3
    },
    {
      "checked_task_count": 0,
      "drift_kind": null,
      "id": "ladon-declaration-consumers-and-constructor-coverage",
      "inferred_status": "active",
      "metadata_path": "openspec/changes/ladon-declaration-consumers-and-constructor-coverage/.openspec.yaml",
      "metadata_status": null,
      "task_count": 10,
      "task_file_exists": true,
      "tasks_path": "openspec/changes/ladon-declaration-consumers-and-constructor-coverage/tasks.md",
      "unchecked_task_count": 10
    },
    {
      "checked_task_count": 12,
      "drift_kind": null,
      "id": "ladon-first-hand-proof-search-hardening-umbrella",
      "inferred_status": "active",
      "metadata_path": "openspec/changes/ladon-first-hand-proof-search-hardening-umbrella/.openspec.yaml",
      "metadata_status": null,
      "task_count": 17,
      "task_file_exists": true,
      "tasks_path": "openspec/changes/ladon-first-hand-proof-search-hardening-umbrella/tasks.md",
      "unchecked_task_count": 5
    },
    {
      "checked_task_count": 0,
      "drift_kind": null,
      "id": "ladon-goal-capture-and-application-probes",
      "inferred_status": "active",
      "metadata_path": "openspec/changes/ladon-goal-capture-and-application-probes/.openspec.yaml",
      "metadata_status": null,
      "task_count": 9,
      "task_file_exists": true,
      "tasks_path": "openspec/changes/ladon-goal-capture-and-application-probes/tasks.md",
      "unchecked_task_count": 9
    },
    {
      "checked_task_count": 10,
      "drift_kind": null,
      "id": "ladon-large-inventory-scale-contract",
      "inferred_status": "active",
      "metadata_path": "openspec/changes/ladon-large-inventory-scale-contract/.openspec.yaml",
      "metadata_status": null,
      "task_count": 12,
      "task_file_exists": true,
      "tasks_path": "openspec/changes/ladon-large-inventory-scale-contract/tasks.md",
      "unchecked_task_count": 2
    },
    {
      "checked_task_count": 31,
      "drift_kind": null,
      "id": "ladon-large-repository-review-loop-umbrella",
      "inferred_status": "active",
      "metadata_path": "openspec/changes/ladon-large-repository-review-loop-umbrella/.openspec.yaml",
      "metadata_status": null,
      "task_count": 34,
      "task_file_exists": true,
      "tasks_path": "openspec/changes/ladon-large-repository-review-loop-umbrella/tasks.md",
      "unchecked_task_count": 3
    },
    {
      "checked_task_count": 0,
      "drift_kind": null,
      "id": "ladon-lean-proof-discovery-umbrella",
      "inferred_status": "active",
      "metadata_path": "openspec/changes/ladon-lean-proof-discovery-umbrella/.openspec.yaml",
      "metadata_status": null,
      "task_count": 21,
      "task_file_exists": true,
      "tasks_path": "openspec/changes/ladon-lean-proof-discovery-umbrella/tasks.md",
      "unchecked_task_count": 21
    },
    {
      "checked_task_count": 10,
      "drift_kind": null,
      "id": "ladon-lean-proof-search-index-and-scope",
      "inferred_status": "active",
      "metadata_path": "openspec/changes/ladon-lean-proof-search-index-and-scope/.openspec.yaml",
      "metadata_status": null,
      "task_count": 12,
      "task_file_exists": true,
      "tasks_path": "openspec/changes/ladon-lean-proof-search-index-and-scope/tasks.md",
      "unchecked_task_count": 2
    },
    {
      "checked_task_count": 16,
      "drift_kind": null,
      "id": "ladon-lineage-storage-budget-and-publication",
      "inferred_status": "active",
      "metadata_path": "openspec/changes/ladon-lineage-storage-budget-and-publication/.openspec.yaml",
      "metadata_status": null,
      "task_count": 17,
      "task_file_exists": true,
      "tasks_path": "openspec/changes/ladon-lineage-storage-budget-and-publication/tasks.md",
      "unchecked_task_count": 1
    },
    {
      "checked_task_count": 0,
      "drift_kind": null,
      "id": "ladon-premise-difference-and-adapter-routing",
      "inferred_status": "active",
      "metadata_path": "openspec/changes/ladon-premise-difference-and-adapter-routing/.openspec.yaml",
      "metadata_status": null,
      "task_count": 9,
      "task_file_exists": true,
      "tasks_path": "openspec/changes/ladon-premise-difference-and-adapter-routing/tasks.md",
      "unchecked_task_count": 9
    },
    {
      "checked_task_count": 0,
      "drift_kind": null,
      "id": "ladon-proof-discovery-cli-contract",
      "inferred_status": "active",
      "metadata_path": "openspec/changes/ladon-proof-discovery-cli-contract/.openspec.yaml",
      "metadata_status": null,
      "task_count": 8,
      "task_file_exists": true,
      "tasks_path": "openspec/changes/ladon-proof-discovery-cli-contract/tasks.md",
      "unchecked_task_count": 8
    },
    {
      "checked_task_count": 0,
      "drift_kind": null,
      "id": "ladon-proof-frontier-review-output",
      "inferred_status": "active",
      "metadata_path": "openspec/changes/ladon-proof-frontier-review-output/.openspec.yaml",
      "metadata_status": null,
      "task_count": 9,
      "task_file_exists": true,
      "tasks_path": "openspec/changes/ladon-proof-frontier-review-output/tasks.md",
      "unchecked_task_count": 9
    },
    {
      "checked_task_count": 0,
      "drift_kind": null,
      "id": "ladon-proof-representation-and-scale-awareness",
      "inferred_status": "active",
      "metadata_path": "openspec/changes/ladon-proof-representation-and-scale-awareness/.openspec.yaml",
      "metadata_status": null,
      "task_count": 9,
      "task_file_exists": true,
      "tasks_path": "openspec/changes/ladon-proof-representation-and-scale-awareness/tasks.md",
      "unchecked_task_count": 9
    },
    {
      "checked_task_count": 8,
      "drift_kind": null,
      "id": "ladon-proof-search-operational-release",
      "inferred_status": "active",
      "metadata_path": "openspec/changes/ladon-proof-search-operational-release/.openspec.yaml",
      "metadata_status": null,
      "task_count": 20,
      "task_file_exists": true,
      "tasks_path": "openspec/changes/ladon-proof-search-operational-release/tasks.md",
      "unchecked_task_count": 12
    },
    {
      "checked_task_count": 13,
      "drift_kind": null,
      "id": "ladon-proof-search-ranking-and-owner-projection",
      "inferred_status": "active",
      "metadata_path": "openspec/changes/ladon-proof-search-ranking-and-owner-projection/.openspec.yaml",
      "metadata_status": null,
      "task_count": 16,
      "task_file_exists": true,
      "tasks_path": "openspec/changes/ladon-proof-search-ranking-and-owner-projection/tasks.md",
      "unchecked_task_count": 3
    },
    {
      "checked_task_count": 0,
      "drift_kind": null,
      "id": "ladon-proof-xray-roadmap",
      "inferred_status": "active",
      "metadata_path": "openspec/changes/ladon-proof-xray-roadmap/.openspec.yaml",
      "metadata_status": null,
      "task_count": 4,
      "task_file_exists": true,
      "tasks_path": "openspec/changes/ladon-proof-xray-roadmap/tasks.md",
      "unchecked_task_count": 4
    },
    {
      "checked_task_count": 0,
      "drift_kind": null,
      "id": "ladon-proofir-cli-integration-and-calibration",
      "inferred_status": "active",
      "metadata_path": "openspec/changes/ladon-proofir-cli-integration-and-calibration/.openspec.yaml",
      "metadata_status": null,
      "task_count": 32,
      "task_file_exists": true,
      "tasks_path": "openspec/changes/ladon-proofir-cli-integration-and-calibration/tasks.md",
      "unchecked_task_count": 32
    },
    {
      "checked_task_count": 0,
      "drift_kind": null,
      "id": "ladon-proofir-declaration-lineage-attachments",
      "inferred_status": "active",
      "metadata_path": "openspec/changes/ladon-proofir-declaration-lineage-attachments/.openspec.yaml",
      "metadata_status": null,
      "task_count": 27,
      "task_file_exists": true,
      "tasks_path": "openspec/changes/ladon-proofir-declaration-lineage-attachments/tasks.md",
      "unchecked_task_count": 27
    },
    {
      "checked_task_count": 10,
      "drift_kind": null,
      "id": "ladon-proofir-evidence-cli-rendering-and-calibration",
      "inferred_status": "active",
      "metadata_path": "openspec/changes/ladon-proofir-evidence-cli-rendering-and-calibration/.openspec.yaml",
      "metadata_status": null,
      "task_count": 29,
      "task_file_exists": true,
      "tasks_path": "openspec/changes/ladon-proofir-evidence-cli-rendering-and-calibration/tasks.md",
      "unchecked_task_count": 19
    },
    {
      "checked_task_count": 0,
      "drift_kind": null,
      "id": "ladon-proofir-evidence-graph-umbrella",
      "inferred_status": "active",
      "metadata_path": "openspec/changes/ladon-proofir-evidence-graph-umbrella/.openspec.yaml",
      "metadata_status": null,
      "task_count": 28,
      "task_file_exists": true,
      "tasks_path": "openspec/changes/ladon-proofir-evidence-graph-umbrella/tasks.md",
      "unchecked_task_count": 28
    },
    {
      "checked_task_count": 21,
      "drift_kind": null,
      "id": "ladon-proofir-evidence-semantics-v3-umbrella",
      "inferred_status": "active",
      "metadata_path": "openspec/changes/ladon-proofir-evidence-semantics-v3-umbrella/.openspec.yaml",
      "metadata_status": null,
      "task_count": 32,
      "task_file_exists": true,
      "tasks_path": "openspec/changes/ladon-proofir-evidence-semantics-v3-umbrella/tasks.md",
      "unchecked_task_count": 11
    },
    {
      "checked_task_count": 31,
      "drift_kind": null,
      "id": "ladon-proofir-local-integrity-hardening-umbrella",
      "inferred_status": "completed",
      "metadata_path": "openspec/changes/ladon-proofir-local-integrity-hardening-umbrella/.openspec.yaml",
      "metadata_status": null,
      "task_count": 31,
      "task_file_exists": true,
      "tasks_path": "openspec/changes/ladon-proofir-local-integrity-hardening-umbrella/tasks.md",
      "unchecked_task_count": 0
    },
    {
      "checked_task_count": 13,
      "drift_kind": null,
      "id": "ladon-proofir-negative-evidence-and-coverage",
      "inferred_status": "active",
      "metadata_path": "openspec/changes/ladon-proofir-negative-evidence-and-coverage/.openspec.yaml",
      "metadata_status": null,
      "task_count": 21,
      "task_file_exists": true,
      "tasks_path": "openspec/changes/ladon-proofir-negative-evidence-and-coverage/tasks.md",
      "unchecked_task_count": 8
    },
    {
      "checked_task_count": 8,
      "drift_kind": null,
      "id": "ladon-proofir-obligation-dag-ingestion-and-queries",
      "inferred_status": "active",
      "metadata_path": "openspec/changes/ladon-proofir-obligation-dag-ingestion-and-queries/.openspec.yaml",
      "metadata_status": null,
      "task_count": 28,
      "task_file_exists": true,
      "tasks_path": "openspec/changes/ladon-proofir-obligation-dag-ingestion-and-queries/tasks.md",
      "unchecked_task_count": 20
    },
    {
      "checked_task_count": 17,
      "drift_kind": null,
      "id": "ladon-proofir-obligation-route-paths-and-trees",
      "inferred_status": "active",
      "metadata_path": "openspec/changes/ladon-proofir-obligation-route-paths-and-trees/.openspec.yaml",
      "metadata_status": null,
      "task_count": 22,
      "task_file_exists": true,
      "tasks_path": "openspec/changes/ladon-proofir-obligation-route-paths-and-trees/tasks.md",
      "unchecked_task_count": 5
    },
    {
      "checked_task_count": 14,
      "drift_kind": null,
      "id": "ladon-proofir-query-access-paths",
      "inferred_status": "active",
      "metadata_path": "openspec/changes/ladon-proofir-query-access-paths/.openspec.yaml",
      "metadata_status": null,
      "task_count": 17,
      "task_file_exists": true,
      "tasks_path": "openspec/changes/ladon-proofir-query-access-paths/tasks.md",
      "unchecked_task_count": 3
    },
    {
      "checked_task_count": 11,
      "drift_kind": null,
      "id": "ladon-proofir-repository-triage-queries",
      "inferred_status": "active",
      "metadata_path": "openspec/changes/ladon-proofir-repository-triage-queries/.openspec.yaml",
      "metadata_status": null,
      "task_count": 22,
      "task_file_exists": true,
      "tasks_path": "openspec/changes/ladon-proofir-repository-triage-queries/tasks.md",
      "unchecked_task_count": 11
    },
    {
      "checked_task_count": 10,
      "drift_kind": null,
      "id": "ladon-proofir-surface-and-replay-ingestion",
      "inferred_status": "active",
      "metadata_path": "openspec/changes/ladon-proofir-surface-and-replay-ingestion/.openspec.yaml",
      "metadata_status": null,
      "task_count": 26,
      "task_file_exists": true,
      "tasks_path": "openspec/changes/ladon-proofir-surface-and-replay-ingestion/tasks.md",
      "unchecked_task_count": 16
    },
    {
      "checked_task_count": 19,
      "drift_kind": null,
      "id": "ladon-proofir-theorem-dossier-query",
      "inferred_status": "active",
      "metadata_path": "openspec/changes/ladon-proofir-theorem-dossier-query/.openspec.yaml",
      "metadata_status": null,
      "task_count": 26,
      "task_file_exists": true,
      "tasks_path": "openspec/changes/ladon-proofir-theorem-dossier-query/tasks.md",
      "unchecked_task_count": 7
    },
    {
      "checked_task_count": 12,
      "drift_kind": null,
      "id": "ladon-proofir-theorem-evidence-dossier-umbrella",
      "inferred_status": "active",
      "metadata_path": "openspec/changes/ladon-proofir-theorem-evidence-dossier-umbrella/.openspec.yaml",
      "metadata_status": null,
      "task_count": 16,
      "task_file_exists": true,
      "tasks_path": "openspec/changes/ladon-proofir-theorem-evidence-dossier-umbrella/tasks.md",
      "unchecked_task_count": 4
    },
    {
      "checked_task_count": 8,
      "drift_kind": null,
      "id": "ladon-result-claim-correspondence",
      "inferred_status": "completed",
      "metadata_path": "openspec/changes/ladon-result-claim-correspondence/.openspec.yaml",
      "metadata_status": null,
      "task_count": 8,
      "task_file_exists": true,
      "tasks_path": "openspec/changes/ladon-result-claim-correspondence/tasks.md",
      "unchecked_task_count": 0
    },
    {
      "checked_task_count": 9,
      "drift_kind": null,
      "id": "ladon-result-formalization-dossier",
      "inferred_status": "completed",
      "metadata_path": "openspec/changes/ladon-result-formalization-dossier/.openspec.yaml",
      "metadata_status": null,
      "task_count": 9,
      "task_file_exists": true,
      "tasks_path": "openspec/changes/ladon-result-formalization-dossier/tasks.md",
      "unchecked_task_count": 0
    },
    {
      "checked_task_count": 17,
      "drift_kind": null,
      "id": "ladon-result-understanding-and-release-umbrella",
      "inferred_status": "active",
      "metadata_path": "openspec/changes/ladon-result-understanding-and-release-umbrella/.openspec.yaml",
      "metadata_status": null,
      "task_count": 50,
      "task_file_exists": true,
      "tasks_path": "openspec/changes/ladon-result-understanding-and-release-umbrella/tasks.md",
      "unchecked_task_count": 33
    },
    {
      "checked_task_count": 2,
      "drift_kind": null,
      "id": "ladon-review-radar-semantic-changelog-roadmap",
      "inferred_status": "active",
      "metadata_path": "openspec/changes/ladon-review-radar-semantic-changelog-roadmap/.openspec.yaml",
      "metadata_status": null,
      "task_count": 5,
      "task_file_exists": true,
      "tasks_path": "openspec/changes/ladon-review-radar-semantic-changelog-roadmap/tasks.md",
      "unchecked_task_count": 3
    },
    {
      "checked_task_count": 0,
      "drift_kind": null,
      "id": "ladon-theorem-surface-changelog",
      "inferred_status": "active",
      "metadata_path": "openspec/changes/ladon-theorem-surface-changelog/.openspec.yaml",
      "metadata_status": null,
      "task_count": 9,
      "task_file_exists": true,
      "tasks_path": "openspec/changes/ladon-theorem-surface-changelog/tasks.md",
      "unchecked_task_count": 9
    },
    {
      "checked_task_count": 0,
      "drift_kind": null,
      "id": "ladon-type-and-semantic-declaration-search",
      "inferred_status": "active",
      "metadata_path": "openspec/changes/ladon-type-and-semantic-declaration-search/.openspec.yaml",
      "metadata_status": null,
      "task_count": 9,
      "task_file_exists": true,
      "tasks_path": "openspec/changes/ladon-type-and-semantic-declaration-search/tasks.md",
      "unchecked_task_count": 9
    },
    {
      "checked_task_count": 20,
      "drift_kind": null,
      "id": "proofir-v3-cross-artifact-resolution-and-query-contracts",
      "inferred_status": "active",
      "metadata_path": "openspec/changes/proofir-v3-cross-artifact-resolution-and-query-contracts/.openspec.yaml",
      "metadata_status": null,
      "task_count": 21,
      "task_file_exists": true,
      "tasks_path": "openspec/changes/proofir-v3-cross-artifact-resolution-and-query-contracts/tasks.md",
      "unchecked_task_count": 1
    },
    {
      "checked_task_count": 14,
      "drift_kind": null,
      "id": "proofir-v3-declaration-and-application-identity",
      "inferred_status": "active",
      "metadata_path": "openspec/changes/proofir-v3-declaration-and-application-identity/.openspec.yaml",
      "metadata_status": null,
      "task_count": 16,
      "task_file_exists": true,
      "tasks_path": "openspec/changes/proofir-v3-declaration-and-application-identity/tasks.md",
      "unchecked_task_count": 2
    },
    {
      "checked_task_count": 4,
      "drift_kind": null,
      "id": "proofir-v3-freeze-evidence-and-review-packet",
      "inferred_status": "active",
      "metadata_path": "openspec/changes/proofir-v3-freeze-evidence-and-review-packet/.openspec.yaml",
      "metadata_status": null,
      "task_count": 18,
      "task_file_exists": true,
      "tasks_path": "openspec/changes/proofir-v3-freeze-evidence-and-review-packet/tasks.md",
      "unchecked_task_count": 14
    },
    {
      "checked_task_count": 9,
      "drift_kind": null,
      "id": "proofir-v3-lean-worker-framed-protocol",
      "inferred_status": "active",
      "metadata_path": "openspec/changes/proofir-v3-lean-worker-framed-protocol/.openspec.yaml",
      "metadata_status": null,
      "task_count": 17,
      "task_file_exists": true,
      "tasks_path": "openspec/changes/proofir-v3-lean-worker-framed-protocol/tasks.md",
      "unchecked_task_count": 8
    },
    {
      "checked_task_count": 8,
      "drift_kind": null,
      "id": "proofir-v3-publication-bounds-and-portability",
      "inferred_status": "active",
      "metadata_path": "openspec/changes/proofir-v3-publication-bounds-and-portability/.openspec.yaml",
      "metadata_status": null,
      "task_count": 17,
      "task_file_exists": true,
      "tasks_path": "openspec/changes/proofir-v3-publication-bounds-and-portability/tasks.md",
      "unchecked_task_count": 9
    },
    {
      "checked_task_count": 2,
      "drift_kind": null,
      "id": "proofir-v3-rust-reference-core",
      "inferred_status": "active",
      "metadata_path": "openspec/changes/proofir-v3-rust-reference-core/.openspec.yaml",
      "metadata_status": null,
      "task_count": 13,
      "task_file_exists": true,
      "tasks_path": "openspec/changes/proofir-v3-rust-reference-core/tasks.md",
      "unchecked_task_count": 11
    }
  ],
  "completed_active_drift_count": 0,
  "drift_count": 0,
  "drifts": [],
  "fixed": [],
  "openspec_root": "openspec"
}
