FFFFFF                                                                   [100%]
=================================== FAILURES ===================================
________ test_packaged_lineage_schema_and_runtime_agree_on_closed_input ________

    def test_packaged_lineage_schema_and_runtime_agree_on_closed_input():
>       from ladon.result_lineage_inputs import validate_lineage_inputs
E       ModuleNotFoundError: No module named 'ladon.result_lineage_inputs'

tests/test_result_lineage_schema.py:27: ModuleNotFoundError
____________ test_invalid_lineage_bindings_are_rejected[duplicate] _____________

mutation = 'duplicate'

    @pytest.mark.parametrize('mutation', ['duplicate', 'unknown-target', 'wrong-result', 'too-many'])
    def test_invalid_lineage_bindings_are_rejected(mutation):
>       from ladon.result_lineage_inputs import validate_lineage_inputs
E       ModuleNotFoundError: No module named 'ladon.result_lineage_inputs'

tests/test_result_lineage_schema.py:48: ModuleNotFoundError
__________ test_invalid_lineage_bindings_are_rejected[unknown-target] __________

mutation = 'unknown-target'

    @pytest.mark.parametrize('mutation', ['duplicate', 'unknown-target', 'wrong-result', 'too-many'])
    def test_invalid_lineage_bindings_are_rejected(mutation):
>       from ladon.result_lineage_inputs import validate_lineage_inputs
E       ModuleNotFoundError: No module named 'ladon.result_lineage_inputs'

tests/test_result_lineage_schema.py:48: ModuleNotFoundError
___________ test_invalid_lineage_bindings_are_rejected[wrong-result] ___________

mutation = 'wrong-result'

    @pytest.mark.parametrize('mutation', ['duplicate', 'unknown-target', 'wrong-result', 'too-many'])
    def test_invalid_lineage_bindings_are_rejected(mutation):
>       from ladon.result_lineage_inputs import validate_lineage_inputs
E       ModuleNotFoundError: No module named 'ladon.result_lineage_inputs'

tests/test_result_lineage_schema.py:48: ModuleNotFoundError
_____________ test_invalid_lineage_bindings_are_rejected[too-many] _____________

mutation = 'too-many'

    @pytest.mark.parametrize('mutation', ['duplicate', 'unknown-target', 'wrong-result', 'too-many'])
    def test_invalid_lineage_bindings_are_rejected(mutation):
>       from ladon.result_lineage_inputs import validate_lineage_inputs
E       ModuleNotFoundError: No module named 'ladon.result_lineage_inputs'

tests/test_result_lineage_schema.py:48: ModuleNotFoundError
____ test_historical_revisions_remain_valid_input_without_becoming_current _____

    def test_historical_revisions_remain_valid_input_without_becoming_current():
>       from ladon.result_lineage_inputs import validate_lineage_inputs
E       ModuleNotFoundError: No module named 'ladon.result_lineage_inputs'

tests/test_result_lineage_schema.py:65: ModuleNotFoundError
=========================== short test summary info ============================
FAILED tests/test_result_lineage_schema.py::test_packaged_lineage_schema_and_runtime_agree_on_closed_input
FAILED tests/test_result_lineage_schema.py::test_invalid_lineage_bindings_are_rejected[duplicate]
FAILED tests/test_result_lineage_schema.py::test_invalid_lineage_bindings_are_rejected[unknown-target]
FAILED tests/test_result_lineage_schema.py::test_invalid_lineage_bindings_are_rejected[wrong-result]
FAILED tests/test_result_lineage_schema.py::test_invalid_lineage_bindings_are_rejected[too-many]
FAILED tests/test_result_lineage_schema.py::test_historical_revisions_remain_valid_input_without_becoming_current
6 failed in 0.10s
