{
  "change_count": 44,
  "expansion_freeze": {
    "findings": [],
    "localChildPlans": [
      "ladon-authority-safe-release-gate",
      "ladon-capability-readiness-and-external-evaluation",
      "ladon-execution-authority-integrity",
      "ladon-proof-discovery-correctness-repairs",
      "ladon-verified-discovery-loop"
    ],
    "state": "frozen"
  },
  "finding_count": 1,
  "findings": [
    {
      "change_id": "ladon-result-formalization-dossier",
      "detail": "missing automation.json",
      "kind": "missing_automation"
    }
  ],
  "openspec_root": "openspec",
  "packets": [
    {
      "automation_command_count": 20,
      "checked_task_count": 74,
      "child_references": [
        "ladon-authority-safe-release-gate",
        "ladon-capability-readiness-and-external-evaluation",
        "ladon-execution-authority-integrity",
        "ladon-proof-discovery-correctness-repairs",
        "ladon-verified-discovery-loop"
      ],
      "findings": [],
      "has_automation": true,
      "has_delta_spec": true,
      "has_validation_command": true,
      "id": "ladon-authority-safe-verified-discovery-umbrella",
      "inferred_status": "active",
      "metadata_status": null,
      "task_count": 76,
      "unchecked_task_count": 2
    },
    {
      "automation_command_count": 1,
      "checked_task_count": 11,
      "child_references": [],
      "findings": [],
      "has_automation": true,
      "has_delta_spec": true,
      "has_validation_command": true,
      "id": "ladon-binder-aware-proof-difference",
      "inferred_status": "active",
      "metadata_status": null,
      "task_count": 17,
      "unchecked_task_count": 6
    },
    {
      "automation_command_count": 1,
      "checked_task_count": 13,
      "child_references": [],
      "findings": [],
      "has_automation": true,
      "has_delta_spec": true,
      "has_validation_command": true,
      "id": "ladon-coverage-sensitive-consumers-and-constructors",
      "inferred_status": "active",
      "metadata_status": null,
      "task_count": 16,
      "unchecked_task_count": 3
    },
    {
      "automation_command_count": 1,
      "checked_task_count": 0,
      "child_references": [],
      "findings": [],
      "has_automation": true,
      "has_delta_spec": true,
      "has_validation_command": true,
      "id": "ladon-declaration-consumers-and-constructor-coverage",
      "inferred_status": "active",
      "metadata_status": null,
      "task_count": 10,
      "unchecked_task_count": 10
    },
    {
      "automation_command_count": 11,
      "checked_task_count": 12,
      "child_references": [
        "ladon-binder-aware-proof-difference",
        "ladon-coverage-sensitive-consumers-and-constructors",
        "ladon-first-hand-proof-search-baselines",
        "ladon-lineage-query-plan-and-warm-summary",
        "ladon-lineage-storage-budget-and-publication",
        "ladon-proof-search-operational-release",
        "ladon-proof-search-ranking-and-owner-projection",
        "ladon-proofir-query-access-paths",
        "ladon-sqlite-schema-rightsizing-and-accounting"
      ],
      "findings": [],
      "has_automation": true,
      "has_delta_spec": true,
      "has_validation_command": true,
      "id": "ladon-first-hand-proof-search-hardening-umbrella",
      "inferred_status": "active",
      "metadata_status": null,
      "task_count": 17,
      "unchecked_task_count": 5
    },
    {
      "automation_command_count": 1,
      "checked_task_count": 0,
      "child_references": [],
      "findings": [],
      "has_automation": true,
      "has_delta_spec": true,
      "has_validation_command": true,
      "id": "ladon-goal-capture-and-application-probes",
      "inferred_status": "active",
      "metadata_status": null,
      "task_count": 9,
      "unchecked_task_count": 9
    },
    {
      "automation_command_count": 1,
      "checked_task_count": 10,
      "child_references": [],
      "findings": [],
      "has_automation": true,
      "has_delta_spec": true,
      "has_validation_command": true,
      "id": "ladon-large-inventory-scale-contract",
      "inferred_status": "active",
      "metadata_status": null,
      "task_count": 12,
      "unchecked_task_count": 2
    },
    {
      "automation_command_count": 1,
      "checked_task_count": 31,
      "child_references": [
        "ladon-actionable-findings-workflow",
        "ladon-analysis-root-and-scope-contract",
        "ladon-analysis-runsets-and-bundles",
        "ladon-installed-reportset-workflow",
        "ladon-large-inventory-scale-contract",
        "ladon-lean-audit-command-surface",
        "ladon-partial-run-observability",
        "ladon-project-ownership-and-generated-calibration"
      ],
      "findings": [],
      "has_automation": true,
      "has_delta_spec": true,
      "has_validation_command": true,
      "id": "ladon-large-repository-review-loop-umbrella",
      "inferred_status": "active",
      "metadata_status": null,
      "task_count": 34,
      "unchecked_task_count": 3
    },
    {
      "automation_command_count": 10,
      "checked_task_count": 0,
      "child_references": [
        "ladon-declaration-consumers-and-constructor-coverage",
        "ladon-goal-capture-and-application-probes",
        "ladon-lean-proof-search-index-and-scope",
        "ladon-premise-difference-and-adapter-routing",
        "ladon-proof-discovery-cli-contract",
        "ladon-proof-frontier-review-output",
        "ladon-proof-representation-and-scale-awareness",
        "ladon-type-and-semantic-declaration-search"
      ],
      "findings": [],
      "has_automation": true,
      "has_delta_spec": true,
      "has_validation_command": true,
      "id": "ladon-lean-proof-discovery-umbrella",
      "inferred_status": "active",
      "metadata_status": null,
      "task_count": 21,
      "unchecked_task_count": 21
    },
    {
      "automation_command_count": 2,
      "checked_task_count": 10,
      "child_references": [],
      "findings": [],
      "has_automation": true,
      "has_delta_spec": true,
      "has_validation_command": true,
      "id": "ladon-lean-proof-search-index-and-scope",
      "inferred_status": "active",
      "metadata_status": null,
      "task_count": 12,
      "unchecked_task_count": 2
    },
    {
      "automation_command_count": 1,
      "checked_task_count": 16,
      "child_references": [],
      "findings": [],
      "has_automation": true,
      "has_delta_spec": true,
      "has_validation_command": true,
      "id": "ladon-lineage-storage-budget-and-publication",
      "inferred_status": "active",
      "metadata_status": null,
      "task_count": 17,
      "unchecked_task_count": 1
    },
    {
      "automation_command_count": 1,
      "checked_task_count": 0,
      "child_references": [],
      "findings": [],
      "has_automation": true,
      "has_delta_spec": true,
      "has_validation_command": true,
      "id": "ladon-premise-difference-and-adapter-routing",
      "inferred_status": "active",
      "metadata_status": null,
      "task_count": 9,
      "unchecked_task_count": 9
    },
    {
      "automation_command_count": 1,
      "checked_task_count": 0,
      "child_references": [],
      "findings": [],
      "has_automation": true,
      "has_delta_spec": true,
      "has_validation_command": true,
      "id": "ladon-proof-discovery-cli-contract",
      "inferred_status": "active",
      "metadata_status": null,
      "task_count": 8,
      "unchecked_task_count": 8
    },
    {
      "automation_command_count": 1,
      "checked_task_count": 0,
      "child_references": [],
      "findings": [],
      "has_automation": true,
      "has_delta_spec": true,
      "has_validation_command": true,
      "id": "ladon-proof-frontier-review-output",
      "inferred_status": "active",
      "metadata_status": null,
      "task_count": 9,
      "unchecked_task_count": 9
    },
    {
      "automation_command_count": 1,
      "checked_task_count": 0,
      "child_references": [],
      "findings": [],
      "has_automation": true,
      "has_delta_spec": true,
      "has_validation_command": true,
      "id": "ladon-proof-representation-and-scale-awareness",
      "inferred_status": "active",
      "metadata_status": null,
      "task_count": 9,
      "unchecked_task_count": 9
    },
    {
      "automation_command_count": 1,
      "checked_task_count": 8,
      "child_references": [],
      "findings": [],
      "has_automation": true,
      "has_delta_spec": true,
      "has_validation_command": true,
      "id": "ladon-proof-search-operational-release",
      "inferred_status": "active",
      "metadata_status": null,
      "task_count": 20,
      "unchecked_task_count": 12
    },
    {
      "automation_command_count": 1,
      "checked_task_count": 13,
      "child_references": [],
      "findings": [],
      "has_automation": true,
      "has_delta_spec": true,
      "has_validation_command": true,
      "id": "ladon-proof-search-ranking-and-owner-projection",
      "inferred_status": "active",
      "metadata_status": null,
      "task_count": 16,
      "unchecked_task_count": 3
    },
    {
      "automation_command_count": 1,
      "checked_task_count": 0,
      "child_references": [],
      "findings": [],
      "has_automation": true,
      "has_delta_spec": true,
      "has_validation_command": true,
      "id": "ladon-proof-xray-roadmap",
      "inferred_status": "active",
      "metadata_status": null,
      "task_count": 4,
      "unchecked_task_count": 4
    },
    {
      "automation_command_count": 3,
      "checked_task_count": 0,
      "child_references": [],
      "findings": [],
      "has_automation": true,
      "has_delta_spec": true,
      "has_validation_command": true,
      "id": "ladon-proofir-cli-integration-and-calibration",
      "inferred_status": "active",
      "metadata_status": null,
      "task_count": 32,
      "unchecked_task_count": 32
    },
    {
      "automation_command_count": 3,
      "checked_task_count": 0,
      "child_references": [],
      "findings": [],
      "has_automation": true,
      "has_delta_spec": true,
      "has_validation_command": true,
      "id": "ladon-proofir-declaration-lineage-attachments",
      "inferred_status": "active",
      "metadata_status": null,
      "task_count": 27,
      "unchecked_task_count": 27
    },
    {
      "automation_command_count": 3,
      "checked_task_count": 10,
      "child_references": [],
      "findings": [],
      "has_automation": true,
      "has_delta_spec": true,
      "has_validation_command": true,
      "id": "ladon-proofir-evidence-cli-rendering-and-calibration",
      "inferred_status": "active",
      "metadata_status": null,
      "task_count": 29,
      "unchecked_task_count": 19
    },
    {
      "automation_command_count": 7,
      "checked_task_count": 0,
      "child_references": [
        "ladon-proofir-cli-integration-and-calibration",
        "ladon-proofir-db-schema-and-artifact-catalog",
        "ladon-proofir-declaration-lineage-attachments",
        "ladon-proofir-obligation-dag-ingestion-and-queries",
        "ladon-proofir-surface-and-replay-ingestion"
      ],
      "findings": [],
      "has_automation": true,
      "has_delta_spec": true,
      "has_validation_command": true,
      "id": "ladon-proofir-evidence-graph-umbrella",
      "inferred_status": "active",
      "metadata_status": null,
      "task_count": 28,
      "unchecked_task_count": 28
    },
    {
      "automation_command_count": 16,
      "checked_task_count": 21,
      "child_references": [
        "proofir-attachment-and-link-observations",
        "proofir-content-environment-and-subject-identity",
        "proofir-derivation-hypergraph-semantics",
        "proofir-observation-authority-and-coverage-core",
        "proofir-v3-cross-artifact-resolution-and-query-contracts",
        "proofir-v3-declaration-and-application-identity",
        "proofir-v3-freeze-evidence-and-review-packet",
        "proofir-v3-ladon-integration-and-release",
        "proofir-v3-lean-worker-framed-protocol",
        "proofir-v3-native-schema-and-canonicalization",
        "proofir-v3-publication-bounds-and-portability",
        "proofir-v3-rust-reference-core",
        "proofir-v3-sqlite-projection",
        "proofir-v3-typed-schema-and-corpus-hardening"
      ],
      "findings": [],
      "has_automation": true,
      "has_delta_spec": true,
      "has_validation_command": true,
      "id": "ladon-proofir-evidence-semantics-v3-umbrella",
      "inferred_status": "active",
      "metadata_status": null,
      "task_count": 32,
      "unchecked_task_count": 11
    },
    {
      "automation_command_count": 3,
      "checked_task_count": 31,
      "child_references": [],
      "findings": [],
      "has_automation": true,
      "has_delta_spec": true,
      "has_validation_command": true,
      "id": "ladon-proofir-local-integrity-hardening-umbrella",
      "inferred_status": "completed",
      "metadata_status": null,
      "task_count": 31,
      "unchecked_task_count": 0
    },
    {
      "automation_command_count": 3,
      "checked_task_count": 13,
      "child_references": [],
      "findings": [],
      "has_automation": true,
      "has_delta_spec": true,
      "has_validation_command": true,
      "id": "ladon-proofir-negative-evidence-and-coverage",
      "inferred_status": "active",
      "metadata_status": null,
      "task_count": 21,
      "unchecked_task_count": 8
    },
    {
      "automation_command_count": 3,
      "checked_task_count": 8,
      "child_references": [],
      "findings": [],
      "has_automation": true,
      "has_delta_spec": true,
      "has_validation_command": true,
      "id": "ladon-proofir-obligation-dag-ingestion-and-queries",
      "inferred_status": "active",
      "metadata_status": null,
      "task_count": 28,
      "unchecked_task_count": 20
    },
    {
      "automation_command_count": 3,
      "checked_task_count": 17,
      "child_references": [],
      "findings": [],
      "has_automation": true,
      "has_delta_spec": true,
      "has_validation_command": true,
      "id": "ladon-proofir-obligation-route-paths-and-trees",
      "inferred_status": "active",
      "metadata_status": null,
      "task_count": 22,
      "unchecked_task_count": 5
    },
    {
      "automation_command_count": 1,
      "checked_task_count": 14,
      "child_references": [],
      "findings": [],
      "has_automation": true,
      "has_delta_spec": true,
      "has_validation_command": true,
      "id": "ladon-proofir-query-access-paths",
      "inferred_status": "active",
      "metadata_status": null,
      "task_count": 17,
      "unchecked_task_count": 3
    },
    {
      "automation_command_count": 3,
      "checked_task_count": 11,
      "child_references": [],
      "findings": [],
      "has_automation": true,
      "has_delta_spec": true,
      "has_validation_command": true,
      "id": "ladon-proofir-repository-triage-queries",
      "inferred_status": "active",
      "metadata_status": null,
      "task_count": 22,
      "unchecked_task_count": 11
    },
    {
      "automation_command_count": 3,
      "checked_task_count": 10,
      "child_references": [],
      "findings": [],
      "has_automation": true,
      "has_delta_spec": true,
      "has_validation_command": true,
      "id": "ladon-proofir-surface-and-replay-ingestion",
      "inferred_status": "active",
      "metadata_status": null,
      "task_count": 26,
      "unchecked_task_count": 16
    },
    {
      "automation_command_count": 3,
      "checked_task_count": 19,
      "child_references": [],
      "findings": [],
      "has_automation": true,
      "has_delta_spec": true,
      "has_validation_command": true,
      "id": "ladon-proofir-theorem-dossier-query",
      "inferred_status": "active",
      "metadata_status": null,
      "task_count": 26,
      "unchecked_task_count": 7
    },
    {
      "automation_command_count": 7,
      "checked_task_count": 12,
      "child_references": [
        "ladon-proofir-evidence-cli-rendering-and-calibration",
        "ladon-proofir-negative-evidence-and-coverage",
        "ladon-proofir-obligation-route-paths-and-trees",
        "ladon-proofir-repository-triage-queries",
        "ladon-proofir-theorem-dossier-query"
      ],
      "findings": [],
      "has_automation": true,
      "has_delta_spec": true,
      "has_validation_command": true,
      "id": "ladon-proofir-theorem-evidence-dossier-umbrella",
      "inferred_status": "active",
      "metadata_status": null,
      "task_count": 16,
      "unchecked_task_count": 4
    },
    {
      "automation_command_count": 3,
      "checked_task_count": 8,
      "child_references": [],
      "findings": [],
      "has_automation": true,
      "has_delta_spec": true,
      "has_validation_command": true,
      "id": "ladon-result-claim-correspondence",
      "inferred_status": "completed",
      "metadata_status": null,
      "task_count": 8,
      "unchecked_task_count": 0
    },
    {
      "automation_command_count": 0,
      "checked_task_count": 0,
      "child_references": [],
      "findings": [
        {
          "change_id": "ladon-result-formalization-dossier",
          "detail": "missing automation.json",
          "kind": "missing_automation"
        }
      ],
      "has_automation": false,
      "has_delta_spec": true,
      "has_validation_command": false,
      "id": "ladon-result-formalization-dossier",
      "inferred_status": "active",
      "metadata_status": null,
      "task_count": 9,
      "unchecked_task_count": 9
    },
    {
      "automation_command_count": 4,
      "checked_task_count": 11,
      "child_references": [],
      "findings": [],
      "has_automation": true,
      "has_delta_spec": true,
      "has_validation_command": true,
      "id": "ladon-result-understanding-and-release-umbrella",
      "inferred_status": "active",
      "metadata_status": null,
      "task_count": 50,
      "unchecked_task_count": 39
    },
    {
      "automation_command_count": 1,
      "checked_task_count": 2,
      "child_references": [],
      "findings": [],
      "has_automation": true,
      "has_delta_spec": true,
      "has_validation_command": true,
      "id": "ladon-review-radar-semantic-changelog-roadmap",
      "inferred_status": "active",
      "metadata_status": null,
      "task_count": 5,
      "unchecked_task_count": 3
    },
    {
      "automation_command_count": 1,
      "checked_task_count": 0,
      "child_references": [],
      "findings": [],
      "has_automation": true,
      "has_delta_spec": true,
      "has_validation_command": true,
      "id": "ladon-theorem-surface-changelog",
      "inferred_status": "active",
      "metadata_status": null,
      "task_count": 9,
      "unchecked_task_count": 9
    },
    {
      "automation_command_count": 1,
      "checked_task_count": 0,
      "child_references": [],
      "findings": [],
      "has_automation": true,
      "has_delta_spec": true,
      "has_validation_command": true,
      "id": "ladon-type-and-semantic-declaration-search",
      "inferred_status": "active",
      "metadata_status": null,
      "task_count": 9,
      "unchecked_task_count": 9
    },
    {
      "automation_command_count": 1,
      "checked_task_count": 20,
      "child_references": [],
      "findings": [],
      "has_automation": true,
      "has_delta_spec": true,
      "has_validation_command": true,
      "id": "proofir-v3-cross-artifact-resolution-and-query-contracts",
      "inferred_status": "active",
      "metadata_status": null,
      "task_count": 21,
      "unchecked_task_count": 1
    },
    {
      "automation_command_count": 1,
      "checked_task_count": 14,
      "child_references": [],
      "findings": [],
      "has_automation": true,
      "has_delta_spec": true,
      "has_validation_command": true,
      "id": "proofir-v3-declaration-and-application-identity",
      "inferred_status": "active",
      "metadata_status": null,
      "task_count": 16,
      "unchecked_task_count": 2
    },
    {
      "automation_command_count": 1,
      "checked_task_count": 4,
      "child_references": [],
      "findings": [],
      "has_automation": true,
      "has_delta_spec": true,
      "has_validation_command": true,
      "id": "proofir-v3-freeze-evidence-and-review-packet",
      "inferred_status": "active",
      "metadata_status": null,
      "task_count": 18,
      "unchecked_task_count": 14
    },
    {
      "automation_command_count": 1,
      "checked_task_count": 9,
      "child_references": [],
      "findings": [],
      "has_automation": true,
      "has_delta_spec": true,
      "has_validation_command": true,
      "id": "proofir-v3-lean-worker-framed-protocol",
      "inferred_status": "active",
      "metadata_status": null,
      "task_count": 17,
      "unchecked_task_count": 8
    },
    {
      "automation_command_count": 1,
      "checked_task_count": 8,
      "child_references": [],
      "findings": [],
      "has_automation": true,
      "has_delta_spec": true,
      "has_validation_command": true,
      "id": "proofir-v3-publication-bounds-and-portability",
      "inferred_status": "active",
      "metadata_status": null,
      "task_count": 17,
      "unchecked_task_count": 9
    },
    {
      "automation_command_count": 1,
      "checked_task_count": 2,
      "child_references": [],
      "findings": [],
      "has_automation": true,
      "has_delta_spec": true,
      "has_validation_command": true,
      "id": "proofir-v3-rust-reference-core",
      "inferred_status": "active",
      "metadata_status": null,
      "task_count": 13,
      "unchecked_task_count": 11
    }
  ]
}
