{
  "captureResult": null,
  "diagnostic": {
    "code": "diagnostic-source-mismatch",
    "message": "--source does not match the diagnostic's selected file"
  },
  "operation": "capture-diagnostic-goal",
  "queryEvidence": {
    "diagnostic": null,
    "evidenceBasis": "caller-supplied-compiler-text",
    "inputDigest": "sha256:48639fb731c51d5c2af0ca5f4fd00f8779be16ed3d903824c6c312e468ef226a",
    "recordCount": 1,
    "schema": "ladon-compiler-goal-query-v1",
    "selected": {
      "actualType": "Prop",
      "column": 28,
      "expectedType": "Nat",
      "expression": "True",
      "file": "Mismatch.lean",
      "line": 3,
      "ordinal": 0
    },
    "status": "parsed"
  },
  "schema": "ladon-source-goal-query-result-v1",
  "status": "unavailable"
}
