CLAIMS
lem:calibration \begin{lemma}[Calibration]\label{lem:calibration}
For each finite admissible horizon, both profiles are continuous and
nonincreasing in $v\geq0$. Their feasible sets are nonempty and their minima
are attained. At a positive minimum the profile equals $\delta$.
At full batch the two calibrated variances agree at a positive value
$v_{\mathrm{FB}}$ independent of $E$. Writing $a=\Delta/\sqrt{v_{\mathrm{FB}}}$,
\begin{equation}\label{eq:gaussian-calibration}
 \delta=G_\varepsilon(a):=
 \Phi\!\left(\frac a2-\frac\varepsilon a\right)
 -e^\varepsilon\Phi\!\left(-\frac a2-\frac\varepsilon a\right),\qquad
 G_\varepsilon'(a)=\phi(a/2-\varepsilon/a)>0.
\end{equation}
\end{lemma}
thm:rate-adaptive-pointwise \begin{theorem}[Finite-horizon comparison]\label{thm:rate-adaptive-pointwise}
Let $T>E>0$ be integers, $\Delta>0$, $\varepsilon>0$, and $0<\delta<1$.
If $a=\Delta/\sqrt{v_{\mathrm{FB}}}$ satisfies
$a^2\leq\Lambda_{E,T}\varepsilon$, then
\[
 v_{\mathrm{FB}}<\overline v_{E,T}\leq v_{E,T},\qquad
 V_E(E,S)=\overline V_E(E,S)<\overline V_E(T,S)\leq V_E(T,S)
 \quad(S\geq0).
\]
\end{theorem}
cor:fixed-epoch-all-horizon \begin{corollary}[All finite horizons]\label{cor:fixed-epoch-all-horizon}
Fix $E\in\N_{>0}$, $\Delta>0$, $\varepsilon>0$, and $0<\delta<1$.
If $a=\Delta/\sqrt{v_{\mathrm{FB}}}$ satisfies
\begin{equation}\label{eq:epoch-uniform-condition}
 a^2\leq\Lambda_E\varepsilon,\qquad \Lambda_E=\frac{6E}{3E+2},
\end{equation}
then for every integer $T>E$,
\[
 v_{\mathrm{FB}}<\overline v_{E,T}\leq v_{E,T},
\]
and, simultaneously for every $S\geq0$,
\[
 V_E(E,S)=\overline V_E(E,S)<\overline V_E(T,S)\leq V_E(T,S).
\]
\end{corollary}
thm:strict-interior-counterexample \begin{theorem}[An adjacent smaller batch can win]\label{thm:strict-interior-counterexample}
For $\Delta=1$, $E=2$, $\varepsilon=1/4$, and $\delta=3/4$, write
$v_T=v_{2,T}$. Then
\[
 v_3\leq\frac5{32}<\frac4{25}<v_2,
 \qquad
 V_2(3,S)<V_2(2,S)\quad\text{for }0\leq S\leq\frac9{400}.
\]
The same strict total-variance comparison holds for average-only calibration.
\end{theorem}
thm:smallbatch \begin{theorem}[Sparse transcript calibration]\label{thm:smallbatch}
Fix $E\in\N_{>0}$, $\Delta>0$, $\varepsilon\geq0$, and
\begin{equation}\label{eq:interior}
 0<\delta<1-e^{-E}.
\end{equation}
Then, along integer horizons,
\[
 \frac\Delta{\sigma_{E,T}}-\sqrt{2\log T}
 \longrightarrow s_{E,\delta}:=
 \Phi^{-1}\!\left(-\frac{\log(1-\delta)}E\right).
\]
Consequently,
\begin{align}
 \sigma_{E,T}&\sim\frac\Delta{\sqrt{2\log T}}\longrightarrow0,
 \label{eq:sigmaasymptotic}\\
 v_{E,T}&\sim\frac{\Delta^2T}{2E^2\log T}\longrightarrow\infty,
 \label{eq:privacydivergence}\\
 V_E(T,S)&\sim v_{E,T}\qquad\text{for each fixed }S\geq0.
 \label{eq:total-equivalent}
\end{align}
\end{theorem}
cor:eventual \begin{corollary}[One cutoff for all energies]\label{cor:eventual}
Under the hypotheses of Theorem~\ref{thm:smallbatch}, some integer $T_0>E$
satisfies $V_E(E,S)<V_E(T,S)$ for every $T\geq T_0$ and every $S\geq0$.
\end{corollary}
prop:average-uniform-bound \begin{proposition}[Average-only calibration stays bounded]\label{prop:average-uniform-bound}
For integers $T\geq E>0$, $\Delta>0$, $\varepsilon\geq0$, and $0<\delta<1$,
\[
 \overline v_{E,T}\leq\frac{\Delta^2}{2\pi\delta^2},\qquad
 \overline V_E(T,S)\leq\frac SE+\frac{\Delta^2}{2\pi\delta^2}\quad(S\geq0).
\]
\end{proposition}
thm:rate-adaptive-center \begin{theorem}[The binomial center comparison]\label{thm:rate-adaptive-center}
Let $T>E>0$ be integers and $h>0$. Then
$\Gamma_{E,T}(\theta,h)>0$ under the following conditions:
\begin{equation}\label{eq:rate-adaptive-center-condition}
 \begin{array}{c|c}
 T>2E & \theta\geq c_{E,T}:=(1-2E/T)/3,\\
 T=2E & \theta>0,\\
 E<T<2E & \theta\geq0.
 \end{array}
\end{equation}
At $T=2E$ and $\theta=0$, the gap is zero.
\end{theorem}
lem:binomial-propagation \begin{lemma}[Propagation of positivity]\label{lem:binomial-propagation}
Fix $h>0$ and $0\leq\theta_1<\theta_2$. If
$\Gamma_{E,T}(\theta_1,h)\geq0$, then
$\Gamma_{E,T}(\theta_2,h)>0$.
\end{lemma}
lem:binomial-stein-polynomial \begin{lemma}[A binomial telescoping identity]\label{lem:binomial-stein-polynomial}
Put $C=T-E$. For any real $R$, define
\[
 A_R(z)=R^2-2Er-3c^2+z-z^2.
\]
Then for every $z\in\R$,
\begin{equation}\label{eq:binomial-cubic-stein-polynomial}
 \begin{split}
 &(z-c)\{R^2-(z-c)^2\}+c(R^2-c^2)\\
 &\hspace{2em}=r(E+z)A_R(z)-p(C-z)A_R(z+1).
 \end{split}
\end{equation}
\end{lemma}
lem:binomial-double-cumulative \begin{lemma}[Nonnegativity of the hinge transform]
\label{lem:binomial-double-cumulative}
If $T>2E$, then $J(t)\geq0$ for every $t\geq0$, and
$J((1-c)^2)>0$.
\end{lemma}
lem:binomial-reflected-zero \begin{lemma}[The zero-center sign]\label{lem:binomial-reflected-zero}
For $h>0$, the gap $\Gamma_{E,T}(0,h)$ is negative when $T>2E$, zero when
$T=2E$, and positive when $E<T<2E$.
\end{lemma}
lem:strict-average-endpoint \begin{lemma}[Improving the threshold at half rate]\label{lem:strict-average-endpoint}
Let $E\in\N_{>0}$, $a>0$, and $K\sim\operatorname{Binomial}(2E,1/2)$.
Let $Q=\Normal(0,1)$, and let $P$ be the mixture whose conditional law
given $K=k$ is $\Normal(ak/E,1)$. With $\varepsilon=a^2/2$,
\[
 H_{e^\varepsilon}(P, Q)
 >\frac12-e^\varepsilon\overline\Phi(a).
\]
\end{lemma}
thm:accountant-limit \begin{theorem}[The fixed-participation profile limit]\label{thm:accountant-limit}
Let $\rho>0$, $\Delta>0$, and $\varepsilon\geq0$. Suppose
$q_T\in[0,1]$, $Tq_T\to\rho$, $\sigma_T>0$ eventually, and
\[
 \frac{\Delta}{\sigma_T}-\sqrt{2\log T}\longrightarrow s\in\R.
\]
Then
\[
 \AO_S(\sigma_T,\Delta,q_T,T,\varepsilon)
 \longrightarrow1-\exp\{-\rho\Phi(s)\}.
\]
\end{theorem}
thm:fixed-participation-calibration \begin{theorem}[Fixed-participation calibration]
\label{thm:fixed-participation-calibration}
Let $\rho>0$, $\Delta>0$, $\varepsilon\geq0$, and
$0<\delta<1-e^{-\rho}$. Suppose $q_T\in[0,1]$ and $Tq_T\to\rho$, and define
\[
 \sigma_T^{\mathrm{cal}}:=\inf\left\{\sigma\geq0:
 \AO_S(\sigma,\Delta,q_T,T,\varepsilon)\leq\delta\right\}.
\]
Then $\sigma_T^{\mathrm{cal}}>0$ eventually, and
\[
 \frac{\Delta}{\sigma_T^{\mathrm{cal}}}-\sqrt{2\log T}
 \longrightarrow s_{\rho,\delta}:=
 \Phi^{-1}\!\left(-\frac{\log(1-\delta)}\rho\right).
\]
For the capped exact-budget schedule $q_T=\min\{1,\rho/T\}$, it follows that
\[
 \frac{\sigma_T^{\mathrm{cal}}\sqrt{2\log(1/q_T)}}\Delta\longrightarrow1.
\]
\end{theore
TARGETS
fullbatch Mf.DP.poissonFixedEpochPrivacyVariance_fullBatch_eq_base_sq Mf/DP/PoissonFixedEpochVariance.lean sha256:7df2853825f9c7728607de78d1fda0eb1ae46a675350dcf07065f623c83188ca
point-privacy Mf.DP.poissonFixedEpochCalibratedPrivacyVariance_gt_fullBatch_of_exactCriticalSignalSquareCondition Mf/DP/PoissonFixedEpochPointwiseDominanceDomain.lean sha256:88db8d26189787583e57c4fbd881671d3068ca74cec72cd8ae6cda3610e92d43
point-total Mf.DP.poissonFixedEpochTotalAverageVariance_fullBatch_lt_of_exactCriticalSignalSquareCondition Mf/DP/PoissonFixedEpochPointwiseDominanceDomain.lean sha256:88db8d26189787583e57c4fbd881671d3068ca74cec72cd8ae6cda3610e92d43
uniform-privacy Mf.DP.poissonFixedEpochCalibratedPrivacyVariance_gt_fullBatch_of_epochUniformSignal Mf/DP/PoissonFixedEpochEpochUniformDomain.lean sha256:bf8bcc8d4715f3947932f6cf715645cafc6a1f3a16d2b39d7fe9a0766c4d13b5
uniform-total Mf.DP.poissonFixedEpochTotalAverageVariance_fullBatch_lt_allEnergy_of_epochUniformSignal Mf/DP/PoissonFixedEpochEpochUniformDomain.lean sha256:bf8bcc8d4715f3947932f6cf715645cafc6a1f3a16d2b39d7fe9a0766c4d13b5
reversal-upper Mf.DP.strictInterior_calibratedPrivacyVariance_le_five_thirty_seconds Mf/DP/PoissonFixedEpochStrictInteriorCounterexample.lean sha256:387069bd0b1358b5e404ac0fa3e0bc5af469cc23425c35932d36294e501972cc
reversal-lower Mf.DP.PoissonFixedEpochFullBatchFourTwentyFifthsBracket.four_twenty_fifths_lt_calibrated_sq Mf/DP/PoissonFixedEpochFullBatchFourTwentyFifthsBracket.lean sha256:9b2de149a9f7a6fd3de5e869d7347ce2c111e550e568e65c82a16fdfa45f86ce
reversal-total Mf.DP.strictInterior_totalVariance_lt_fullBatch_of_energy_le_nine_four_hundred Mf/DP/PoissonFixedEpochStrictInteriorCounterexample.lean sha256:387069bd0b1358b5e404ac0fa3e0bc5af469cc23425c35932d36294e501972cc
raw-ratio Mf.DP.tendsto_poissonFixedEpochCalibratedStddev_smallRate_ratio_one Mf/DP/PoissonFixedEpochAsymptotics.lean sha256:436ca6b8d6e121a8f398977adbb91f5e3c45dc03e8d8279d88e11b052f737471
raw-zero Mf.DP.tendsto_poissonFixedEpochCalibratedStddev_zero Mf/DP/PoissonFixedEpochAsymptotics.lean sha256:436ca6b8d6e121a8f398977adbb91f5e3c45dc03e8d8279d88e11b052f737471
variance-ratio Mf.DP.tendsto_poissonFixedEpochPrivacyVariance_div_leadingTerm_one Mf/DP/PoissonFixedEpochAsymptotics.lean sha256:436ca6b8d6e121a8f398977adbb91f5e3c45dc03e8d8279d88e11b052f737471
variance-infinity Mf.DP.tendsto_poissonFixedEpochPrivacyVariance_atTop Mf/DP/PoissonFixedEpochAsymptotics.lean sha256:436ca6b8d6e121a8f398977adbb91f5e3c45dc03e8d8279d88e11b052f737471
total-ratio Mf.DP.tendsto_poissonFixedEpochTotalAverageVariance_div_leadingTerm_one Mf/DP/PoissonFixedEpochAsymptotics.lean sha256:436ca6b8d6e121a8f398977adbb91f5e3c45dc03e8d8279d88e11b052f737471
uniform-eventual Mf.DP.eventually_poissonFixedEpoch_fullBatch_lt_totalAverageVariance_uniform_energy Mf/DP/PoissonFixedEpochAsymptotics.lean sha256:436ca6b8d6e121a8f398977adbb91f5e3c45dc03e8d8279d88e11b052f737471
center-positive Mf.DP.fixedEpochCenterGap_pos_of_centerDominanceCondition Mf/DP/PoissonFixedEpochCenterCriterion.lean sha256:49eb89379f1fbec548478966597a5d523938ba58a735dcb7863a685100b8d9bc
center-zero Mf.DP.fixedEpochCenterGap_eq_zero_of_horizon_eq_two_epoch_zero_center Mf/DP/PoissonFixedEpochCenterCriterion.lean sha256:49eb89379f1fbec548478966597a5d523938ba58a735dcb7863a685100b8d9bc
propagation Mf.DP.fixedEpochCenterGap_pos_of_boundary_nonneg Mf/DP/PoissonFixedEpochCenterGapPropagation.lean sha256:7c8705d47510f00dab5076c09172b9748c07622d8381a49f09fa7adfdadc97c0
polynomial Mf.DP.binomialSkewBoundary_boundarySteinPolynomial_identity Mf/DP/PoissonFixedEpochBinomialSkewBoundary.lean sha256:8e78ca9846b6f614ac3fbac802fc8ed7cd1bfb7329d7faed0dfed216469528b9
hinge-nonnegative Mf.DP.binomialSkewBoundary_boundaryDoubleCumulative_nonneg Mf/DP/PoissonFixedEpochBoundaryDoubleCumulative.lean sha256:28069941382e5544fe697582567eb1c2ec83707b8337b7adf93456a95989d0c2
hinge-positive Mf.DP.FixedEpochBoundarySignedLaplace.boundaryDoubleCumulative_firstPositiveKnot_pos Mf/DP/PoissonFixedEpochBoundarySignedLaplace.lean sha256:7dc78cb19fb8d13f5448c66e16e2e5757acb70ec755ccfe73201eccc1871e4d4
zero-low Mf.DP.fixedMeanZeroCenterGap_neg_of_epoch_lt_complement Mf/DP/PoissonFixedEpochReflectedZeroCenter.lean sha256:bb3762a51d8a0384bfdce74583b0f0574cc28c394965008b0ba3ac7849289e5f
zero-high Mf.DP.fixedMeanZeroCenterGap_pos_of_complement_lt_epoch Mf/DP/PoissonFixedEpochReflectedZeroCenter.lean sha256:bb3762a51d8a0384bfdce74583b0f0574cc28c394965008b0ba3ac7849289e5f
profile-limit Mf.DP.tendsto_sampledGaussianProductProfileStddev_finiteOffset Mf/DP/FixedParticipationGaussianAccounting.lean sha256:c2da34b048b1c5b37180a9e4da3cc6b62d89182628fa9b45e5eb773cd10b133d
offset-limit Mf.DP.tendsto_fixedParticipationCalibratedStddev_offset Mf/DP/FixedParticipationGaussianCalibrationAsymptotics.lean sha256:0f23d72d33f81e123aad9e260cbeb294724451923aabd5cb467b9ea628df76c8
capped-ratio Mf.DP.tendsto_cappedFixedParticipationCalibratedStddev_smallRate_ratio_one Mf/DP/FixedParticipationGaussianCalibrationAsymptotics.lean sha256:0f23d72d33f81e123aad9e260cbeb294724451923aabd5cb467b9ea628df76c8
REVIEWS
