import Mf.DP.PoissonFixedEpochTraceSignalInterpolation
import Mf.Probability.StandardGaussianTailBounds
import Mathlib.Analysis.Convex.Slope

/-!
# Fixed-center propagation for finite Poisson-participation traces

For a fixed positive Gaussian signal scale, this module studies the gap
between the exact finite participation-count average and its value at the
deterministic mean.  An exponential tilt controls the center derivative.
Strict convexity of that tilt, its strict deficit at zero, and the vanishing
right-center limit show that a nonnegative gap at one nonnegative boundary
propagates to a strict gap at every larger center.
-/

open Filter Set
open scoped BigOperators Topology

noncomputable section

set_option autoImplicit false

namespace Mf.DP

/-- Fixed-`h` center gap for the exact finite participation trace. -/
def fixedEpochCenterGap
    (point : PoissonFixedEpochPoint) (h theta : ℝ) : ℝ :=
  ∑ trace : ParticipationTrace point.horizon,
      poissonTraceProb (point.samplingRate : ℝ) trace *
        stdNormalCDFReal
          (h * ((participationCount trace : ℝ) - point.epoch - theta)) -
    stdNormalCDFReal (-h * theta)

/-- Exponential tilt controlling the sign of the center derivative. -/
def fixedEpochCenterTilt
    (point : PoissonFixedEpochPoint) (h theta : ℝ) : ℝ :=
  ∑ trace : ParticipationTrace point.horizon,
    poissonTraceProb (point.samplingRate : ℝ) trace *
      Real.exp
        ((h ^ 2 * ((participationCount trace : ℝ) - point.epoch)) * theta -
          h ^ 2 * ((participationCount trace : ℝ) - point.epoch) ^ 2 / 2)

def fixedEpochCenterTiltDerivative
    (point : PoissonFixedEpochPoint) (h theta : ℝ) : ℝ :=
  ∑ trace : ParticipationTrace point.horizon,
    poissonTraceProb (point.samplingRate : ℝ) trace *
      (h ^ 2 * ((participationCount trace : ℝ) - point.epoch)) *
      Real.exp
        ((h ^ 2 * ((participationCount trace : ℝ) - point.epoch)) * theta -
          h ^ 2 * ((participationCount trace : ℝ) - point.epoch) ^ 2 / 2)

def fixedEpochCenterTiltSecond
    (point : PoissonFixedEpochPoint) (h theta : ℝ) : ℝ :=
  ∑ trace : ParticipationTrace point.horizon,
    poissonTraceProb (point.samplingRate : ℝ) trace *
      (h ^ 2 * ((participationCount trace : ℝ) - point.epoch)) ^ 2 *
      Real.exp
        ((h ^ 2 * ((participationCount trace : ℝ) - point.epoch)) * theta -
          h ^ 2 * ((participationCount trace : ℝ) - point.epoch) ^ 2 / 2)

/-- Exact finite differentiation of the center gap. -/
theorem hasDerivAt_fixedEpochCenterGap
    (point : PoissonFixedEpochPoint) (h theta : ℝ) :
    HasDerivAt (fixedEpochCenterGap point h)
      (h * stdNormalPdfReal (h * theta) *
        (1 - fixedEpochCenterTilt point h theta)) theta := by
  have hSum : HasDerivAt
      (fun current : ℝ =>
        ∑ trace : ParticipationTrace point.horizon,
          poissonTraceProb (point.samplingRate : ℝ) trace *
            stdNormalCDFReal
              (h * ((participationCount trace : ℝ) - point.epoch - current)))
      (∑ trace : ParticipationTrace point.horizon,
        poissonTraceProb (point.samplingRate : ℝ) trace *
          (-h * stdNormalPdfReal
            (h * ((participationCount trace : ℝ) - point.epoch - theta)))) theta := by
    apply HasDerivAt.fun_sum
    intro trace _htrace
    have hArgument : HasDerivAt
        (fun current : ℝ =>
          h * ((participationCount trace : ℝ) - point.epoch - current))
        (-h) theta := by
      have hRaw := ((hasDerivAt_const theta
        ((participationCount trace : ℝ) - point.epoch)).sub
          (hasDerivAt_id' theta)).const_mul h
      convert hRaw using 1
      all_goals first | rfl | ring
    have hCdf := (hasDerivAt_stdNormalCDFReal
      (h * ((participationCount trace : ℝ) - point.epoch - theta))).comp
        theta hArgument
    have hWeighted := hCdf.const_mul
      (poissonTraceProb (point.samplingRate : ℝ) trace)
    convert hWeighted using 1
    all_goals first | rfl | ring
  have hBase : HasDerivAt (fun current : ℝ => stdNormalCDFReal (-h * current))
      (-h * stdNormalPdfReal (h * theta)) theta := by
    have hArgument : HasDerivAt (fun current : ℝ => -h * current) (-h) theta := by
      convert (hasDerivAt_id' theta).const_mul (-h) using 1
      all_goals first | rfl | ring
    have hCdf := (hasDerivAt_stdNormalCDFReal (-h * theta)).comp theta hArgument
    convert hCdf using 1
    all_goals first | rfl | (rw [show -h * theta = -(h * theta) by ring,
      stdNormalPdfReal_neg]; ring)
  have hRaw := hSum.sub hBase
  have hFunction : fixedEpochCenterGap point h =
      (fun current : ℝ =>
        ∑ trace : ParticipationTrace point.horizon,
          poissonTraceProb (point.samplingRate : ℝ) trace *
            stdNormalCDFReal
              (h * ((participationCount trace : ℝ) - point.epoch - current))) -
        fun current : ℝ => stdNormalCDFReal (-h * current) := by
    rfl
  rw [hFunction]
  have hSumFactor : (∑ trace : ParticipationTrace point.horizon,
      poissonTraceProb (point.samplingRate : ℝ) trace *
        (-h * stdNormalPdfReal
          (h * ((participationCount trace : ℝ) - point.epoch - theta)))) =
    -h * stdNormalPdfReal (h * theta) *
      fixedEpochCenterTilt point h theta := by
      unfold fixedEpochCenterTilt
      rw [Finset.mul_sum]
      apply Finset.sum_congr rfl
      intro trace _
      rw [show
        h * ((participationCount trace : ℝ) - point.epoch - theta) =
          -(h * theta) + h *
            ((participationCount trace : ℝ) - point.epoch) by ring]
      rw [stdNormalPdfReal_displacement_factor]
      rw [show
        h * theta *
              (h * ((participationCount trace : ℝ) - point.epoch)) -
            (h * ((participationCount trace : ℝ) - point.epoch)) ^ 2 / 2 =
          (h ^ 2 * ((participationCount trace : ℝ) - point.epoch)) * theta -
            h ^ 2 * ((participationCount trace : ℝ) - point.epoch) ^ 2 / 2 by ring]
      ring
  rw [hSumFactor] at hRaw
  have hDerivative :
      -h * stdNormalPdfReal (h * theta) * fixedEpochCenterTilt point h theta -
          -h * stdNormalPdfReal (h * theta) =
        h * stdNormalPdfReal (h * theta) *
          (1 - fixedEpochCenterTilt point h theta) := by
    ring
  rw [hDerivative] at hRaw
  exact hRaw

/-- First derivative of the exponential tilt. -/
theorem hasDerivAt_fixedEpochCenterTilt
    (point : PoissonFixedEpochPoint) (h theta : ℝ) :
    HasDerivAt (fixedEpochCenterTilt point h)
      (fixedEpochCenterTiltDerivative point h theta) theta := by
  unfold fixedEpochCenterTilt
  unfold fixedEpochCenterTiltDerivative
  apply HasDerivAt.fun_sum
  intro trace _htrace
  have hArg : HasDerivAt
      (fun current : ℝ =>
        (h ^ 2 * ((participationCount trace : ℝ) - point.epoch)) * current -
          h ^ 2 * ((participationCount trace : ℝ) - point.epoch) ^ 2 / 2)
      (h ^ 2 * ((participationCount trace : ℝ) - point.epoch)) theta := by
    have hRaw := ((hasDerivAt_id' theta).const_mul
      (h ^ 2 * ((participationCount trace : ℝ) - point.epoch))).sub_const
        (h ^ 2 * ((participationCount trace : ℝ) - point.epoch) ^ 2 / 2)
    simpa only [mul_one] using hRaw
  have hExp := (Real.hasDerivAt_exp _).comp theta hArg
  have hWeighted := hExp.const_mul
    (poissonTraceProb (point.samplingRate : ℝ) trace)
  convert hWeighted using 1
  all_goals first | rfl | ring

/-- Second derivative of the exponential tilt. -/
theorem hasDerivAt_fixedEpochCenterTiltDerivative
    (point : PoissonFixedEpochPoint) (h theta : ℝ) :
    HasDerivAt (fixedEpochCenterTiltDerivative point h)
      (fixedEpochCenterTiltSecond point h theta) theta := by
  unfold fixedEpochCenterTiltDerivative fixedEpochCenterTiltSecond
  apply HasDerivAt.fun_sum
  intro trace _htrace
  let coefficient : ℝ :=
    h ^ 2 * ((participationCount trace : ℝ) - point.epoch)
  let offset : ℝ :=
    h ^ 2 * ((participationCount trace : ℝ) - point.epoch) ^ 2 / 2
  have hArgument : HasDerivAt
      (fun current : ℝ => coefficient * current - offset) coefficient theta := by
    simpa only [mul_one] using
      ((hasDerivAt_id' theta).const_mul coefficient).sub_const offset
  have hExp := (Real.hasDerivAt_exp _).comp theta hArgument
  have hWeighted := (hExp.const_mul coefficient).const_mul
    (poissonTraceProb (point.samplingRate : ℝ) trace)
  dsimp [coefficient, offset] at hWeighted ⊢
  convert hWeighted using 1
  all_goals first | rfl | ring

/-- Every non-full fixed-epoch trace has a strictly convex center tilt. -/
theorem fixedEpochCenterTiltSecond_pos
    (point : PoissonFixedEpochPoint) (h theta : ℝ)
    (hNonFull : point.epoch < point.horizon) (hh : 0 < h) :
    0 < fixedEpochCenterTiltSecond point h theta := by
  unfold fixedEpochCenterTiltSecond
  rw [Finset.sum_pos_iff_of_nonneg]
  · refine ⟨trueTrace point.horizon, Finset.mem_univ _, ?_⟩
    have hRatePos : 0 < (point.samplingRate : ℝ) := by
      exact_mod_cast point.samplingRate_pos
    have hTrueWeight : 0 < poissonTraceProb (point.samplingRate : ℝ)
        (trueTrace point.horizon) := by
      unfold poissonTraceProb trueTrace
      apply Finset.prod_pos
      intro i _
      simp only [↓reduceIte, NNReal.coe_pos]
      exact hRatePos
    rw [participationCount_trueTrace]
    have hCentered : 0 < (point.horizon : ℝ) - point.epoch := by
      apply sub_pos.mpr
      exact_mod_cast hNonFull
    positivity
  · intro trace _
    have hRateNonneg : 0 ≤ (point.samplingRate : ℝ) := by positivity
    have hRateUpper : (point.samplingRate : ℝ) ≤ 1 := by
      exact_mod_cast point.samplingRate_le_one
    exact mul_nonneg
      (mul_nonneg (poissonTraceProb_nonneg hRateNonneg hRateUpper trace)
