{"externalDependencies":[{"id":"lean-replay-environment","kind":"lean-toolchain-and-imports","reason":"The Lean 4.33.0 compiler and imported compiled dependencies are not bundled; replay is not run."}],"identifiers":[],"inventory":[{"bytes":54260,"id":"manifest","path":"manifest.json","role":"manifest","sha256":"sha256:45e04dddaf25249127753a57a0cc31c626b33778486b351da321fcc0afc998ee"},{"bytes":16834,"id":"artifact-03a8994a57f94849e16f7eb0ecba52a4cd6698860b26356d26efe2ed16efe3e7","path":"assets/00000.json","role":"artifact","sha256":"sha256:a5fa86e2d4649f7f649b834a3dc986d95fbfb86b7390a010d3e06e7f4cff5c6a"},{"bytes":13777,"id":"artifact-04686211b4da481150232bddc311db0d1d2576c81a1f2e85e543bafe901f2780","path":"assets/00001.json","role":"artifact","sha256":"sha256:9351de27098a9351f26c1253845953758b825239163ba26e8003fd7bc5e4e92a"},{"bytes":14307,"id":"artifact-0545cff5f4fdf75254280cf7f4859c73e5e13770fc7d75de8172a61644969d60","path":"assets/00002.json","role":"artifact","sha256":"sha256:bf0b36ded682b9b51f3585503b88e12a007570c8c947c3f42dc4e5da80e196f4"},{"bytes":40013,"id":"artifact-0593ed905d7cc580e3d182b55786fdf4b4a7d49383c60a4af24c196130687ebd","path":"assets/00003.json","role":"artifact","sha256":"sha256:0138a572bf59d44cfabc6dcb8563f31d56253d54a260afe533e45d56fcb1be57"},{"bytes":46759,"id":"artifact-0836480e6b42cc0efea81bc5d2da0fdf6a2f4009d160125a176529cfc8b79208","path":"assets/00004.json","role":"artifact","sha256":"sha256:514a007b440236bb6830a2289cd06eef38f6774664de21dfc9d3f75b8528e659"},{"bytes":17136,"id":"artifact-0a786d75cef94ebdc356a28b1fe64e6e21b20a2f902eed99490d686570e18a9f","path":"assets/00005.json","role":"artifact","sha256":"sha256:e0550d8f46298495980a6a1c7e916860ffcea1cd65dd2d4af5a2a49ea8004a2f"},{"bytes":7929,"id":"artifact-0c16e86fc96dc24d3c415f13e692818438bf9c810d1feaaec428d0a4f9942dcc","path":"assets/00006.json","role":"artifact","sha256":"sha256:32a2dfb6ffeab8ad0b488852c4c1706dfa00dd2dec160f1c76bdeca6ebf840fa"},{"bytes":23642,"id":"artifact-1571e8c67c754164d78c370ff9d886ad6b4a83a081b2cb8566dd684454849f22","path":"assets/00007.json","role":"artifact","sha256":"sha256:4bd59d03aee2f02f0e7e25ba8ab5e98f7021d4881b66cc7de89197387d172ce7"},{"bytes":17017,"id":"artifact-18dea925fb29bd449ee7cde2d6fd5154857501b17890316af3d886ebe7653dbf","path":"assets/00008.json","role":"artifact","sha256":"sha256:321346e1fa3f067447be6770fa6cce5ecc74b511ca347c81672c09b60c93b164"},{"bytes":44716,"id":"artifact-1e5f125e34f7e0443b64c0c9d8eb237691505cb8f9d40ad58df4e62698aaaf5b","path":"assets/00009.json","role":"artifact","sha256":"sha256:468096dce2ad5a20cbf4da563fa103a3d20aeadeb97d832d6c000a52cf56f582"},{"bytes":42963,"id":"artifact-1f196d304bf170b6fdfe464bd184b8f9e303bad598a4e8e3015646f56fe4ada6","path":"assets/00010.json","role":"artifact","sha256":"sha256:7ae6bd4e89697fff9ffa5ac17a2bfc2b904020a944e9f40706a74090f9b17053"},{"bytes":34543,"id":"artifact-239ee7fae685e59c1cf340b6e6134487dcb9c4eaca126f9316480a55b9d3be2f","path":"assets/00011.json","role":"artifact","sha256":"sha256:ee30460ee934256b3a8a14aa0a2558c7f2e278b488cdcce3f5e729c88d0be6ff"},{"bytes":204214,"id":"artifact-243aa68e424ff0361b2eccccc0b0bbe8cfa8772563d6a16e0015d47d928de3cd","path":"assets/00012.json","role":"artifact","sha256":"sha256:d29634939547f562e4519cb59bce354e0fd06f4c35b7d41c38ae64cb1cfc7f58"},{"bytes":44861,"id":"artifact-248414b318e639481c5984b158751e33a447ca23f5be989c778649124565aee5","path":"assets/00013.json","role":"artifact","sha256":"sha256:8af96c9ec84e01e1ece8fbaf2de442d6db0fb8c1c21161068a449574547ca655"},{"bytes":7803,"id":"artifact-264d956d8d6d3f05a5f9ce47fd7bc28d4b3608bff18d1b4106c7dc1decd4ae0e","path":"assets/00014.json","role":"artifact","sha256":"sha256:c355e42498af23ed5346eddc40ef1539c546c72b203ea3f167d9af28b34ac53b"},{"bytes":1418274,"id":"artifact-27054d2c7f82184fdf5010383cea09692272f798dc7b73d61addd57cf3c2425d","path":"assets/00015.json","role":"artifact","sha256":"sha256:c8fac8339a94b66bfe37495d2d78e398c6106b86f646e09126837b454a6aa058"},{"bytes":34957,"id":"artifact-29ef2949681060f67bdfe8cae11d85f92e789c34f506facbb682f46dc29abeb3","path":"assets/00016.json","role":"artifact","sha256":"sha256:3470b09f71ba13e1057385e8b8d07de3c2d82e2d398103f6399de16909dc50e7"},{"bytes":15342,"id":"artifact-2c468ac5cc206e6585f44436cb75f25e45b860079cc8341ee8e312fd257f4910","path":"assets/00017.json","role":"artifact","sha256":"sha256:aa11d792312b6068405cbcc972af85454a918acc13f15333844536c9cef3a4a3"},{"bytes":17168,"id":"artifact-2d32f67b1b10600740bad26ceddbd986a17f2c90da8a422f2df5053a144c2c0e","path":"assets/00018.json","role":"artifact","sha256":"sha256:0a2df5ca18424e0e6372467efec0544874a859b4c9557ca63fc08ef36882dc67"},{"bytes":14992,"id":"artifact-30144daaf8b98ed62332d42fadd98776629a5189d7d9710663eb6a6e09e742a0","path":"assets/00019.json","role":"artifact","sha256":"sha256:35147ac0189fb46df3cc4b2cc7876071e4f5a605f8f8d77595e85fed50279af8"},{"bytes":1412523,"id":"artifact-328e6d35d9cd929d9ec670557d27b539dbcab800a8482207171c73451d3bd473","path":"assets/00020.json","role":"artifact","sha256":"sha256:974161fe5ad46cc0753178b5fe4c1edbc9ef442d22dd61e404eff22e5f4985df"},{"bytes":31077,"id":"artifact-333620683225bde92dda5ac3cec1df423e70d8d7045e89378d80280c593f5ddf","path":"assets/00021.json","role":"artifact","sha256":"sha256:e5059c6beb13ae1392f78d2fd4fef175c7fe341cd0ac4915d34f161e95e3a9db"},{"bytes":75430,"id":"artifact-33dc2904a6190b009eba9b0c0b4c0cfe525686ecdb73eb81d4b32a9160c42183","path":"assets/00022.json","role":"artifact","sha256":"sha256:546794c3cb7e01705dfd7d4a54e8ea8b4d1590a305477a0a2dd293e1bd419302"},{"bytes":14022,"id":"artifact-36cc45cb06c9c08526065accaadbc7be3de8a6947e6b9e4b9f2e58a3acb30d48","path":"assets/00023.json","role":"artifact","sha256":"sha256:98afb81300c6795a6de00e9548d179193368448ea4cf634f0d8bade4fc58878f"},{"bytes":31641,"id":"artifact-3d6846b06613848f95debc02725a5415911850b81fb958cb5ffd2d22569d182a","path":"assets/00024.json","role":"artifact","sha256":"sha256:b9e7686248d75dc84623756d1c89c24c3291a36c5dad70de7e4df8184e5c8c77"},{"bytes":1417177,"id":"artifact-3f5c33b8e2dc4120bda55ad2e24d86d469f9b732775745e3b44b6ca0db2a1302","path":"assets/00025.json","role":"artifact","sha256":"sha256:999f501c813250866c521d0cdd7fe9883587bf365668da58cf7fa308cc38f76a"},{"bytes":10104,"id":"artifact-4327831df4eec304d303a35d056e2b1e21c2d7df2c742f5e70d0d1c90c625548","path":"assets/00026.json","role":"artifact","sha256":"sha256:054f4586e54d7fedd66c50e58518fe3521c5674b526776e10087326060f19db2"},{"bytes":20429,"id":"artifact-4422ed130b790ded6343c676cc42ef91a50aec3ed91ed94869b3e4635186fb9e","path":"assets/00027.json","role":"artifact","sha256":"sha256:2d6d43ea985382369db5267e9fd1f62dfb7af2df33a8e164a48cd86e8fc55308"},{"bytes":13926,"id":"artifact-4c1a114873bb2018146bb1b6b9c7f40a5d059ebdb294f55d0c34ac3359b78aae","path":"assets/00028.json","role":"artifact","sha256":"sha256:0c7a650b880b363b434486e050e528e8e8d3dd16177b21220df6f2094f503109"},{"bytes":17252,"id":"artifact-53e0b4f5687117a974f85198dcbd57478d90bd0ed3aa5716d4f525e9c688d807","path":"assets/00029.json","role":"artifact","sha256":"sha256:ac949022e2b649ebf9a734c10a29e14251379b2999b5294d469b544bd69582f3"},{"bytes":29212,"id":"artifact-5b8d28fd0b4699e2eb8939b3a0a86e1a5d384398d945b550841829b81ea1aa22","path":"assets/00030.json","role":"artifact","sha256":"sha256:352b291fc501f21cd95d7cbb4e07e0e6f6d113a9a2177151401cbe0b0ae9ee2b"},{"bytes":1417618,"id":"artifact-5d1994077aea031f4cc141a775bf920af287a82965e91aa094a8b7ff91dd6b46","path":"assets/00031.json","role":"artifact","sha256":"sha256:392ff728bfd545fdc1fdbeead06cca9eb3c412000677d86f0827a6ab60ce63a1"},{"bytes":15303,"id":"artifact-5db707c0228121fb16152b56284458565038f7ca90de6a3ad5b09fb90f4b44dd","path":"assets/00032.json","role":"artifact","sha256":"sha256:7133b32e838bd581a25e9ee5cd2ac81f4fb882991b8ff4baa3119fb2f0aeea3e"},{"bytes":17111,"id":"artifact-62f81b4dd22f27f4a0731d68f40e421a0ab6f76338d4c6c2a46d74c8b1114c1a","path":"assets/00033.json","role":"artifact","sha256":"sha256:4f436c0b2fb8843f40ec54c7406512a89a18e923697cb7d46383715c3b32d60c"},{"bytes":65454,"id":"artifact-639d3f225e2e6eea141e261efe55a81cf2f45b842dc8eae6bcb1962fbe9ab234","path":"assets/00034.json","role":"artifact","sha256":"sha256:6a33c02ac537f1873a4d41c9c3b8c37a7662aed6f1088f012324af53da504160"},{"bytes":47719,"id":"artifact-65e7128bf6649d9891f01227fb74cd867156c7a2b7a4f54dc199064ca9588a12","path":"assets/00035.json","role":"artifact","sha256":"sha256:b4a95bf21bae16eec9c4c226fb39e3dc2d2affc3fd0c49ca871145cd0ef7b6f6"},{"bytes":40744,"id":"artifact-6605dc3a325e80b0a17f65bd68907cbccee144ce687cebc9ce077d3204ee48e3","path":"assets/00036.json","role":"artifact","sha256":"sha256:26ce80d320e94f64a3ab8f0c54bc13afa923073b0334bb132125d00b4b694a2b"},{"bytes":42202,"id":"artifact-66ef1d091ef36116c878af261b6a5fbe48a09b774e080998eb2f3d8bc5179205","path":"assets/00037.json","role":"artifact","sha256":"sha256:9e46a9501260a83060e99799f84094abbb0bc3899f3b98a04b5d7adabfd4e88b"},{"bytes":47098,"id":"artifact-68c5a16505547db2729caf0ed190de742b8efcf169db87b4b2b7e52f61bf79bc","path":"assets/00038.json","role":"artifact","sha256":"sha256:a9f387e14ef3788f3ad76b4adec953ab4730b10e47613162a2a84256b73e7848"},{"bytes":32472,"id":"artifact-6ec449f8a4484f99067b86f9cca1bd4a4fa51bfc1b34ca9bd531eda6be83519f","path":"assets/00039.json","role":"artifact","sha256":"sha256:8a3966472492b7beafc8fd554fff0d0ac35c2c4529dd41ecbd7f24ed99f3b2a8"},{"bytes":38634,"id":"artifact-6f71505248513ed60438b599e228d70cc37fdccc082c25bf26df6eab0a56e075","path":"assets/00040.json","role":"artifact","sha256":"sha256:8245fb2e348fdeca503c1fb04b3b0110e395a610ea2376a4514ded871601ef4a"},{"bytes":46742,"id":"artifact-6ffa2717ab2724c7c208d7fb4a09e95ce296df42db071b6ee04e30e79adee198","path":"assets/00041.json","role":"artifact","sha256":"sha256:1d449a2326c066f9562fe25d962643122e5afe1268ef7247109638571c439201"},{"bytes":1427696,"id":"artifact-71fb8e658216e855cd585c806f7ac063e2c69c51bcce77449b621825f60366de","path":"assets/00042.json","role":"artifact","sha256":"sha256:efd84984c6938903d4201aca1e94b961fcd51a93c3f6b8dd6f51c599a250c4f8"},{"bytes":1414064,"id":"artifact-722d915f05fc0fe8843ab18f3d856e93f7c2fb2f07df2a628410aa1c9a962576","path":"assets/00043.json","role":"artifact","sha256":"sha256:44e9d691226f284cbf5d2f38939f1a1c919db2aef2aae3e16251f3ab94837904"},{"bytes":1412154,"id":"artifact-75fa54e452153b8c96eb0c53171599a3cf708f877222f0f869052d909dee68ba","path":"assets/00044.json","role":"artifact","sha256":"sha256:43691e0a37452f5e3c3869bb23f4ff4e2f5f60351177e4a50d4aedc399ace8a8"},{"bytes":34619,"id":"artifact-777ecec1a2dde4902f8956f4a4a7969bf1c51d446bc7826e3e70f0e4a610a11d","path":"assets/00045.json","role":"artifact","sha256":"sha256:4ac21bbd6444faeba33cc71818224d33ca55609055e9ddf9bb35e8daec426759"},{"bytes":19313,"id":"artifact-7bca433991e11c5c5b420118cda44d425a6f87414ab1c8c08916d7761ac7bcc6","path":"assets/00046.json","role":"artifact","sha256":"sha256:771590afa9f482c2d3acd1cf5707750065d58feb8fa69172e8a2643b95ca33ad"},{"bytes":36861,"id":"artifact-7f443992e8e667a6ff6c515cc18289bd757dd7e71d6e3c0735d9a20282b68b61","path":"assets/00047.json","role":"artifact","sha256":"sha256:96d85b977d3f8e46636b13b8c2d4506146ae3998c1b539d41897d2f5ca9ae88a"},{"bytes":35324,"id":"artifact-83745365615b98df8751056f6c91e27df2fcaf0971a42d6fdfd0c5ed2ad3725d","path":"assets/00048.json","role":"artifact","sha256":"sha256:be51316564151c665320d5f8c6826b87fde10a5e893f5709048cc31358988423"},{"bytes":38499,"id":"artifact-89b1c86aac62066f609411b5971803689de16c40566dda2a11f9766603893363","path":"assets/00049.json","role":"artifact","sha256":"sha256:d005d7a7a32da359d6a37b6eb9a11fca5387908cecf2f847459fb831119d1db6"},{"bytes":13051,"id":"artifact-8a88cfef4396d2285e0866f5650f7c45c82017c00aae366133d482797dbf2724","path":"assets/00050.json","role":"artifact","sha256":"sha256:8ac9fee4e226884006113068d205726d255596e2b1738e830ac81ae0caa15623"},{"bytes":73854,"id":"artifact-923848afd8b46fb998e6299d4e4357b4409947a855845e784f04dce9be5be512","path":"assets/00051.json","role":"artifact","sha256":"sha256:8abfedb184231b1999ad3821d42038a03baed7e6ecb746f02b3d85f07d77b00c"},{"bytes":1425582,"id":"artifact-93bb08804284ddba5289d15fc3873e45f986625c089f8aa4871667c1f0ffd614","path":"assets/00052.json","role":"artifact","sha256":"sha256:a0126c23b5a40ccd5aa701d2735a3446f7a807301e9e8db7c5f195562569ae87"},{"bytes":22047,"id":"artifact-945a7ca4973cc5926e7df3112dd5f5665023bfa2b35fd784e6889228d99cdd14","path":"assets/00053.json","role":"artifact","sha256":"sha256:c5bfda1cb29e4b772eea50098ada2bace5e7df3ad25eba1fea00dd67ae6bf8ac"},{"bytes":1412010,"id":"artifact-95d530c27003871c9e8d68391393fe8f0860208a1c75f5136dc22e7a9b2ae308","path":"assets/00054.json","role":"artifact","sha256":"sha256:e7ee35b884f80e0e66ea474d0f8ac414e9c26e91d6cb6a9767c15e5869b46f3e"},{"bytes":36759,"id":"artifact-971f6930979395695826d617d8b98866e40f9e9e39bcbb3817baefb87bb1a860","path":"assets/00055.json","role":"artifact","sha256":"sha256:bfdc541632de15c6f63c9fde06a299d9e216616647b04cada869acc931d5a192"},{"bytes":42702,"id":"artifact-972ca8baa529dc45955a1e201e8b01149aa07fcf2c641aabb66b8e108fdd26a8","path":"assets/00056.json","role":"artifact","sha256":"sha256:4f8f030e1ddb25d503e8ac1e47b706fae3d1a7868cfaf19cd399ed91038b2d84"},{"bytes":26178,"id":"artifact-9ad4efd851c9ba7ab61b12da82baf337ffb9cefa319c76036eeea0002071dcf9","path":"assets/00057.json","role":"artifact","sha256":"sha256:88c0c510219a2b1acddf8d7b3db7f121fe67cac083f4a39d7a67afd4b8f15c17"},{"bytes":7597,"id":"artifact-a181046f66dfcaefbe645c668a8c9a7a78db0ac907d00756946b87e09ef41761","path":"assets/00058.json","role":"artifact","sha256":"sha256:21a602aefaca1862430e8f1ecbb7026aa6affe0cef6796aaaa4aa368f193496a"},{"bytes":15853,"id":"artifact-b16b67be9ad4a4a052eebf13260972ea534cda419d06138762122c56699ddfe7","path":"assets/00059.json","role":"artifact","sha256":"sha256:988e010d3d7760cfb039977717a14da67aaeed087c4dcd0ea8f2c54583176900"},{"bytes":17909,"id":"artifact-b22ddc29897a73ec336f0af602a3ca801169cdbb0ccf14c2e305d8eea9833072","path":"assets/00060.json","role":"artifact","sha256":"sha256:f7df6118efc087c1caa26b9f68749295a21319a4ef7d3be4dfb242b103bbb9ac"},{"bytes":36832,"id":"artifact-b5fe8eaf99153eef3c5d67811676ea66bd26fb89e3a8c4eee01d1fcef84632bb","path":"assets/00061.json","role":"artifact","sha256":"sha256:05dd6be5976324a88f970fdcdb4fbfe93f9ca4e8db68152389e1fb96acdca26a"},{"bytes":41803,"id":"artifact-b816389da82c4b84a95a487f40b5b8916eab90daa8139e82ef4e5cee181e2569","path":"assets/00062.json","role":"artifact","sha256":"sha256:54dd8f84f16f0352ecc9b0c325af942c4075808d666e9b1bd3f133c25c0fdded"},{"bytes":17092,"id":"artifact-bae21344f1eb5595fdd6e95f04ee9021753f47d26f0cdcfe7297620d7ab439c8","path":"assets/00063.json","role":"artifact","sha256":"sha256:9f163033426a1f7df2aaf9e2a51ca96a7036677f84c145404ae5d047b89240d2"},{"bytes":20648,"id":"artifact-c91c35f97361214ed291c379e34838d67442a92d6e4652e770bbc60f02d335cd","path":"assets/00064.json","role":"artifact","sha256":"sha256:2d71c3781037b1bc1122823f425d1196e4b461a27211b200e3da8cb665c66cc3"},{"bytes":51580,"id":"artifact-ca58e4df14e70a8083ab87a161acf02722f80b341e77fd4d17caa3e8af314574","path":"assets/00065.json","role":"artifact","sha256":"sha256:f62dbef974e09893dcc2de9f9ec9c80dfec73739fa7886bad09df92464bcafd1"},{"bytes":35168,"id":"artifact-cb4daab10e479b49aeaa1393c6a93e45dba90d4ccfae2f207a4a673eb23a1028","path":"assets/00066.json","role":"artifact","sha256":"sha256:354a1256e442f4ceb172e01c919d833d33727c810927d13cdfef15603c4a823b"},{"bytes":16591,"id":"artifact-cbae0f6aa089e3b369be71aa1e82b460ae1de2234394ca63e9bf457217cbe9fc","path":"assets/00067.json","role":"artifact","sha256":"sha256:8550622a3d8caf88f30d64671a909c913c1eb9445d0db387d90062d3589e4850"},{"bytes":20134,"id":"artifact-cbd6a6dd885d122c9a7c5a621895e3df0039f774a2f36ec32214fb3d5a01feeb","path":"assets/00068.json","role":"artifact","sha256":"sha256:7a57296c3b03e8ab31ac420487efdfa85cfde9387457a66066bebf739d09762e"},{"bytes":203950,"id":"artifact-d2bb8f0486ed53ce2ab07dce4875185adff56a464b8d0baab41b5f47bb01053d","path":"assets/00069.json","role":"artifact","sha256":"sha256:9d08f3979ee0b2e984db0b02de7652b1c5ec13bf05497a0622623b041cc580f5"},{"bytes":43698,"id":"artifact-d44c05760e7d03b1327d70bb6c84707ad077e516810ce25b88421a93c0664960","path":"assets/00070.json","role":"artifact","sha256":"sha256:0ef3c106b29a5c008c79aeb3d08c47b4ac1f0bd07644651795d959da76415ef7"},{"bytes":15644,"id":"artifact-d53505dea2e485e4273fcf26db6be55488835092dcaac52e30f7b5d453f9635b","path":"assets/00071.json","role":"artifact","sha256":"sha256:ef096ea8b484d55136e2e0765caef1dec6b12899701e4d65c85b0552ee7bb898"},{"bytes":27974,"id":"artifact-d978d0148ff6be3f93c46930b49ac2ef801cbc288aefe2c4da1974c02adc837a","path":"assets/00072.json","role":"artifact","sha256":"sha256:b4aab6489a7c96521c653673833cfa3b6b8be49d837c68673cb549f5b9dee761"},{"bytes":23979,"id":"artifact-dad47cb01963618a70e9b53b683689b19b660181fb3f197f4ac2bc99eee601b9","path":"assets/00073.json","role":"artifact","sha256":"sha256:376f053bdf695323d99b32873cf059161f32b7828dafe50d188a39e14edaac9f"},{"bytes":1418540,"id":"artifact-db22e832a046abae6b480c76ab0e321ca04f56b7fe47726328b0b3b85030a991","path":"assets/00074.json","role":"artifact","sha256":"sha256:1c6354eff261593d9ceeb7465a36f5c9b68014270939205688f5711d6ab942f3"},{"bytes":13733,"id":"artifact-db26c7522e2a376039de2a8f8fd541070029d2cacd1f453f8a5b564295b8f616","path":"assets/00075.json","role":"artifact","sha256":"sha256:4232017f7d485f74f0e1e6312fdac78def445b502bb4ee0e983470d94f23106a"},{"bytes":23983,"id":"artifact-ddd8dc0b0fda58a5431db08700eb6efeef07125a3aae3e956ad59d6e8937983b","path":"assets/00076.json","role":"artifact","sha256":"sha256:5d8bbc06cb23ec5f41d64298ede56603a77d09c2b04600565be7d4d9496d1b9e"},{"bytes":17475,"id":"artifact-e1bd34ca5de7dd40d91d04a56917d7f934371ac163efc958719ac574876dee54","path":"assets/00077.json","role":"artifact","sha256":"sha256:6aea723b709935077fca6212ccc8d80db5815fdad81eb8a9f8c337e6ab61d367"},{"bytes":1415168,"id":"artifact-e2e34d6f6e4f1416398ada288adc8732cc657426b0b0304487361d5d7b8346e4","path":"assets/00078.json","role":"artifact","sha256":"sha256:83c0353308aea6b91d259aec44296aa00d61e1a81f1502baadc3106cc8734d8f"},{"bytes":52223,"id":"artifact-e53eb7794088e28388e7352447955959f5f2a11f4b7c5915148d03a2f1bcce0d","path":"assets/00079.json","role":"artifact","sha256":"sha256:dc45e84691372ecb83b091e2bd37f893005e00eb8fec798f30be2b74b34ddf76"},{"bytes":7817,"id":"artifact-e6381e56080ccd4aee294fb8d2d6a1f335d2ecce64fa79baa0c6436b675323a6","path":"assets/00080.json","role":"artifact","sha256":"sha256:d6cd306b91ee55621151e45bd6e2ec7094ee3b2b23d51f3561adfe27333a90e6"},{"bytes":1417975,"id":"artifact-e94fc32555650ef7ee60828ef53c93f789cf30883b43ee1a2c20fb7e878ace1a","path":"assets/00081.json","role":"artifact","sha256":"sha256:23fd473305a61bc35f529c0fcc28136069e122a643676baff6875ddea04f40f6"},{"bytes":207005,"id":"artifact-eb1f59e9b9fbe5e66167e0f9e05f67434139c9085666775874f83dcea6e61164","path":"assets/00082.json","role":"artifact","sha256":"sha256:545b50a2f1c68172c7f151d3982c9ff15dc1d777ec0243018c66d06ddf528d46"},{"bytes":1425427,"id":"artifact-ebd5056c2f24e82c93a880221b9929dcae824397325e74820bcb2cd5fb5d954d","path":"assets/00083.json","role":"artifact","sha256":"sha256:7a5ff61e6654a7fd95f318a34d4bf0ccb012c4b9149f2567f1cbd17d6b43dab2"},{"bytes":31869,"id":"artifact-f03319e55adc261bff26514a0cc9506dfa9881ef5784a118d25bcaddf170c155","path":"assets/00084.json","role":"artifact","sha256":"sha256:f95667627016c27f5e966272de4d8abbccd06c3c7db85296bf87b731e12d8f36"},{"bytes":7424,"id":"artifact-f1396ad0a2774baaeab3dcf8ddf1f8af6f2786c115602d63081618c64b7d94f9","path":"assets/00085.json","role":"artifact","sha256":"sha256:bf65051a154add6c43e144434fc2c7a639e19909ffa1be96bd07e68300389309"},{"bytes":17538,"id":"artifact-f4dcc3f6e4ff3800567a66d1c32b7147dc9d11497c783b7371f731fb1be1775d","path":"assets/00086.json","role":"artifact","sha256":"sha256:ea287a9d0e48c60a3b029154e802971f5203246adafba6bf977c604439fb97dd"},{"bytes":17606,"id":"artifact-fe9a9b7948b4a201606fce2e3bd053a1dec63edf5f1f7f8964fdd6dcd6bc4437","path":"assets/00087.json","role":"artifact","sha256":"sha256:725c0b9ff600fbe5f01c7e276c027844a8952ef5e2737f2c51da79d80c0fad6c"},{"bytes":1412834,"id":"artifact-fee30436720f90b0f8bc8a5d995d7a89a2607e2078d48ac51500ebee61e5ea17","path":"assets/00088.json","role":"artifact","sha256":"sha256:1b3a003e3b55988663ea3f7e7af1c048a7f473842b61979878be2bcc6172bce0"},{"bytes":26892,"id":"component-assessments","path":"assets/00089.json","role":"assessments","sha256":"sha256:25b390c01ac66605b656c2f01b61bafd16752bd36de4d8e477041ebcd2c4d51d"},{"bytes":23203,"id":"component-assessments-source","path":"assets/00090.bin","role":"attachment","sha256":"sha256:58530882c214bcaf0a339523ac0af6e20a22802e0e20ce987cf30f96389e8e55"},{"bytes":61701,"id":"exposition-tex","path":"assets/00091.bin","role":"attachment","sha256":"sha256:d3b6b9dceb8dc3465120abbc6c89133ad5f754eb13c4918d3a10e8cc9d28f583"},{"bytes":21748,"id":"field-guide","path":"assets/00092.json","role":"guide","sha256":"sha256:892de4d427c295ea8d1949e6d6f46a7ff7a39399258cbd777a3fa3802478855b"},{"bytes":1047,"id":"field-lineage-inputs","path":"assets/00093.json","role":"lineage","sha256":"sha256:2a1543df0e1dd89fdf9e4e366582cb00dd95e9bf69bd60e6bcb76ddfb63be75b"},{"bytes":27336704,"id":"selected-lineage-store","path":"assets/00094.sqlite3","role":"lineage-database","sha256":"sha256:a5bd7425a140296327bf1c9c66fe01a9a4230725343274cd934953d48eb101ea"}],"lineageBindings":[{"databaseId":"selected-lineage-store","entryId":"prior-lineage-r06"}],"manifest":"manifest.json","omissions":[],"profile":"core-v1","resultId":"poisson-fixed-epoch-exposition-20261003-r02","revision":"sha256:872c241d73ea74763320085ad53169636f67a92bfe18de9e24309ce9e7e2bac3","schema":"ladon-result-bundle-v1","supplier":{"identity":"Ladon qualitative reader fixture r49; retained r48 selection plus explicitly included assessment companion and its source","kind":"tool"}}{
  "schema": "ladon-result-manifest-v1",
  "resultId": "poisson-fixed-epoch-exposition-20261003-r02",
  "title": "Fixed-participation finite and sparse comparison: exact printed claims",
  "claimInventory": {
    "scope": "Every theorem, lemma, proposition and corollary environment in the final TeX, with components distinguishing transcript statements, conventional average-only extensions and translations. Does not inventory every equation, definition or proof step. Links carry the existing model-attributed source correspondence; exact stored target resolution does not establish informal equivalence.",
    "coverage": "complete"
  },
  "claims": [
    {
      "id": "lem:calibration",
      "statement": "\\begin{lemma}[Calibration]\\label{lem:calibration}\nFor each finite admissible horizon, both profiles are continuous and\nnonincreasing in $v\\geq0$. Their feasible sets are nonempty and their minima\nare attained. At a positive minimum the profile equals $\\delta$.\nAt full batch the two calibrated variances agree at a positive value\n$v_{\\mathrm{FB}}$ independent of $E$. Writing $a=\\Delta/\\sqrt{v_{\\mathrm{FB}}}$,\n\\begin{equation}\\label{eq:gaussian-calibration}\n \\delta=G_\\varepsilon(a):=\n \\Phi\\!\\left(\\frac a2-\\frac\\varepsilon a\\right)\n -e^\\varepsilon\\Phi\\!\\left(-\\frac a2-\\frac\\varepsilon a\\right),\\qquad\n G_\\varepsilon'(a)=\\phi(a/2-\\varepsilon/a)>0.\n\\end{equation}\n\\end{lemma}",
      "document": {
        "locator": "latex/natural-language/poisson_fixed_epoch_large_batch_optimality_exposition.tex#lem:calibration",
        "digest": "sha256:d3b6b9dceb8dc3465120abbc6c89133ad5f754eb13c4918d3a10e8cc9d28f583"
      },
      "components": [
        "finite-properties",
        "fullbatch",
        "gaussian-and-average"
      ],
      "revision": "sha256:13b61b0fcfaa45b01572aa7643711e7ce8ff724346c26e73bb8377867b31ddc5"
    },
    {
      "id": "thm:rate-adaptive-pointwise",
      "statement": "\\begin{theorem}[Finite-horizon comparison]\\label{thm:rate-adaptive-pointwise}\nLet $T>E>0$ be integers, $\\Delta>0$, $\\varepsilon>0$, and $0<\\delta<1$.\nIf $a=\\Delta/\\sqrt{v_{\\mathrm{FB}}}$ satisfies\n$a^2\\leq\\Lambda_{E,T}\\varepsilon$, then\n\\[\n v_{\\mathrm{FB}}<\\overline v_{E,T}\\leq v_{E,T},\\qquad\n V_E(E,S)=\\overline V_E(E,S)<\\overline V_E(T,S)\\leq V_E(T,S)\n \\quad(S\\geq0).\n\\]\n\\end{theorem}",
      "document": {
        "locator": "latex/natural-language/poisson_fixed_epoch_large_batch_optimality_exposition.tex#thm:rate-adaptive-pointwise",
        "digest": "sha256:d3b6b9dceb8dc3465120abbc6c89133ad5f754eb13c4918d3a10e8cc9d28f583"
      },
      "components": [
        "transcript",
        "closed-symmetric",
        "average"
      ],
      "revision": "sha256:6983fd980402da76a16369679ae90faa0a462a01d51181873f158e269ba8042a"
    },
    {
      "id": "cor:fixed-epoch-all-horizon",
      "statement": "\\begin{corollary}[All finite horizons]\\label{cor:fixed-epoch-all-horizon}\nFix $E\\in\\N_{>0}$, $\\Delta>0$, $\\varepsilon>0$, and $0<\\delta<1$.\nIf $a=\\Delta/\\sqrt{v_{\\mathrm{FB}}}$ satisfies\n\\begin{equation}\\label{eq:epoch-uniform-condition}\n a^2\\leq\\Lambda_E\\varepsilon,\\qquad \\Lambda_E=\\frac{6E}{3E+2},\n\\end{equation}\nthen for every integer $T>E$,\n\\[\n v_{\\mathrm{FB}}<\\overline v_{E,T}\\leq v_{E,T},\n\\]\nand, simultaneously for every $S\\geq0$,\n\\[\n V_E(E,S)=\\overline V_E(E,S)<\\overline V_E(T,S)\\leq V_E(T,S).\n\\]\n\\end{corollary}",
      "document": {
        "locator": "latex/natural-language/poisson_fixed_epoch_large_batch_optimality_exposition.tex#cor:fixed-epoch-all-horizon",
        "digest": "sha256:d3b6b9dceb8dc3465120abbc6c89133ad5f754eb13c4918d3a10e8cc9d28f583"
      },
      "components": [
        "transcript",
        "average"
      ],
      "revision": "sha256:0108f8bad055aabc20a15fde2fed178bec5d26a78e097a8113a6d68967beea83"
    },
    {
      "id": "thm:strict-interior-counterexample",
      "statement": "\\begin{theorem}[An adjacent smaller batch can win]\\label{thm:strict-interior-counterexample}\nFor $\\Delta=1$, $E=2$, $\\varepsilon=1/4$, and $\\delta=3/4$, write\n$v_T=v_{2,T}$. Then\n\\[\n v_3\\leq\\frac5{32}<\\frac4{25}<v_2,\n \\qquad\n V_2(3,S)<V_2(2,S)\\quad\\text{for }0\\leq S\\leq\\frac9{400}.\n\\]\nThe same strict total-variance comparison holds for average-only calibration.\n\\end{theorem}",
      "document": {
        "locator": "latex/natural-language/poisson_fixed_epoch_large_batch_optimality_exposition.tex#thm:strict-interior-counterexample",
        "digest": "sha256:d3b6b9dceb8dc3465120abbc6c89133ad5f754eb13c4918d3a10e8cc9d28f583"
      },
      "components": [
        "transcript",
        "average"
      ],
      "revision": "sha256:636c1150f4da72acb9f277996c4c41540d68c084dec5f7ed60943e53072b1d8b"
    },
    {
      "id": "thm:smallbatch",
      "statement": "\\begin{theorem}[Sparse transcript calibration]\\label{thm:smallbatch}\nFix $E\\in\\N_{>0}$, $\\Delta>0$, $\\varepsilon\\geq0$, and\n\\begin{equation}\\label{eq:interior}\n 0<\\delta<1-e^{-E}.\n\\end{equation}\nThen, along integer horizons,\n\\[\n \\frac\\Delta{\\sigma_{E,T}}-\\sqrt{2\\log T}\n \\longrightarrow s_{E,\\delta}:=\n \\Phi^{-1}\\!\\left(-\\frac{\\log(1-\\delta)}E\\right).\n\\]\nConsequently,\n\\begin{align}\n \\sigma_{E,T}&\\sim\\frac\\Delta{\\sqrt{2\\log T}}\\longrightarrow0,\n \\label{eq:sigmaasymptotic}\\\\\n v_{E,T}&\\sim\\frac{\\Delta^2T}{2E^2\\log T}\\longrightarrow\\infty,\n \\label{eq:privacydivergence}\\\\\n V_E(T,S)&\\sim v_{E,T}\\qquad\\text{for each fixed }S\\geq0.\n \\label{eq:total-equivalent}\n\\end{align}\n\\end{theorem}",
      "document": {
        "locator": "latex/natural-language/poisson_fixed_epoch_large_batch_optimality_exposition.tex#thm:smallbatch",
        "digest": "sha256:d3b6b9dceb8dc3465120abbc6c89133ad5f754eb13c4918d3a10e8cc9d28f583"
      },
      "components": [
        "offset",
        "leading"
      ],
      "revision": "sha256:bf37f1efcf293770fba61f4b50f99a8a32d5f0425b9db71bb59e3c760afb9ec0"
    },
    {
      "id": "cor:eventual",
      "statement": "\\begin{corollary}[One cutoff for all energies]\\label{cor:eventual}\nUnder the hypotheses of Theorem~\\ref{thm:smallbatch}, some integer $T_0>E$\nsatisfies $V_E(E,S)<V_E(T,S)$ for every $T\\geq T_0$ and every $S\\geq0$.\n\\end{corollary}",
      "document": {
        "locator": "latex/natural-language/poisson_fixed_epoch_large_batch_optimality_exposition.tex#cor:eventual",
        "digest": "sha256:d3b6b9dceb8dc3465120abbc6c89133ad5f754eb13c4918d3a10e8cc9d28f583"
      },
      "components": [
        "uniform"
      ],
      "revision": "sha256:02f2bb6625d667b7dfca660d192372461093817fd1043929ee8cafc091e082e3"
    },
    {
      "id": "prop:average-uniform-bound",
      "statement": "\\begin{proposition}[Average-only calibration stays bounded]\\label{prop:average-uniform-bound}\nFor integers $T\\geq E>0$, $\\Delta>0$, $\\varepsilon\\geq0$, and $0<\\delta<1$,\n\\[\n \\overline v_{E,T}\\leq\\frac{\\Delta^2}{2\\pi\\delta^2},\\qquad\n \\overline V_E(T,S)\\leq\\frac SE+\\frac{\\Delta^2}{2\\pi\\delta^2}\\quad(S\\geq0).\n\\]\n\\end{proposition}",
      "document": {
        "locator": "latex/natural-language/poisson_fixed_epoch_large_batch_optimality_exposition.tex#prop:average-uniform-bound",
        "digest": "sha256:d3b6b9dceb8dc3465120abbc6c89133ad5f754eb13c4918d3a10e8cc9d28f583"
      },
      "components": [
        "bound"
      ],
      "revision": "sha256:98adfc1f05587ac23d55fa2bf1c0f1ee6c92d060f48da7fe21e2cb76381d8fe5"
    },
    {
      "id": "thm:rate-adaptive-center",
      "statement": "\\begin{theorem}[The binomial center comparison]\\label{thm:rate-adaptive-center}\nLet $T>E>0$ be integers and $h>0$. Then\n$\\Gamma_{E,T}(\\theta,h)>0$ under the following conditions:\n\\begin{equation}\\label{eq:rate-adaptive-center-condition}\n \\begin{array}{c|c}\n T>2E & \\theta\\geq c_{E,T}:=(1-2E/T)/3,\\\\\n T=2E & \\theta>0,\\\\\n E<T<2E & \\theta\\geq0.\n \\end{array}\n\\end{equation}\nAt $T=2E$ and $\\theta=0$, the gap is zero.\n\\end{theorem}",
      "document": {
        "locator": "latex/natural-language/poisson_fixed_epoch_large_batch_optimality_exposition.tex#thm:rate-adaptive-center",
        "digest": "sha256:d3b6b9dceb8dc3465120abbc6c89133ad5f754eb13c4918d3a10e8cc9d28f583"
      },
      "components": [
        "positive",
        "zero"
      ],
      "revision": "sha256:5ec94143a489a958a3ff42a4e23ff1db84712481f7f73c79fe7f84f17294fd47"
    },
    {
      "id": "lem:binomial-propagation",
      "statement": "\\begin{lemma}[Propagation of positivity]\\label{lem:binomial-propagation}\nFix $h>0$ and $0\\leq\\theta_1<\\theta_2$. If\n$\\Gamma_{E,T}(\\theta_1,h)\\geq0$, then\n$\\Gamma_{E,T}(\\theta_2,h)>0$.\n\\end{lemma}",
      "document": {
        "locator": "latex/natural-language/poisson_fixed_epoch_large_batch_optimality_exposition.tex#lem:binomial-propagation",
        "digest": "sha256:d3b6b9dceb8dc3465120abbc6c89133ad5f754eb13c4918d3a10e8cc9d28f583"
      },
      "components": [
        "propagation"
      ],
      "revision": "sha256:b3cf99cfd36ca744273387be6f9ad774877318e0722087c00299943dc1ca3b18"
    },
    {
      "id": "lem:binomial-stein-polynomial",
      "statement": "\\begin{lemma}[A binomial telescoping identity]\\label{lem:binomial-stein-polynomial}\nPut $C=T-E$. For any real $R$, define\n\\[\n A_R(z)=R^2-2Er-3c^2+z-z^2.\n\\]\nThen for every $z\\in\\R$,\n\\begin{equation}\\label{eq:binomial-cubic-stein-polynomial}\n \\begin{split}\n &(z-c)\\{R^2-(z-c)^2\\}+c(R^2-c^2)\\\\\n &\\hspace{2em}=r(E+z)A_R(z)-p(C-z)A_R(z+1).\n \\end{split}\n\\end{equation}\n\\end{lemma}",
      "document": {
        "locator": "latex/natural-language/poisson_fixed_epoch_large_batch_optimality_exposition.tex#lem:binomial-stein-polynomial",
        "digest": "sha256:d3b6b9dceb8dc3465120abbc6c89133ad5f754eb13c4918d3a10e8cc9d28f583"
      },
      "components": [
        "polynomial"
      ],
      "revision": "sha256:74340e6f05c8612f26cb6e759f87be49a49c86622aa0301e5d3cd8a0d2ae4579"
    },
    {
      "id": "lem:binomial-double-cumulative",
      "statement": "\\begin{lemma}[Nonnegativity of the hinge transform]\n\\label{lem:binomial-double-cumulative}\nIf $T>2E$, then $J(t)\\geq0$ for every $t\\geq0$, and\n$J((1-c)^2)>0$.\n\\end{lemma}",
      "document": {
        "locator": "latex/natural-language/poisson_fixed_epoch_large_batch_optimality_exposition.tex#lem:binomial-double-cumulative",
        "digest": "sha256:d3b6b9dceb8dc3465120abbc6c89133ad5f754eb13c4918d3a10e8cc9d28f583"
      },
      "components": [
        "hinge",
        "strict"
      ],
      "revision": "sha256:1dc10cffe6bd81b1f5eda04b3211d97f132de164f36240d163c205066a7f5230"
    },
    {
      "id": "lem:binomial-reflected-zero",
      "statement": "\\begin{lemma}[The zero-center sign]\\label{lem:binomial-reflected-zero}\nFor $h>0$, the gap $\\Gamma_{E,T}(0,h)$ is negative when $T>2E$, zero when\n$T=2E$, and positive when $E<T<2E$.\n\\end{lemma}",
      "document": {
        "locator": "latex/natural-language/poisson_fixed_epoch_large_batch_optimality_exposition.tex#lem:binomial-reflected-zero",
        "digest": "sha256:d3b6b9dceb8dc3465120abbc6c89133ad5f754eb13c4918d3a10e8cc9d28f583"
      },
      "components": [
        "signs"
      ],
      "revision": "sha256:a3c763d3a071e862ca9b15d046478e505e83ddf62a2e2382c59b4496fabcb4ee"
    },
    {
      "id": "lem:strict-average-endpoint",
      "statement": "\\begin{lemma}[Improving the threshold at half rate]\\label{lem:strict-average-endpoint}\nLet $E\\in\\N_{>0}$, $a>0$, and $K\\sim\\operatorname{Binomial}(2E,1/2)$.\nLet $Q=\\Normal(0,1)$, and let $P$ be the mixture whose conditional law\ngiven $K=k$ is $\\Normal(ak/E,1)$. With $\\varepsilon=a^2/2$,\n\\[\n H_{e^\\varepsilon}(P, Q)\n >\\frac12-e^\\varepsilon\\overline\\Phi(a).\n\\]\n\\end{lemma}",
      "document": {
        "locator": "latex/natural-language/poisson_fixed_epoch_large_batch_optimality_exposition.tex#lem:strict-average-endpoint",
        "digest": "sha256:d3b6b9dceb8dc3465120abbc6c89133ad5f754eb13c4918d3a10e8cc9d28f583"
      },
      "components": [
        "endpoint"
      ],
      "revision": "sha256:fabcf8ace9c947fe34509115ca2734694b3ca4c45b7026dd09e647e2d9d4300c"
    },
    {
      "id": "thm:accountant-limit",
      "statement": "\\begin{theorem}[The fixed-participation profile limit]\\label{thm:accountant-limit}\nLet $\\rho>0$, $\\Delta>0$, and $\\varepsilon\\geq0$. Suppose\n$q_T\\in[0,1]$, $Tq_T\\to\\rho$, $\\sigma_T>0$ eventually, and\n\\[\n \\frac{\\Delta}{\\sigma_T}-\\sqrt{2\\log T}\\longrightarrow s\\in\\R.\n\\]\nThen\n\\[\n \\AO_S(\\sigma_T,\\Delta,q_T,T,\\varepsilon)\n \\longrightarrow1-\\exp\\{-\\rho\\Phi(s)\\}.\n\\]\n\\end{theorem}",
      "document": {
        "locator": "latex/natural-language/poisson_fixed_epoch_large_batch_optimality_exposition.tex#thm:accountant-limit",
        "digest": "sha256:d3b6b9dceb8dc3465120abbc6c89133ad5f754eb13c4918d3a10e8cc9d28f583"
      },
      "components": [
        "profile"
      ],
      "revision": "sha256:fa568c1b36e683ed12deb097a7cac602850a9680a928ce3b36e1b9d2b53dfe5d"
    },
    {
      "id": "thm:fixed-participation-calibration",
      "statement": "\\begin{theorem}[Fixed-participation calibration]\n\\label{thm:fixed-participation-calibration}\nLet $\\rho>0$, $\\Delta>0$, $\\varepsilon\\geq0$, and\n$0<\\delta<1-e^{-\\rho}$. Suppose $q_T\\in[0,1]$ and $Tq_T\\to\\rho$, and define\n\\[\n \\sigma_T^{\\mathrm{cal}}:=\\inf\\left\\{\\sigma\\geq0:\n \\AO_S(\\sigma,\\Delta,q_T,T,\\varepsilon)\\leq\\delta\\right\\}.\n\\]\nThen $\\sigma_T^{\\mathrm{cal}}>0$ eventually, and\n\\[\n \\frac{\\Delta}{\\sigma_T^{\\mathrm{cal}}}-\\sqrt{2\\log T}\n \\longrightarrow s_{\\rho,\\delta}:=\n \\Phi^{-1}\\!\\left(-\\frac{\\log(1-\\delta)}\\rho\\right).\n\\]\nFor the capped exact-budget schedule $q_T=\\min\\{1,\\rho/T\\}$, it follows that\n\\[\n \\frac{\\sigma_T^{\\mathrm{cal}}\\sqrt{2\\log(1/q_T)}}\\Delta\\longrightarrow1.\n\\]\n\\end{theorem}",
      "document": {
        "locator": "latex/natural-language/poisson_fixed_epoch_large_batch_optimality_exposition.tex#thm:fixed-participation-calibration",
        "digest": "sha256:d3b6b9dceb8dc3465120abbc6c89133ad5f754eb13c4918d3a10e8cc9d28f583"
      },
      "components": [
        "offset",
        "capped",
        "positive"
      ],
      "revision": "sha256:29a94d4c6ed0af007291954680e81c57324c961be2adf9298233ef2e8a1240e0"
    }
  ],
  "targets": [
    {
      "id": "fullbatch",
      "name": "Mf.DP.poissonFixedEpochPrivacyVariance_fullBatch_eq_base_sq",
      "typeText": "∀ (epoch : ℕ) (epoch_pos : 0 < epoch) (sensitivity epsilon delta : ℝ) (sensitivity_pos : 0 < sensitivity)\n  (epsilon_nonneg : 0 ≤ epsilon) (delta_pos : 0 < delta) (delta_lt_one : delta < 1),\n  Mf.DP.poissonFixedEpochPrivacyVarianceOfStddev (Mf.DP.PoissonFixedEpochPoint.fullBatch epoch epoch_pos)\n      ↑(Mf.DP.poissonFixedEpochCalibratedStddev (Mf.DP.PoissonFixedEpochPoint.fullBatch epoch epoch_pos) sensitivity\n          epsilon delta) =\n    Mf.DP.fullBatchGaussianBaseStddev sensitivity epsilon delta sensitivity_pos epsilon_nonneg delta_pos delta_lt_one ^\n      2",
      "source": {
        "path": "Mf/DP/PoissonFixedEpochVariance.lean",
        "digest": "sha256:7df2853825f9c7728607de78d1fda0eb1ae46a675350dcf07065f623c83188ca",
        "projectRevision": "capture-state:sha256:bb6fb61ace8b418be2949d044b618289dbb5e23faac5b58cb0d8627d3f4fa0b2"
      },
      "environment": {
        "toolchain": "leanprover/lean4:v4.33.0",
        "digest": "sha256:58133d41769e6c297902b760c7278b08d87397e307678d79de1621b3b00c7f52"
      },
      "subjectRef": {
        "artifactId": "sha256:d978d0148ff6be3f93c46930b49ac2ef801cbc288aefe2c4da1974c02adc837a",
        "subjectId": "declaration:sha256:aba9e2ee4cc4d055c7d11c8df21895aa2bc225918904a76790709470aff9b584"
      },
      "revision": "sha256:6f8a19b4b97612857818d6782d60f23e3519b6b9d55e4981e34c48843fba21fa"
    },
    {
      "id": "point-privacy",
      "name": "Mf.DP.poissonFixedEpochCalibratedPrivacyVariance_gt_fullBatch_of_exactCriticalSignalSquareCondition",
      "typeText": "∀ (point : Mf.DP.PoissonFixedEpochPoint) (sensitivity epsilon delta : ℝ),\n  point.epoch < point.horizon →\n    ∀ (hSensitivity : 0 < sensitivity) (hEpsilon : 0 < epsilon) (hDeltaPos : 0 < delta) (hDeltaLtOne : delta < 1),\n      Mf.DP.poissonFixedEpochExactCriticalSignalSquareCondition point epsilon\n          (Mf.DP.poissonFixedEpochStandardizedSignal sensitivity\n            ↑(Mf.DP.poissonFixedEpochFullBatchCalibratedRunVariance sensitivity epsilon delta hSensitivity ⋯ hDeltaPos\n                hDeltaLtOne)) →\n        ↑(Mf.DP.poissonFixedEpochFullBatchCalibratedRunVariance sensitivity epsilon delta hSensitivity ⋯ hDeltaPos\n              hDeltaLtOne) <\n          Mf.DP.poissonFixedEpochCalibratedPrivacyVariance point sensitivity epsilon delta",
      "source": {
        "path": "Mf/DP/PoissonFixedEpochPointwiseDominanceDomain.lean",
        "digest": "sha256:88db8d26189787583e57c4fbd881671d3068ca74cec72cd8ae6cda3610e92d43",
        "projectRevision": "capture-state:sha256:4913bdc76ce05ed6c055bbe1dac62b94b2ea80ab6a26bb4852ebd526e91e334b"
      },
      "environment": {
        "toolchain": "leanprover/lean4:v4.33.0",
        "digest": "sha256:f2da313f39205b649a47dbff890541b01c1e69612bef840fa63de9f9fe692d39"
      },
      "subjectRef": {
        "artifactId": "sha256:29ef2949681060f67bdfe8cae11d85f92e789c34f506facbb682f46dc29abeb3",
        "subjectId": "declaration:sha256:f30cfe770d4919a49cfa99a56c6ae06feabed31594a2a261194e8c5c41daa3c0"
      },
      "revision": "sha256:9282b5fa607890bf653cebfdec185279ada5f5fb778781c968597cdde42e70b1"
    },
    {
      "id": "point-total",
      "name": "Mf.DP.poissonFixedEpochTotalAverageVariance_fullBatch_lt_of_exactCriticalSignalSquareCondition",
      "typeText": "∀ (point : Mf.DP.PoissonFixedEpochPoint) (sensitivity epsilon delta energy : ℝ),\n  point.epoch < point.horizon →\n    ∀ (hSensitivity : 0 < sensitivity) (hEpsilon : 0 < epsilon) (hDeltaPos : 0 < delta) (hDeltaLtOne : delta < 1),\n      0 ≤ energy →\n        Mf.DP.poissonFixedEpochExactCriticalSignalSquareCondition point epsilon\n            (Mf.DP.poissonFixedEpochStandardizedSignal sensitivity\n              ↑(Mf.DP.poissonFixedEpochFullBatchCalibratedRunVariance sensitivity epsilon delta hSensitivity ⋯ hDeltaPos\n                  hDeltaLtOne)) →\n          Mf.DP.poissonFixedEpochTotalAverageVariance (Mf.DP.PoissonFixedEpochPoint.fullBatch point.epoch ⋯) sensitivity\n              epsilon delta energy <\n            Mf.DP.poissonFixedEpochTotalAverageVariance point sensitivity epsilon delta energy",
      "source": {
        "path": "Mf/DP/PoissonFixedEpochPointwiseDominanceDomain.lean",
        "digest": "sha256:88db8d26189787583e57c4fbd881671d3068ca74cec72cd8ae6cda3610e92d43",
        "projectRevision": "capture-state:sha256:4913bdc76ce05ed6c055bbe1dac62b94b2ea80ab6a26bb4852ebd526e91e334b"
      },
      "environment": {
        "toolchain": "leanprover/lean4:v4.33.0",
        "digest": "sha256:f2da313f39205b649a47dbff890541b01c1e69612bef840fa63de9f9fe692d39"
      },
      "subjectRef": {
        "artifactId": "sha256:89b1c86aac62066f609411b5971803689de16c40566dda2a11f9766603893363",
        "subjectId": "declaration:sha256:fbbff8eddf79b567dea62b79b71d7b0d7930c6baf0ef7ecec337b50d42391c99"
      },
      "revision": "sha256:bb517de2a7f00d1201af3f2d4de5472f35227dc125185fee19e7a934a4c3a865"
    },
    {
      "id": "uniform-privacy",
      "name": "Mf.DP.poissonFixedEpochCalibratedPrivacyVariance_gt_fullBatch_of_epochUniformSignal",
      "typeText": "∀ (point : Mf.DP.PoissonFixedEpochPoint) (sensitivity epsilon delta : ℝ),\n  point.epoch < point.horizon →\n    ∀ (hSensitivity : 0 < sensitivity) (hEpsilon : 0 < epsilon) (hDeltaPos : 0 < delta) (hDeltaLtOne : delta < 1),\n      Mf.DP.poissonFixedEpochStandardizedSignal sensitivity\n              ↑(Mf.DP.poissonFixedEpochFullBatchCalibratedRunVariance sensitivity epsilon delta hSensitivity ⋯ hDeltaPos\n                  hDeltaLtOne) ^\n            2 ≤\n          Mf.DP.poissonFixedEpochEpochUniformSignalSquareFactor point.epoch * epsilon →\n        ↑(Mf.DP.poissonFixedEpochFullBatchCalibratedRunVariance sensitivity epsilon delta hSensitivity ⋯ hDeltaPos\n              hDeltaLtOne) <\n          Mf.DP.poissonFixedEpochCalibratedPrivacyVariance point sensitivity epsilon delta",
      "source": {
        "path": "Mf/DP/PoissonFixedEpochEpochUniformDomain.lean",
        "digest": "sha256:bf8bcc8d4715f3947932f6cf715645cafc6a1f3a16d2b39d7fe9a0766c4d13b5",
        "projectRevision": "capture-state:sha256:8e6560bf04ebd1322e080d881683bb8f26e2e45ee4a8aa7fc991847a3c7304ec"
      },
      "environment": {
        "toolchain": "leanprover/lean4:v4.33.0",
        "digest": "sha256:8050d2a63500088bdf3b5f5e72c0eaaef93714d012b604e5b7b1ac96727d43fd"
      },
      "subjectRef": {
        "artifactId": "sha256:6605dc3a325e80b0a17f65bd68907cbccee144ce687cebc9ce077d3204ee48e3",
        "subjectId": "declaration:sha256:87746a8efccc846af637babe5124d930cfeda0f78436b5d3cdd7cd36a9f1228d"
      },
      "revision": "sha256:f69a81bda0b91ebe0d15d22214755f0fe9ee1c975309e7a08e80f6a761502370"
    },
    {
      "id": "uniform-total",
      "name": "Mf.DP.poissonFixedEpochTotalAverageVariance_fullBatch_lt_allEnergy_of_epochUniformSignal",
      "typeText": "∀ (point : Mf.DP.PoissonFixedEpochPoint) (sensitivity epsilon delta energy : ℝ),\n  point.epoch < point.horizon →\n    ∀ (hSensitivity : 0 < sensitivity) (hEpsilon : 0 < epsilon) (hDeltaPos : 0 < delta) (hDeltaLtOne : delta < 1),\n      0 ≤ energy →\n        Mf.DP.poissonFixedEpochStandardizedSignal sensitivity\n                ↑(Mf.DP.poissonFixedEpochFullBatchCalibratedRunVariance sensitivity epsilon delta hSensitivity ⋯\n                    hDeltaPos hDeltaLtOne) ^\n              2 ≤\n            Mf.DP.poissonFixedEpochEpochUniformSignalSquareFactor point.epoch * epsilon →\n          Mf.DP.poissonFixedEpochTotalAverageVariance (Mf.DP.PoissonFixedEpochPoint.fullBatch point.epoch ⋯) sensitivity\n              epsilon delta energy <\n            Mf.DP.poissonFixedEpochTotalAverageVariance point sensitivity epsilon delta energy",
      "source": {
        "path": "Mf/DP/PoissonFixedEpochEpochUniformDomain.lean",
        "digest": "sha256:bf8bcc8d4715f3947932f6cf715645cafc6a1f3a16d2b39d7fe9a0766c4d13b5",
        "projectRevision": "capture-state:sha256:8e6560bf04ebd1322e080d881683bb8f26e2e45ee4a8aa7fc991847a3c7304ec"
      },
      "environment": {
        "toolchain": "leanprover/lean4:v4.33.0",
        "digest": "sha256:8050d2a63500088bdf3b5f5e72c0eaaef93714d012b604e5b7b1ac96727d43fd"
      },
      "subjectRef": {
        "artifactId": "sha256:1e5f125e34f7e0443b64c0c9d8eb237691505cb8f9d40ad58df4e62698aaaf5b",
        "subjectId": "declaration:sha256:1e42069bb8bb2a06e7b9243bac2bb1cef6e85be484c62ea116adb90542b41129"
      },
      "revision": "sha256:9c136978adefdec626946adfddf6a6e54231713f63494c5a93a9ce9287ed749f"
    },
    {
      "id": "reversal-upper",
      "name": "Mf.DP.strictInterior_calibratedPrivacyVariance_le_five_thirty_seconds",
      "typeText": "Mf.DP.poissonFixedEpochCalibratedPrivacyVariance Mf.DP.strictInteriorPoint 1 (1 / 4) (3 / 4) ≤ 5 / 32",
      "source": {
        "path": "Mf/DP/PoissonFixedEpochStrictInteriorCounterexample.lean",
        "digest": "sha256:387069bd0b1358b5e404ac0fa3e0bc5af469cc23425c35932d36294e501972cc",
        "projectRevision": "capture-state:sha256:7182c1ac5b0c40395b1227b94390c4eae6e00a0c055d54bfcba69c956623a090"
      },
      "environment": {
        "toolchain": "leanprover/lean4:v4.33.0",
        "digest": "sha256:0206c60fa305aca0162d9a704e70d5507e3c3c19e1238a25f60cde29b5d62fed"
      },
      "subjectRef": {
        "artifactId": "sha256:b22ddc29897a73ec336f0af602a3ca801169cdbb0ccf14c2e305d8eea9833072",
        "subjectId": "declaration:sha256:7ccb213ef8ff8f45f1babc7ca6726b424edf24c3f9ee2432ea78445ceafb6422"
      },
      "revision": "sha256:4c022dee56ae24257767034edf4fd6355e3e9a19521b0add1a988eb1e84f6d5c"
    },
    {
      "id": "reversal-lower",
      "name": "Mf.DP.PoissonFixedEpochFullBatchFourTwentyFifthsBracket.four_twenty_fifths_lt_calibrated_sq",
      "typeText": "4 / 25 < Mf.DP.fullBatchGaussianBaseStddev 1 (1 / 4) (3 / 4) ⋯ ⋯ ⋯ ⋯ ^ 2",
      "source": {
        "path": "Mf/DP/PoissonFixedEpochFullBatchFourTwentyFifthsBracket.lean",
        "digest": "sha256:9b2de149a9f7a6fd3de5e869d7347ce2c111e550e568e65c82a16fdfa45f86ce",
        "projectRevision": "capture-state:sha256:8b192cebc5e281914ab5024efbc4cffc32c17b2da220a9f5475c0a77ba99f0b7"
      },
      "environment": {
        "toolchain": "leanprover/lean4:v4.33.0",
        "digest": "sha256:1a9f56a652da21c0220ae85396129a156ad3d4f25a2087f477cfad6d312f9e05"
      },
      "subjectRef": {
        "artifactId": "sha256:eb1f59e9b9fbe5e66167e0f9e05f67434139c9085666775874f83dcea6e61164",
        "subjectId": "declaration:sha256:f7251309c924c682badbb0fd5be821ac59af507263d116475bb8ef3224a7ceb7"
      },
      "revision": "sha256:a296c4b73a1c41fe7a5879c8bbb1d793206769428d85c379125c92daa2d1e96f"
    },
    {
      "id": "reversal-total",
      "name": "Mf.DP.strictInterior_totalVariance_lt_fullBatch_of_energy_le_nine_four_hundred",
      "typeText": "∀ (energy : ℝ),\n  0 ≤ energy →\n    energy ≤ 9 / 400 →\n      Mf.DP.poissonFixedEpochTotalAverageVariance Mf.DP.strictInteriorPoint 1 (1 / 4) (3 / 4) energy <\n        Mf.DP.poissonFixedEpochTotalAverageVariance (Mf.DP.PoissonFixedEpochPoint.fullBatch 2 ⋯) 1 (1 / 4) (3 / 4)\n          energy",
      "source": {
        "path": "Mf/DP/PoissonFixedEpochStrictInteriorCounterexample.lean",
        "digest": "sha256:387069bd0b1358b5e404ac0fa3e0bc5af469cc23425c35932d36294e501972cc",
        "projectRevision": "capture-state:sha256:7182c1ac5b0c40395b1227b94390c4eae6e00a0c055d54bfcba69c956623a090"
      },
      "environment": {
        "toolchain": "leanprover/lean4:v4.33.0",
        "digest": "sha256:0206c60fa305aca0162d9a704e70d5507e3c3c19e1238a25f60cde29b5d62fed"
      },
      "subjectRef": {
        "artifactId": "sha256:248414b318e639481c5984b158751e33a447ca23f5be989c778649124565aee5",
        "subjectId": "declaration:sha256:02a85fb103ac50aae7985a806a7d9a2cd5161d70b76ca89113048018caf8f25f"
      },
      "revision": "sha256:44142b822c8811af69dd7cc6295ec4e428cd8f90779644f260c1545caedd1d40"
    },
    {
      "id": "raw-ratio",
      "name": "Mf.DP.tendsto_poissonFixedEpochCalibratedStddev_smallRate_ratio_one",
      "typeText": "∀ (epoch : ℕ) (epoch_pos : 0 < epoch) (sensitivity epsilon delta : ℝ),\n  0 < sensitivity →\n    0 ≤ epsilon →\n      0 < delta →\n        delta < 1 - Real.exp (-↑epoch) →\n          Filter.Tendsto\n            (fun extra =>\n              ↑(Mf.DP.poissonFixedEpochCalibratedStddev (Mf.DP.PoissonFixedEpochPoint.ofExtra epoch epoch_pos extra)\n                      sensitivity epsilon delta) *\n                  √(2 * Real.log (1 / ↑(Mf.DP.PoissonFixedEpochPoint.ofExtra epoch epoch_pos extra).samplingRate)) /\n                sensitivity)\n            Filter.atTop (nhds 1)",
      "source": {
        "path": "Mf/DP/PoissonFixedEpochAsymptotics.lean",
        "digest": "sha256:436ca6b8d6e121a8f398977adbb91f5e3c45dc03e8d8279d88e11b052f737471",
        "projectRevision": "capture-state:sha256:3c9428b241a02fdf7a2c43e926f08f7278d1791caf1a848273fae5e3b8fade62"
      },
      "environment": {
        "toolchain": "leanprover/lean4:v4.33.0",
        "digest": "sha256:7b0a2546a6f4b2cf65f6ab214bdd6ff69bd47ee92e822b9717d7e61d883a3c20"
      },
      "subjectRef": {
        "artifactId": "sha256:66ef1d091ef36116c878af261b6a5fbe48a09b774e080998eb2f3d8bc5179205",
        "subjectId": "declaration:sha256:b06580fce519e0dccd57fd902dda2c449fc613052c31de4295312018c1203eea"
      },
      "revision": "sha256:6536560e4507b9400296884915c61a09bfa49ddec64fa6716e0db4275f8db5c9"
    },
    {
      "id": "raw-zero",
      "name": "Mf.DP.tendsto_poissonFixedEpochCalibratedStddev_zero",
      "typeText": "∀ (epoch : ℕ) (epoch_pos : 0 < epoch) (sensitivity epsilon delta : ℝ),\n  0 < sensitivity →\n    0 ≤ epsilon →\n      0 < delta →\n        delta < 1 - Real.exp (-↑epoch) →\n          Filter.Tendsto\n            (fun extra =>\n              ↑(Mf.DP.poissonFixedEpochCalibratedStddev (Mf.DP.PoissonFixedEpochPoint.ofExtra epoch epoch_pos extra)\n                  sensitivity epsilon delta))\n            Filter.atTop (nhds 0)",
      "source": {
        "path": "Mf/DP/PoissonFixedEpochAsymptotics.lean",
        "digest": "sha256:436ca6b8d6e121a8f398977adbb91f5e3c45dc03e8d8279d88e11b052f737471",
        "projectRevision": "capture-state:sha256:3c9428b241a02fdf7a2c43e926f08f7278d1791caf1a848273fae5e3b8fade62"
      },
      "environment": {
        "toolchain": "leanprover/lean4:v4.33.0",
        "digest": "sha256:7b0a2546a6f4b2cf65f6ab214bdd6ff69bd47ee92e822b9717d7e61d883a3c20"
      },
      "subjectRef": {
        "artifactId": "sha256:3d6846b06613848f95debc02725a5415911850b81fb958cb5ffd2d22569d182a",
        "subjectId": "declaration:sha256:8cc454b5e61e70d0e7d0301874afe73208ee204e1d9e51a20022896551548174"
      },
      "revision": "sha256:c8c24b20876b57947bae2d25df103327efbb81e8cba6508de10d04d1327f49a6"
    },
    {
      "id": "variance-ratio",
      "name": "Mf.DP.tendsto_poissonFixedEpochPrivacyVariance_div_leadingTerm_one",
      "typeText": "∀ (epoch : ℕ) (epoch_pos : 0 < epoch) (sensitivity epsilon delta : ℝ),\n  0 < sensitivity →\n    0 ≤ epsilon →\n      0 < delta →\n        delta < 1 - Real.exp (-↑epoch) →\n          Filter.Tendsto\n            (fun extra =>\n              Mf.DP.poissonFixedEpochCalibratedPrivacyVariance\n                  (Mf.DP.PoissonFixedEpochPoint.ofExtra epoch epoch_pos extra) sensitivity epsilon delta /\n                Mf.DP.fixedParticipationPrivacyVarianceLeadingTerm (↑epoch)\n                  (↑(Mf.DP.PoissonFixedEpochPoint.ofExtra epoch epoch_pos extra).samplingRate) sensitivity)\n            Filter.atTop (nhds 1)",
      "source": {
        "path": "Mf/DP/PoissonFixedEpochAsymptotics.lean",
        "digest": "sha256:436ca6b8d6e121a8f398977adbb91f5e3c45dc03e8d8279d88e11b052f737471",
        "projectRevision": "capture-state:sha256:3c9428b241a02fdf7a2c43e926f08f7278d1791caf1a848273fae5e3b8fade62"
      },
      "environment": {
        "toolchain": "leanprover/lean4:v4.33.0",
        "digest": "sha256:7b0a2546a6f4b2cf65f6ab214bdd6ff69bd47ee92e822b9717d7e61d883a3c20"
      },
      "subjectRef": {
        "artifactId": "sha256:cb4daab10e479b49aeaa1393c6a93e45dba90d4ccfae2f207a4a673eb23a1028",
        "subjectId": "declaration:sha256:0fbf3d61f31c542d118c216a75c75d1d8e5c834ee1648539cb8b0cabd5880cc3"
      },
      "revision": "sha256:0594358f856a7cc9cbc2395cad7e0c2bd18cbcb2a0a5cc43c76d3269c4dd3f99"
    },
    {
      "id": "variance-infinity",
      "name": "Mf.DP.tendsto_poissonFixedEpochPrivacyVariance_atTop",
      "typeText": "∀ (epoch : ℕ) (epoch_pos : 0 < epoch) (sensitivity epsilon delta : ℝ),\n  0 < sensitivity →\n    0 ≤ epsilon →\n      0 < delta →\n        delta < 1 - Real.exp (-↑epoch) →\n          Filter.Tendsto\n            (fun extra =>\n              Mf.DP.poissonFixedEpochPrivacyVarianceOfStddev\n                (Mf.DP.PoissonFixedEpochPoint.ofExtra epoch epoch_pos extra)\n                ↑(Mf.DP.poissonFixedEpochCalibratedStddev (Mf.DP.PoissonFixedEpochPoint.ofExtra epoch epoch_pos extra)\n                    sensitivity epsilon delta))\n            Filter.atTop Filter.atTop",
      "source": {
        "path": "Mf/DP/PoissonFixedEpochAsymptotics.lean",
        "digest": "sha256:436ca6b8d6e121a8f398977adbb91f5e3c45dc03e8d8279d88e11b052f737471",
        "projectRevision": "capture-state:sha256:3c9428b241a02fdf7a2c43e926f08f7278d1791caf1a848273fae5e3b8fade62"
      },
      "environment": {
        "toolchain": "leanprover/lean4:v4.33.0",
        "digest": "sha256:7b0a2546a6f4b2cf65f6ab214bdd6ff69bd47ee92e822b9717d7e61d883a3c20"
      },
      "subjectRef": {
        "artifactId": "sha256:333620683225bde92dda5ac3cec1df423e70d8d7045e89378d80280c593f5ddf",
        "subjectId": "declaration:sha256:2583d0ae0733e7049b3ef0fe96e9459dcff716774c765808c4079735a2b2278d"
      },
      "revision": "sha256:8d8bb01f3524ca497beb831a50486e0b72c61e454abe5b63b6f348248eec3c1b"
    },
    {
      "id": "total-ratio",
      "name": "Mf.DP.tendsto_poissonFixedEpochTotalAverageVariance_div_leadingTerm_one",
      "typeText": "∀ (epoch : ℕ) (epoch_pos : 0 < epoch) (sensitivity epsilon delta energy : ℝ),\n  0 < sensitivity →\n    0 ≤ epsilon →\n      0 < delta →\n        delta < 1 - Real.exp (-↑epoch) →\n          Filter.Tendsto\n            (fun extra =>\n              Mf.DP.poissonFixedEpochTotalAverageVariance (Mf.DP.PoissonFixedEpochPoint.ofExtra epoch epoch_pos extra)\n                  sensitivity epsilon delta energy /\n                Mf.DP.fixedParticipationPrivacyVarianceLeadingTerm (↑epoch)\n                  (↑(Mf.DP.PoissonFixedEpochPoint.ofExtra epoch epoch_pos extra).samplingRate) sensitivity)\n            Filter.atTop (nhds 1)",
      "source": {
        "path": "Mf/DP/PoissonFixedEpochAsymptotics.lean",
        "digest": "sha256:436ca6b8d6e121a8f398977adbb91f5e3c45dc03e8d8279d88e11b052f737471",
        "projectRevision": "capture-state:sha256:3c9428b241a02fdf7a2c43e926f08f7278d1791caf1a848273fae5e3b8fade62"
      },
      "environment": {
        "toolchain": "leanprover/lean4:v4.33.0",
        "digest": "sha256:7b0a2546a6f4b2cf65f6ab214bdd6ff69bd47ee92e822b9717d7e61d883a3c20"
      },
      "subjectRef": {
        "artifactId": "sha256:971f6930979395695826d617d8b98866e40f9e9e39bcbb3817baefb87bb1a860",
        "subjectId": "declaration:sha256:bc4bb4eadc646e655c4e9cf7cb3d15ac1fd29a330cfa52810906c18d6a14c084"
      },
      "revision": "sha256:50481877c636bf8ff7b6fb6960b029b74ed494ce550bb233dceca5c59e816505"
    },
    {
      "id": "uniform-eventual",
      "name": "Mf.DP.eventually_poissonFixedEpoch_fullBatch_lt_totalAverageVariance_uniform_energy",
      "typeText": "∀ (epoch : ℕ) (epoch_pos : 0 < epoch) (sensitivity epsilon delta : ℝ),\n  0 < sensitivity →\n    0 ≤ epsilon →\n      0 < delta →\n        delta < 1 - Real.exp (-↑epoch) →\n          ∀ᶠ (extra : ℕ) in Filter.atTop,\n            ∀ (energy : ℝ),\n              0 ≤ energy →\n                Mf.DP.poissonFixedEpochTotalAverageVariance (Mf.DP.PoissonFixedEpochPoint.fullBatch epoch epoch_pos)\n                    sensitivity epsilon delta energy <\n                  Mf.DP.poissonFixedEpochTotalAverageVariance\n                    (Mf.DP.PoissonFixedEpochPoint.ofExtra epoch epoch_pos extra) sensitivity epsilon delta energy",
      "source": {
        "path": "Mf/DP/PoissonFixedEpochAsymptotics.lean",
        "digest": "sha256:436ca6b8d6e121a8f398977adbb91f5e3c45dc03e8d8279d88e11b052f737471",
        "projectRevision": "capture-state:sha256:3c9428b241a02fdf7a2c43e926f08f7278d1791caf1a848273fae5e3b8fade62"
      },
      "environment": {
        "toolchain": "leanprover/lean4:v4.33.0",
        "digest": "sha256:7b0a2546a6f4b2cf65f6ab214bdd6ff69bd47ee92e822b9717d7e61d883a3c20"
      },
      "subjectRef": {
        "artifactId": "sha256:f03319e55adc261bff26514a0cc9506dfa9881ef5784a118d25bcaddf170c155",
        "subjectId": "declaration:sha256:04d261cc125a727cadffbfebd985e04619d462775792681dad86e6a5bb71a5ab"
      },
      "revision": "sha256:8a2f73ac46e844d9911eef871aff0ecdd666882520a00ba2da1afee316c9f3b1"
    },
    {
      "id": "center-positive",
      "name": "Mf.DP.fixedEpochCenterGap_pos_of_centerDominanceCondition",
      "typeText": "∀ (point : Mf.DP.PoissonFixedEpochPoint) (scale theta : ℝ),\n  point.epoch < point.horizon →\n    0 < scale →\n      Mf.DP.poissonFixedEpochCenterDominanceCondition point theta → 0 < Mf.DP.fixedEpochCenterGap point scale theta",
      "source": {
        "path": "Mf/DP/PoissonFixedEpochCenterCriterion.lean",
        "digest": "sha256:49eb89379f1fbec548478966597a5d523938ba58a735dcb7863a685100b8d9bc",
        "projectRevision": "capture-state:sha256:9e237b01ea466261869440f15f1cdc8b04f3527f0bd157a44cbb59d9cd6369d7"
      },
      "environment": {
        "toolchain": "leanprover/lean4:v4.33.0",
        "digest": "sha256:5ad9063e3061ff77b34755518991678713aa49204397b6ef9acd83564cb4a9fd"
      },
      "subjectRef": {
        "artifactId": "sha256:0a786d75cef94ebdc356a28b1fe64e6e21b20a2f902eed99490d686570e18a9f",
        "subjectId": "declaration:sha256:dabaf425febb4f702f0cc3cc7d0eb2c2b30684347c6d30b33bf4869be6aa74f0"
      },
      "revision": "sha256:f55d8398d4ababee950940b561609abe10c110f127733a4c9c0ed6e34b0b2aff"
    },
    {
      "id": "center-zero",
      "name": "Mf.DP.fixedEpochCenterGap_eq_zero_of_horizon_eq_two_epoch_zero_center",
      "typeText": "∀ (point : Mf.DP.PoissonFixedEpochPoint) (scale : ℝ),\n  point.horizon = 2 * point.epoch → Mf.DP.fixedEpochCenterGap point scale 0 = 0",
      "source": {
        "path": "Mf/DP/PoissonFixedEpochCenterCriterion.lean",
        "digest": "sha256:49eb89379f1fbec548478966597a5d523938ba58a735dcb7863a685100b8d9bc",
        "projectRevision": "capture-state:sha256:9e237b01ea466261869440f15f1cdc8b04f3527f0bd157a44cbb59d9cd6369d7"
      },
      "environment": {
        "toolchain": "leanprover/lean4:v4.33.0",
        "digest": "sha256:5ad9063e3061ff77b34755518991678713aa49204397b6ef9acd83564cb4a9fd"
      },
      "subjectRef": {
        "artifactId": "sha256:4c1a114873bb2018146bb1b6b9c7f40a5d059ebdb294f55d0c34ac3359b78aae",
        "subjectId": "declaration:sha256:d24b6a1d760a45e98b818239d9075e4f6de1b1b990ff4d6b339fe01918db098e"
      },
      "revision": "sha256:c7d5b122daefa9dc2886a87c9637ee0e002ed8d30b549552ef9dfbc3e0607437"
    },
    {
      "id": "propagation",
      "name": "Mf.DP.fixedEpochCenterGap_pos_of_boundary_nonneg",
      "typeText": "∀ (point : Mf.DP.PoissonFixedEpochPoint) (h boundary query : ℝ),\n  point.epoch < point.horizon →\n    0 < h →\n      0 ≤ boundary →\n        boundary < query → 0 ≤ Mf.DP.fixedEpochCenterGap point h boundary → 0 < Mf.DP.fixedEpochCenterGap point h query",
      "source": {
        "path": "Mf/DP/PoissonFixedEpochCenterGapPropagation.lean",
        "digest": "sha256:7c8705d47510f00dab5076c09172b9748c07622d8381a49f09fa7adfdadc97c0",
        "projectRevision": "capture-state:sha256:a2d0b570f9b5d479619abb83cc559b878fd5a39918601c7e3f34187679a88ef5"
      },
      "environment": {
        "toolchain": "leanprover/lean4:v4.33.0",
        "digest": "sha256:87f76d57fba0ade0d9dcc63011453700e77f0fcf284e3137e896c8cc44d25b9e"
      },
      "subjectRef": {
        "artifactId": "sha256:1571e8c67c754164d78c370ff9d886ad6b4a83a081b2cb8566dd684454849f22",
        "subjectId": "declaration:sha256:a780e6639f3e340c05450840441508284d0a3cafd16f5887c1779be82a838246"
      },
      "revision": "sha256:d070fc3b5ce1a5f6be3ba02478282c14683332339ad76afbdb00a7282f1261f8"
    },
    {
      "id": "polynomial",
      "name": "Mf.DP.binomialSkewBoundary_boundarySteinPolynomial_identity",
      "typeText": "∀ (epoch complement : ℕ),\n  0 < epoch + complement →\n    ∀ (radius centered : ℝ),\n      have total := ↑epoch + ↑complement;\n      have rate := ↑epoch / total;\n      have complementRate := ↑complement / total;\n      have boundary := (↑complement - ↑epoch) / (3 * total);\n      have steinPotential := fun value =>\n        radius ^ 2 - 2 * ↑epoch * complementRate - 3 * boundary ^ 2 + value - value ^ 2;\n      (centered - boundary) * ((centered - boundary) ^ 2 - radius ^ 2) - boundary * (radius ^ 2 - boundary ^ 2) =\n        rate * (↑complement - centered) * steinPotential (centered + 1) -\n          complementRate * (↑epoch + centered) * steinPotential centered",
      "source": {
        "path": "Mf/DP/PoissonFixedEpochBinomialSkewBoundary.lean",
        "digest": "sha256:8e78ca9846b6f614ac3fbac802fc8ed7cd1bfb7329d7faed0dfed216469528b9",
        "projectRevision": "capture-state:sha256:fbada67f54a8105fb1f19ebef27b2b8dd986bff6a8d8b0603d92febee3a8cd2f"
      },
      "environment": {
        "toolchain": "leanprover/lean4:v4.33.0",
        "digest": "sha256:c911232de3f09aacaebccec9893bb7a62a3cb43c007a3e769796fc2f2e2db6b5"
      },
      "subjectRef": {
        "artifactId": "sha256:33dc2904a6190b009eba9b0c0b4c0cfe525686ecdb73eb81d4b32a9160c42183",
        "subjectId": "declaration:sha256:68c28f26f314de37fce67db094953ae90e27d57389fc22da46306f9e4dc0ef80"
      },
      "revision": "sha256:37d60120ec4c1c981ccf7088ca18adaea2f825235430e7710fe9cdd529989092"
    },
    {
      "id": "hinge-nonnegative",
      "name": "Mf.DP.binomialSkewBoundary_boundaryDoubleCumulative_nonneg",
      "typeText": "∀ (epoch complement : ℕ),\n  0 < epoch →\n    epoch ≤ complement →\n      ∀ (radius : ℝ), 0 ≤ radius → 0 ≤ Mf.DP.binomialSkewBoundary_boundaryDoubleCumulative epoch complement radius",
      "source": {
        "path": "Mf/DP/PoissonFixedEpochBoundaryDoubleCumulative.lean",
        "digest": "sha256:28069941382e5544fe697582567eb1c2ec83707b8337b7adf93456a95989d0c2",
        "projectRevision": "capture-state:sha256:948e0ac2a4245e2c6215beb7ed65352f301ff8fdbfaffadda6e01881a57af221"
      },
      "environment": {
        "toolchain": "leanprover/lean4:v4.33.0",
        "digest": "sha256:ea41a1fcbe7a6f3e2e823d7ed2b97ac92e01eb0881dbbe8a7bb50307bd8ec283"
      },
      "subjectRef": {
        "artifactId": "sha256:e1bd34ca5de7dd40d91d04a56917d7f934371ac163efc958719ac574876dee54",
        "subjectId": "declaration:sha256:5642a63300d748a442c24af80f5798c99bad4210dff3785dbc2e6d4ed88aea86"
      },
      "revision": "sha256:9af9796c9f9f7a7a2f3c11f833cd4b235a188c65d6cfc955aef12cbc726cf034"
    },
    {
      "id": "hinge-positive",
      "name": "Mf.DP.FixedEpochBoundarySignedLaplace.boundaryDoubleCumulative_firstPositiveKnot_pos",
      "typeText": "∀ (epoch complement : ℕ),\n  0 < epoch →\n    epoch < complement →\n      have total := ↑epoch + ↑complement;\n      have boundary := (↑complement - ↑epoch) / (3 * total);\n      0 < Mf.DP.binomialSkewBoundary_boundaryDoubleCumulative epoch complement (1 - boundary)",
      "source": {
        "path": "Mf/DP/PoissonFixedEpochBoundarySignedLaplace.lean",
        "digest": "sha256:7dc78cb19fb8d13f5448c66e16e2e5757acb70ec755ccfe73201eccc1871e4d4",
        "projectRevision": "capture-state:sha256:1d77098de2121f2333297e1d4369e26cad9cde2d4365ba158d1ed4ce2fcd9a5d"
      },
      "environment": {
        "toolchain": "leanprover/lean4:v4.33.0",
        "digest": "sha256:d5bf7fc01dc4c4a8ab6a1450c045dc7361423e15cb3a08eb2430eaa19813e769"
      },
      "subjectRef": {
        "artifactId": "sha256:945a7ca4973cc5926e7df3112dd5f5665023bfa2b35fd784e6889228d99cdd14",
        "subjectId": "declaration:sha256:36ff14fc55972eac33cbafe767863778127257575567ce8a0125c7e59e0d753d"
      },
      "revision": "sha256:13fdd87763a261c9e339134ea2b7b4bd1ed9c7ae1a65b2f64cf9682e546c4af7"
    },
    {
      "id": "zero-low",
      "name": "Mf.DP.fixedMeanZeroCenterGap_neg_of_epoch_lt_complement",
      "typeText": "∀ (epoch complement : ℕ) (scale : ℝ),\n  0 < epoch → epoch < complement → 0 < scale → Mf.DP.fixedMeanZeroCenterGap epoch complement scale < 0",
      "source": {
        "path": "Mf/DP/PoissonFixedEpochReflectedZeroCenter.lean",
        "digest": "sha256:bb3762a51d8a0384bfdce74583b0f0574cc28c394965008b0ba3ac7849289e5f",
        "projectRevision": "capture-state:sha256:fcf9a79514c7f38e6e25f4cbf51e0f9e948bfd9d701f5e4e7a891ad1116801c7"
      },
      "environment": {
        "toolchain": "leanprover/lean4:v4.33.0",
        "digest": "sha256:6c622c0160f9ad9d4c93de3d50b559adf5c93a265cedc3cffc2287b0ce309870"
      },
      "subjectRef": {
        "artifactId": "sha256:18dea925fb29bd449ee7cde2d6fd5154857501b17890316af3d886ebe7653dbf",
        "subjectId": "declaration:sha256:10b7695f25ba3e435bcd92a5f144faa7aae469aae524d5e0877965e81bfa5b71"
      },
      "revision": "sha256:5344c50a056ff0a82970ace12e2780ee6c8c818e30de8d151fcdb40b079a1664"
    },
    {
      "id": "zero-high",
      "name": "Mf.DP.fixedMeanZeroCenterGap_pos_of_complement_lt_epoch",
      "typeText": "∀ (epoch complement : ℕ) (scale : ℝ),\n  0 < complement → complement < epoch → 0 < scale → 0 < Mf.DP.fixedMeanZeroCenterGap epoch complement scale",
      "source": {
        "path": "Mf/DP/PoissonFixedEpochReflectedZeroCenter.lean",
        "digest": "sha256:bb3762a51d8a0384bfdce74583b0f0574cc28c394965008b0ba3ac7849289e5f",
        "projectRevision": "capture-state:sha256:fcf9a79514c7f38e6e25f4cbf51e0f9e948bfd9d701f5e4e7a891ad1116801c7"
      },
      "environment": {
        "toolchain": "leanprover/lean4:v4.33.0",
        "digest": "sha256:6c622c0160f9ad9d4c93de3d50b559adf5c93a265cedc3cffc2287b0ce309870"
      },
      "subjectRef": {
        "artifactId": "sha256:62f81b4dd22f27f4a0731d68f40e421a0ab6f76338d4c6c2a46d74c8b1114c1a",
        "subjectId": "declaration:sha256:b5ba60c68ab3f22b4ee44545a1bf434661c7eecebad34c8b8dc1a443aa9e64b6"
      },
      "revision": "sha256:205bde70268116365596db90e6f220f1cbd9684987473a9664213009f6865d90"
    },
    {
      "id": "profile-limit",
      "name": "Mf.DP.tendsto_sampledGaussianProductProfileStddev_finiteOffset",
      "typeText": "∀ (schedule : Mf.DP.FixedParticipationSchedule) (sensitivity : ℝ) (noiseStddev : ℕ → NNReal) (offset epsilon : ℝ),\n  0 < sensitivity →\n    0 ≤ epsilon →\n      (∀ᶠ (horizon : ℕ) in Filter.atTop, 0 < noiseStddev horizon) →\n        Filter.Tendsto (fun horizon => sensitivity / ↑(noiseStddev horizon) - Mf.DP.gaussianCriticalScale horizon)\n            Filter.atTop (nhds offset) →\n          Filter.Tendsto\n            (fun horizon =>\n              Mf.DP.sampledGaussianProductProfileStddev horizon (schedule.samplingRate horizon) ⋯ sensitivity\n                (noiseStddev horizon) epsilon)\n            Filter.atTop\n            (nhds (ENNReal.ofReal (1 - Real.exp (-↑schedule.participationBudget * Mf.DP.stdNormalCDFReal offset))))",
      "source": {
        "path": "Mf/DP/FixedParticipationGaussianAccounting.lean",
        "digest": "sha256:c2da34b048b1c5b37180a9e4da3cc6b62d89182628fa9b45e5eb773cd10b133d",
        "projectRevision": "capture-state:sha256:68213e5db068e5e56be5e88155ff4f3cdc808e4c03baddfa92973590b9466720"
      },
      "environment": {
        "toolchain": "leanprover/lean4:v4.33.0",
        "digest": "sha256:af2af4873fd968fb4f6d6976f51ef330f8e11045ba9002c3c989054270ab82fa"
      },
      "subjectRef": {
        "artifactId": "sha256:1f196d304bf170b6fdfe464bd184b8f9e303bad598a4e8e3015646f56fe4ada6",
        "subjectId": "declaration:sha256:2a08314d37cb55aebd0afd742ebf2d0eb8eeba27dd573ad2fab86940483bb979"
      },
      "revision": "sha256:38d1919ba72d0ae45f049ae988b026083a176ace1e5c334d4a451a574de43c75"
    },
    {
      "id": "offset-limit",
      "name": "Mf.DP.tendsto_fixedParticipationCalibratedStddev_offset",
      "typeText": "∀ (schedule : Mf.DP.FixedParticipationSchedule) (sensitivity epsilon delta : ℝ),\n  0 < sensitivity →\n    0 ≤ epsilon →\n      0 < delta →\n        delta < 1 - Real.exp (-↑schedule.participationBudget) →\n          Filter.Tendsto\n            (fun horizon =>\n              sensitivity / ↑(Mf.DP.fixedParticipationCalibratedStddev schedule sensitivity epsilon delta horizon) -\n                Mf.DP.gaussianCriticalScale horizon)\n            Filter.atTop (nhds (Mf.DP.fixedParticipationTargetOffset (↑schedule.participationBudget) delta))",
      "source": {
        "path": "Mf/DP/FixedParticipationGaussianCalibrationAsymptotics.lean",
        "digest": "sha256:0f23d72d33f81e123aad9e260cbeb294724451923aabd5cb467b9ea628df76c8",
        "projectRevision": "capture-state:sha256:978db13bbe7645f42b770a5554d4ecf161f831668f9318ffc48971a5d3263f07"
      },
      "environment": {
        "toolchain": "leanprover/lean4:v4.33.0",
        "digest": "sha256:4cb2e616475d04541e4fa873980389d936727d488e105ef8849c4ebe45ffbc8d"
      },
      "subjectRef": {
        "artifactId": "sha256:6ec449f8a4484f99067b86f9cca1bd4a4fa51bfc1b34ca9bd531eda6be83519f",
        "subjectId": "declaration:sha256:79ef02906d9c0d7e91721cc5b65d8e2d14dea437fd953ff292733c5250821559"
      },
      "revision": "sha256:5143027dee53cad453059af2bde568d23cac14c8c71dcb5de336535e3faed83b"
    },
    {
      "id": "capped-ratio",
      "name": "Mf.DP.tendsto_cappedFixedParticipationCalibratedStddev_smallRate_ratio_one",
      "typeText": "∀ (participationBudget : NNReal) (hBudget : 0 < participationBudget) (sensitivity epsilon delta : ℝ),\n  0 < sensitivity →\n    0 ≤ epsilon →\n      0 < delta →\n        delta < 1 - Real.exp (-↑participationBudget) →\n          Filter.Tendsto\n            (fun horizon =>\n              ↑(Mf.DP.fixedParticipationCalibratedStddev\n                      (Mf.DP.cappedFixedParticipationSchedule participationBudget hBudget) sensitivity epsilon delta\n                      horizon) *\n                  √(2 * Real.log (1 / ↑(Mf.DP.cappedParticipationRate participationBudget horizon))) /\n                sensitivity)\n            Filter.atTop (nhds 1)",
      "source": {
        "path": "Mf/DP/FixedParticipationGaussianCalibrationAsymptotics.lean",
        "digest": "sha256:0f23d72d33f81e123aad9e260cbeb294724451923aabd5cb467b9ea628df76c8",
        "projectRevision": "capture-state:sha256:978db13bbe7645f42b770a5554d4ecf161f831668f9318ffc48971a5d3263f07"
      },
      "environment": {
        "toolchain": "leanprover/lean4:v4.33.0",
        "digest": "sha256:4cb2e616475d04541e4fa873980389d936727d488e105ef8849c4ebe45ffbc8d"
      },
      "subjectRef": {
        "artifactId": "sha256:972ca8baa529dc45955a1e201e8b01149aa07fcf2c641aabb66b8e108fdd26a8",
        "subjectId": "declaration:sha256:1d14ca441b5a324333423c9f226f6a418bbd4319c62d09808a0e6dea62940aaa"
      },
      "revision": "sha256:8fbee428c02d0a4ece60971ebb428717cf46e72285f1b5fcda2490900d87161e"
    }
  ],
  "links": [
    {
      "id": "component-01-captured",
      "claimId": "lem:calibration",
      "componentIds": [
        "fullbatch"
      ],
      "targetIds": [
        "fullbatch"
      ]
    },
    {
      "id": "component-03-captured",
      "claimId": "thm:rate-adaptive-pointwise",
      "componentIds": [
        "transcript"
      ],
      "targetIds": [
        "point-privacy",
        "point-total",
        "fullbatch"
      ]
    },
    {
      "id": "component-06-captured",
      "claimId": "cor:fixed-epoch-all-horizon",
      "componentIds": [
        "transcript"
      ],
      "targetIds": [
        "uniform-privacy",
        "uniform-total",
        "fullbatch"
      ]
    },
    {
      "id": "component-08-captured",
      "claimId": "thm:strict-interior-counterexample",
      "componentIds": [
        "transcript"
      ],
      "targetIds": [
        "reversal-upper",
        "reversal-lower",
        "reversal-total",
        "fullbatch"
      ]
    },
    {
      "id": "component-10-captured",
      "claimId": "thm:smallbatch",
      "componentIds": [
        "offset"
      ],
      "targetIds": [
        "offset-limit"
      ]
    },
    {
      "id": "component-11-captured",
      "claimId": "thm:smallbatch",
      "componentIds": [
        "leading"
      ],
      "targetIds": [
        "raw-ratio",
        "raw-zero",
        "variance-ratio",
        "variance-infinity",
        "total-ratio"
      ]
    },
    {
      "id": "component-12-captured",
      "claimId": "cor:eventual",
      "componentIds": [
        "uniform"
      ],
      "targetIds": [
        "uniform-eventual"
      ]
    },
    {
      "id": "component-14-captured",
      "claimId": "thm:rate-adaptive-center",
      "componentIds": [
        "positive"
      ],
      "targetIds": [
        "center-positive"
      ]
    },
    {
      "id": "component-15-captured",
      "claimId": "thm:rate-adaptive-center",
      "componentIds": [
        "zero"
      ],
      "targetIds": [
        "center-zero"
      ]
    },
    {
      "id": "component-16-captured",
      "claimId": "lem:binomial-propagation",
      "componentIds": [
        "propagation"
      ],
      "targetIds": [
        "propagation"
      ]
    },
    {
      "id": "component-17-captured",
      "claimId": "lem:binomial-stein-polynomial",
      "componentIds": [
        "polynomial"
      ],
      "targetIds": [
        "polynomial"
      ]
    },
    {
      "id": "component-18-captured",
      "claimId": "lem:binomial-double-cumulative",
      "componentIds": [
        "hinge"
      ],
      "targetIds": [
        "hinge-nonnegative"
      ]
    },
    {
      "id": "component-19-captured",
      "claimId": "lem:binomial-double-cumulative",
      "componentIds": [
        "strict"
      ],
      "targetIds": [
        "hinge-positive"
      ]
    },
    {
      "id": "component-20-captured",
      "claimId": "lem:binomial-reflected-zero",
      "componentIds": [
        "signs"
      ],
      "targetIds": [
        "zero-low",
        "center-zero",
        "zero-high"
      ]
    },
    {
      "id": "component-22-captured",
      "claimId": "thm:accountant-limit",
      "componentIds": [
        "profile"
      ],
      "targetIds": [
        "profile-limit"
      ]
    },
    {
      "id": "component-23-captured",
      "claimId": "thm:fixed-participation-calibration",
      "componentIds": [
        "offset"
      ],
      "targetIds": [
        "offset-limit"
      ]
    },
    {
      "id": "component-24-captured",
      "claimId": "thm:fixed-participation-calibration",
      "componentIds": [
        "capped"
      ],
      "targetIds": [
        "capped-ratio"
      ]
    }
  ],
  "reviews": [],
  "revision": "sha256:872c241d73ea74763320085ad53169636f67a92bfe18de9e24309ce9e7e2bac3",
  "previousRevision": "sha256:86c84ae22be0adfc1d75831064146a1aceb139ea8205d97821bda16a691fe257"
}
Synthetic additional-assumption and stale-review fixture. All reviews and source identities here are illustrative test records; no real exposition review is asserted. The original finite-map files are unchanged, and stale-guide.json retains an old explanation review after editing the step.
