.lake/build
.lake/build/ir
.lake/build/ir/Mf
.lake/build/ir/Mf/Adaptive
.lake/build/ir/Mf/Optimization
.lake/build/ir/Mf/Optimization/SDE
.lake/build/ir/Mf/Optimization/PoissonClippedSGD
.lake/build/ir/Mf/CertifiedNumerics
.lake/build/ir/Mf/Probability
.lake/build/ir/Mf/Probability/BISRootPowers
.lake/build/ir/Mf/Probability/BISActualFFT
.lake/build/ir/Mf/DP
.lake/build/ir/Mf/DP/BNB
.lake/build/ir/Mf/DP/BISHighCutoffFractionChannelChecks
.lake/build/ir/Mf/DP/BISWorkloadScalarChecks
.lake/build/ir/Mf/DP/BISRetainedAmplitudeChecks
.lake/build/ir/Mf/DP/Profile
.lake/build/ir/Mf/DP/BISHighCutoffIntegerChannelChecks
.lake/build/ir/Mf/DP/BISHighCutoffResidualChecks
.lake/build/ir/Mf/DP/BISMode1Scalars
.lake/build/ir/Mf/DP/BISHighCutoffPointChecks
.lake/build/ir/Mf/DP/BISHighCutoffSharedPowerChecks
.lake/build/ir/Mf/DP/BISHighCutoffStructuralChecks
.lake/build/ir/Mf/DP/Certificates
.lake/build/ir/Mf/DP/Training
.lake/build/ir/Mf/DP/BMinSep
.lake/build/ir/Mf/DP/PoissonFixedEpochRectangleHybridConcreteRoundedCells
.lake/build/ir/Mf/DP/BISHighCutoffChannelChecks
.lake/build/ir/Mf/DP/SamplerBridge
.lake/build/ir/Mf/DP/BIFR
.lake/build/lib
.lake/build/lib/lean
.lake/build/lib/lean/Mf
.lake/build/lib/lean/Mf/Adaptive
.lake/build/lib/lean/Mf/Optimization
.lake/build/lib/lean/Mf/CertifiedNumerics
.lake/build/lib/lean/Mf/Probability
.lake/build/lib/lean/Mf/DP
.lake/build/bin
