FFFFFFFFFFF                                                              [100%]
=================================== FAILURES ===================================
_____________ test_packaged_schema_and_runtime_shape_parity[None] ______________
tests/test_result_guide_schema.py:15: in test_packaged_schema_and_runtime_shape_parity
    from ladon.result_guide_inputs import validate_result_guide
E   ModuleNotFoundError: No module named 'ladon.result_guide_inputs'
____________ test_packaged_schema_and_runtime_shape_parity[unknown] ____________
tests/test_result_guide_schema.py:15: in test_packaged_schema_and_runtime_shape_parity
    from ladon.result_guide_inputs import validate_result_guide
E   ModuleNotFoundError: No module named 'ladon.result_guide_inputs'
_____________ test_packaged_schema_and_runtime_shape_parity[actor] _____________
tests/test_result_guide_schema.py:15: in test_packaged_schema_and_runtime_shape_parity
    from ladon.result_guide_inputs import validate_result_guide
E   ModuleNotFoundError: No module named 'ladon.result_guide_inputs'
____________ test_packaged_schema_and_runtime_shape_parity[unicode] ____________
tests/test_result_guide_schema.py:15: in test_packaged_schema_and_runtime_shape_parity
    from ladon.result_guide_inputs import validate_result_guide
E   ModuleNotFoundError: No module named 'ladon.result_guide_inputs'
___________ test_packaged_schema_and_runtime_shape_parity[timestamp] ___________
tests/test_result_guide_schema.py:15: in test_packaged_schema_and_runtime_shape_parity
    from ladon.result_guide_inputs import validate_result_guide
E   ModuleNotFoundError: No module named 'ladon.result_guide_inputs'
____________ test_packaged_schema_and_runtime_shape_parity[authors] ____________
tests/test_result_guide_schema.py:15: in test_packaged_schema_and_runtime_shape_parity
    from ladon.result_guide_inputs import validate_result_guide
E   ModuleNotFoundError: No module named 'ladon.result_guide_inputs'
_ test_disputed_attribution_and_explanation_reviews_have_independent_currency __
tests/test_result_guide_schema.py:39: in test_disputed_attribution_and_explanation_reviews_have_independent_currency
    from ladon.result_guide_inputs import guide_currencies, validate_result_guide
E   ModuleNotFoundError: No module named 'ladon.result_guide_inputs'
_________ test_semantic_contradictions_fail_before_projection[forward] _________
tests/test_result_guide_schema.py:57: in test_semantic_contradictions_fail_before_projection
    from ladon.result_guide_inputs import validate_result_guide
E   ModuleNotFoundError: No module named 'ladon.result_guide_inputs'
______ test_semantic_contradictions_fail_before_projection[wrong-targets] ______
tests/test_result_guide_schema.py:57: in test_semantic_contradictions_fail_before_projection
    from ladon.result_guide_inputs import validate_result_guide
E   ModuleNotFoundError: No module named 'ladon.result_guide_inputs'
_ test_semantic_contradictions_fail_before_projection[duplicate-prerequisite] __
tests/test_result_guide_schema.py:57: in test_semantic_contradictions_fail_before_projection
    from ladon.result_guide_inputs import validate_result_guide
E   ModuleNotFoundError: No module named 'ladon.result_guide_inputs'
__________ test_semantic_contradictions_fail_before_projection[scope] __________
tests/test_result_guide_schema.py:57: in test_semantic_contradictions_fail_before_projection
    from ladon.result_guide_inputs import validate_result_guide
E   ModuleNotFoundError: No module named 'ladon.result_guide_inputs'
=========================== short test summary info ============================
FAILED tests/test_result_guide_schema.py::test_packaged_schema_and_runtime_shape_parity[None]
FAILED tests/test_result_guide_schema.py::test_packaged_schema_and_runtime_shape_parity[unknown]
FAILED tests/test_result_guide_schema.py::test_packaged_schema_and_runtime_shape_parity[actor]
FAILED tests/test_result_guide_schema.py::test_packaged_schema_and_runtime_shape_parity[unicode]
FAILED tests/test_result_guide_schema.py::test_packaged_schema_and_runtime_shape_parity[timestamp]
FAILED tests/test_result_guide_schema.py::test_packaged_schema_and_runtime_shape_parity[authors]
FAILED tests/test_result_guide_schema.py::test_disputed_attribution_and_explanation_reviews_have_independent_currency
FAILED tests/test_result_guide_schema.py::test_semantic_contradictions_fail_before_projection[forward]
FAILED tests/test_result_guide_schema.py::test_semantic_contradictions_fail_before_projection[wrong-targets]
FAILED tests/test_result_guide_schema.py::test_semantic_contradictions_fail_before_projection[duplicate-prerequisite]
FAILED tests/test_result_guide_schema.py::test_semantic_contradictions_fail_before_projection[scope]
11 failed in 0.11s
