./reader-task.json
./synthetic/README.md
./synthetic/finite-map.json
./synthetic/stale-guide.json
./synthetic/finite-map.guide.json
./evidence/assets/00006.json
./evidence/assets/00051.json
./evidence/assets/00044.json
./evidence/assets/00071.json
./evidence/assets/00002.json
./evidence/assets/00043.json
./evidence/assets/00045.json
./evidence/assets/00087.json
./evidence/assets/00004.json
./evidence/assets/00048.json
./evidence/assets/00074.json
./evidence/assets/00076.json
./evidence/assets/00022.json
./evidence/assets/00075.json
./evidence/assets/00035.json
./evidence/assets/00067.json
./evidence/assets/00001.json
./evidence/assets/00050.json
./evidence/assets/00040.json
./evidence/assets/00046.json
./evidence/assets/00061.json
./evidence/assets/00017.json
./evidence/assets/00041.json
./evidence/assets/00064.json
./evidence/assets/00052.json
./evidence/assets/00000.json
./evidence/assets/00019.json
./evidence/assets/00070.json
./evidence/assets/00078.json
./evidence/assets/00033.json
./evidence/assets/00015.json
./evidence/assets/00009.json
./evidence/assets/00089.json
./evidence/assets/00068.json
./evidence/assets/00086.json
./evidence/assets/00059.json
./evidence/assets/00054.json
./evidence/assets/00010.json
./evidence/assets/00049.json
./evidence/assets/00063.json
./evidence/assets/00088.json
./evidence/assets/00042.json
./evidence/assets/00034.json
./evidence/assets/00065.json
./evidence/assets/00092.json
./evidence/assets/00018.json
./evidence/assets/00079.json
./evidence/assets/00037.json
./evidence/assets/00032.json
./evidence/assets/00025.json
./evidence/assets/00038.json
./evidence/assets/00012.json
./evidence/assets/00091.bin
./evidence/assets/00027.json
./evidence/assets/00047.json
./evidence/assets/00072.json
./evidence/assets/00036.json
./evidence/assets/00024.json
./evidence/assets/00014.json
./evidence/assets/00003.json
./evidence/assets/00081.json
./evidence/assets/00057.json
./evidence/assets/00007.json
./evidence/assets/00056.json
./evidence/assets/00090.bin
./evidence/assets/00008.json
./evidence/assets/00028.json
./evidence/assets/00085.json
./evidence/assets/00060.json
./evidence/assets/00080.json
./evidence/assets/00031.json
./evidence/assets/00083.json
./evidence/assets/00030.json
./evidence/assets/00029.json
./evidence/assets/00055.json
./evidence/assets/00077.json
./evidence/assets/00058.json
./evidence/assets/00073.json
./evidence/assets/00023.json
./evidence/assets/00093.json
./evidence/assets/00084.json
./evidence/assets/00082.json
./evidence/assets/00016.json
./evidence/assets/00039.json
./evidence/assets/00020.json
./evidence/assets/00062.json
./evidence/assets/00069.json
./evidence/assets/00021.json
./evidence/assets/00094.sqlite3
./evidence/assets/00066.json
./evidence/assets/00053.json
./evidence/assets/00013.json
./evidence/assets/00011.json
./evidence/assets/00005.json
./evidence/assets/00026.json
./evidence/bundle.json
./evidence/manifest.json
./result.zip
