lean-source/Mf/DP/PoissonFixedEpochEpochUniformDomain.lean:11:budgets; it is not the organizing theorem here.
lean-source/Mf/DP/PoissonFixedEpochEpochUniformDomain.lean:22:/-- At exact full-batch calibration, the fixed-epoch coefficient supplies the
lean-source/Mf/DP/PoissonFixedEpochEpochUniformDomain.lean:24:theorem
lean-source/Mf/DP/PoissonFixedEpochEpochUniformDomain.lean:25:    poissonFixedEpochThresholdTail_calibrated_lt_traceAverage_of_epochUniformSignal
lean-source/Mf/DP/PoissonFixedEpochEpochUniformDomain.lean:68:    stdNormalCDFReal_lt_fixedEpochGaussianTraceAverage_of_epochUniformSignalFactor_le
lean-source/Mf/DP/PoissonFixedEpochEpochUniformDomain.lean:97:theorem
lean-source/Mf/DP/PoissonFixedEpochEpochUniformDomain.lean:98:    poissonFixedEpoch_productProfile_calibratedRunVariance_gt_of_epochUniformSignal
lean-source/Mf/DP/PoissonFixedEpochEpochUniformDomain.lean:124:    poissonFixedEpochThresholdTail_calibrated_lt_traceAverage_of_epochUniformSignal
lean-source/Mf/DP/PoissonFixedEpochEpochUniformDomain.lean:130:theorem
lean-source/Mf/DP/PoissonFixedEpochEpochUniformDomain.lean:131:    poissonFixedEpochCalibratedPrivacyVariance_gt_fullBatch_of_epochUniformSignal
lean-source/Mf/DP/PoissonFixedEpochEpochUniformDomain.lean:146:  apply poissonFixedEpochCalibratedPrivacyVariance_gt_fullBatch_of_traceGap
lean-source/Mf/DP/PoissonFixedEpochEpochUniformDomain.lean:149:    poissonFixedEpochThresholdTail_calibrated_lt_traceAverage_of_epochUniformSignal
lean-source/Mf/DP/PoissonFixedEpochEpochUniformDomain.lean:155:theorem
lean-source/Mf/DP/PoissonFixedEpochEpochUniformDomain.lean:156:    poissonFixedEpochTotalAverageVariance_fullBatch_lt_allEnergy_of_epochUniformSignal
lean-source/Mf/DP/PoissonFixedEpochEpochUniformDomain.lean:170:        (PoissonFixedEpochPoint.fullBatch point.epoch point.epoch_pos)
lean-source/Mf/DP/PoissonFixedEpochEpochUniformDomain.lean:173:  apply poissonFixedEpochTotalAverageVariance_fullBatch_lt_allEnergy_of_traceGap
lean-source/Mf/DP/PoissonFixedEpochEpochUniformDomain.lean:177:    poissonFixedEpochThresholdTail_calibrated_lt_traceAverage_of_epochUniformSignal
lean-source/Mf/DP/PoissonFixedEpochEpochUniformDomain.lean:183:def poissonFixedEpochEpochUniformDeltaThreshold
lean-source/Mf/DP/PoissonFixedEpochEpochUniformDomain.lean:191:calibrated full-batch signal-square condition. -/
lean-source/Mf/DP/PoissonFixedEpochEpochUniformDomain.lean:192:theorem
lean-source/Mf/DP/PoissonFixedEpochEpochUniformDomain.lean:193:    poissonFixedEpochDelta_le_epochUniformThreshold_iff_fullBatchCalibratedSignal_sq_le
lean-source/Mf/DP/PoissonFixedEpochEpochUniformDomain.lean:243:theorem
lean-source/Mf/DP/PoissonFixedEpochEpochUniformDomain.lean:244:    poissonFixedEpoch_productProfile_calibratedRunVariance_gt_of_delta_le_epochUniformThreshold
lean-source/Mf/DP/PoissonFixedEpochEpochUniformDomain.lean:264:    poissonFixedEpoch_productProfile_calibratedRunVariance_gt_of_epochUniformSignal
lean-source/Mf/DP/PoissonFixedEpochEpochUniformDomain.lean:268:    (poissonFixedEpochDelta_le_epochUniformThreshold_iff_fullBatchCalibratedSignal_sq_le
lean-source/Mf/DP/PoissonFixedEpochEpochUniformDomain.lean:273:theorem
lean-source/Mf/DP/PoissonFixedEpochEpochUniformDomain.lean:274:    poissonFixedEpochCalibratedPrivacyVariance_gt_fullBatch_of_delta_le_epochUniformThreshold
lean-source/Mf/DP/PoissonFixedEpochEpochUniformDomain.lean:286:    poissonFixedEpochCalibratedPrivacyVariance_gt_fullBatch_of_epochUniformSignal
lean-source/Mf/DP/PoissonFixedEpochEpochUniformDomain.lean:290:    (poissonFixedEpochDelta_le_epochUniformThreshold_iff_fullBatchCalibratedSignal_sq_le
lean-source/Mf/DP/PoissonFixedEpochEpochUniformDomain.lean:295:theorem
lean-source/Mf/DP/PoissonFixedEpochEpochUniformDomain.lean:296:    poissonFixedEpochTotalAverageVariance_fullBatch_lt_allEnergy_of_delta_le_epochUniformThreshold
lean-source/Mf/DP/PoissonFixedEpochEpochUniformDomain.lean:306:        (PoissonFixedEpochPoint.fullBatch point.epoch point.epoch_pos)
lean-source/Mf/DP/PoissonFixedEpochEpochUniformDomain.lean:310:    poissonFixedEpochTotalAverageVariance_fullBatch_lt_allEnergy_of_epochUniformSignal
lean-source/Mf/DP/PoissonFixedEpochEpochUniformDomain.lean:314:    (poissonFixedEpochDelta_le_epochUniformThreshold_iff_fullBatchCalibratedSignal_sq_le
lean-source/Mf/DP/PoissonFixedEpochEpochUniformDomain.lean:321:theorem
lean-source/Mf/DP/PoissonFixedEpochEpochUniformDomain.lean:322:    poissonFixedEpoch_allHorizon_dominance_of_delta_le_epochUniformThreshold
lean-source/Mf/DP/PoissonFixedEpochEpochUniformDomain.lean:338:                (PoissonFixedEpochPoint.fullBatch epoch hEpoch)
lean-source/Mf/DP/PoissonFixedEpochEpochUniformDomain.lean:346:      poissonFixedEpochCalibratedPrivacyVariance_gt_fullBatch_of_delta_le_epochUniformThreshold
lean-source/Mf/DP/PoissonFixedEpochEpochUniformDomain.lean:351:      poissonFixedEpochTotalAverageVariance_fullBatch_lt_allEnergy_of_delta_le_epochUniformThreshold
lean-source/Mf/DP/PoissonFixedEpochStrictInteriorCounterexample.lean:17:def strictInteriorPoint : PoissonFixedEpochPoint :=
lean-source/Mf/DP/PoissonFixedEpochStrictInteriorCounterexample.lean:22:theorem three_quarters_lt_one_sub_exp_neg_two :
lean-source/Mf/DP/PoissonFixedEpochStrictInteriorCounterexample.lean:43:theorem strictInterior_privacyParameters :
lean-source/Mf/DP/PoissonFixedEpochStrictInteriorCounterexample.lean:49:def strictInteriorRunVariance : NNReal := 5 / 32
lean-source/Mf/DP/PoissonFixedEpochStrictInteriorCounterexample.lean:51:def strictInteriorNoiseStddev : NNReal :=
lean-source/Mf/DP/PoissonFixedEpochStrictInteriorCounterexample.lean:56:theorem rawVariance_eq :
lean-source/Mf/DP/PoissonFixedEpochStrictInteriorCounterexample.lean:57:    poissonFixedEpochRawNoiseVariance strictInteriorPoint strictInteriorRunVariance =
lean-source/Mf/DP/PoissonFixedEpochStrictInteriorCounterexample.lean:60:  norm_num [poissonFixedEpochRawNoiseVariance, strictInteriorPoint,
lean-source/Mf/DP/PoissonFixedEpochStrictInteriorCounterexample.lean:61:    strictInteriorRunVariance, PoissonFixedEpochPoint.samplingRate,
lean-source/Mf/DP/PoissonFixedEpochStrictInteriorCounterexample.lean:64:theorem rawStddev_coe_eq :
lean-source/Mf/DP/PoissonFixedEpochStrictInteriorCounterexample.lean:65:    (strictInteriorNoiseStddev : Real) = tilt⁻¹ := rfl
lean-source/Mf/DP/PoissonFixedEpochStrictInteriorCounterexample.lean:67:theorem sampled_profile_lt :
lean-source/Mf/DP/PoissonFixedEpochStrictInteriorCounterexample.lean:70:        strictInteriorNoiseStddev (1 / 4) <
lean-source/Mf/DP/PoissonFixedEpochStrictInteriorCounterexample.lean:72:  have hstd : 0 < strictInteriorNoiseStddev := by
lean-source/Mf/DP/PoissonFixedEpochStrictInteriorCounterexample.lean:79:  have hshift : 1 / (strictInteriorNoiseStddev : Real) = tilt := by
lean-source/Mf/DP/PoissonFixedEpochStrictInteriorCounterexample.lean:90:theorem strictInteriorNoiseStddev_sq :
lean-source/Mf/DP/PoissonFixedEpochStrictInteriorCounterexample.lean:91:    (strictInteriorNoiseStddev : Real) ^ 2 = 5 / 24 := by
lean-source/Mf/DP/PoissonFixedEpochStrictInteriorCounterexample.lean:96:theorem strictInteriorNoiseStddev_feasible :
lean-source/Mf/DP/PoissonFixedEpochStrictInteriorCounterexample.lean:97:    strictInteriorNoiseStddev ∈
lean-source/Mf/DP/PoissonFixedEpochStrictInteriorCounterexample.lean:105:theorem strictInterior_calibratedPrivacyVariance_le_five_thirty_seconds :
lean-source/Mf/DP/PoissonFixedEpochStrictInteriorCounterexample.lean:106:    poissonFixedEpochCalibratedPrivacyVariance strictInteriorPoint
lean-source/Mf/DP/PoissonFixedEpochStrictInteriorCounterexample.lean:110:    1 (1 / 4) (3 / 4) strictInteriorNoiseStddev
lean-source/Mf/DP/PoissonFixedEpochStrictInteriorCounterexample.lean:111:    strictInteriorNoiseStddev_feasible
lean-source/Mf/DP/PoissonFixedEpochStrictInteriorCounterexample.lean:113:      poissonFixedEpochCalibratedStddev strictInteriorPoint
lean-source/Mf/DP/PoissonFixedEpochStrictInteriorCounterexample.lean:114:          1 (1 / 4) (3 / 4) ≤ strictInteriorNoiseStddev := by
lean-source/Mf/DP/PoissonFixedEpochStrictInteriorCounterexample.lean:115:    have hrate : strictInteriorPoint.samplingRate = twoThirdsSamplingRate := by
lean-source/Mf/DP/PoissonFixedEpochStrictInteriorCounterexample.lean:119:    simpa only [show strictInteriorPoint.horizon = 3 by rfl, hrate] using
lean-source/Mf/DP/PoissonFixedEpochStrictInteriorCounterexample.lean:122:      (poissonFixedEpochCalibratedStddev strictInteriorPoint
lean-source/Mf/DP/PoissonFixedEpochStrictInteriorCounterexample.lean:124:        (strictInteriorNoiseStddev : Real) ^ 2 :=
lean-source/Mf/DP/PoissonFixedEpochStrictInteriorCounterexample.lean:126:  rw [strictInteriorNoiseStddev_sq] at hsquare
lean-source/Mf/DP/PoissonFixedEpochStrictInteriorCounterexample.lean:130:      (poissonFixedEpochCalibratedStddev strictInteriorPoint
lean-source/Mf/DP/PoissonFixedEpochStrictInteriorCounterexample.lean:135:        (poissonFixedEpochCalibratedStddev strictInteriorPoint
lean-source/Mf/DP/PoissonFixedEpochStrictInteriorCounterexample.lean:142:the full-batch endpoint at `E=2`, with positive epsilon and interior delta. -/
lean-source/Mf/DP/PoissonFixedEpochStrictInteriorCounterexample.lean:143:theorem strictInterior_calibratedPrivacyVariance_lt_fullBatch :
lean-source/Mf/DP/PoissonFixedEpochStrictInteriorCounterexample.lean:144:    poissonFixedEpochCalibratedPrivacyVariance strictInteriorPoint
lean-source/Mf/DP/PoissonFixedEpochStrictInteriorCounterexample.lean:146:      (fullBatchGaussianBaseStddev 1 (1 / 4) (3 / 4)
lean-source/Mf/DP/PoissonFixedEpochStrictInteriorCounterexample.lean:148:  strictInterior_calibratedPrivacyVariance_le_five_thirty_seconds.trans_lt
lean-source/Mf/DP/PoissonFixedEpochStrictInteriorCounterexample.lean:152:than the fixed-epoch full-batch point `T=E=2`. -/
lean-source/Mf/DP/PoissonFixedEpochStrictInteriorCounterexample.lean:153:theorem strictInterior_calibratedPrivacyVariance_lt_adjacentFullBatch :
lean-source/Mf/DP/PoissonFixedEpochStrictInteriorCounterexample.lean:154:    poissonFixedEpochCalibratedPrivacyVariance strictInteriorPoint
lean-source/Mf/DP/PoissonFixedEpochStrictInteriorCounterexample.lean:157:        (PoissonFixedEpochPoint.fullBatch 2 (by norm_num))
lean-source/Mf/DP/PoissonFixedEpochStrictInteriorCounterexample.lean:160:  rw [poissonFixedEpochPrivacyVariance_fullBatch_eq_base_sq 2 (by norm_num)
lean-source/Mf/DP/PoissonFixedEpochStrictInteriorCounterexample.lean:162:  exact strictInterior_calibratedPrivacyVariance_lt_fullBatch
lean-source/Mf/DP/PoissonFixedEpochStrictInteriorCounterexample.lean:166:theorem strictInterior_not_adjacent_calibratedPrivacyVariance_nondec :
lean-source/Mf/DP/PoissonFixedEpochStrictInteriorCounterexample.lean:168:        (PoissonFixedEpochPoint.fullBatch 2 (by norm_num))
lean-source/Mf/DP/PoissonFixedEpochStrictInteriorCounterexample.lean:170:      poissonFixedEpochCalibratedPrivacyVariance strictInteriorPoint
lean-source/Mf/DP/PoissonFixedEpochStrictInteriorCounterexample.lean:172:  not_le_of_gt strictInterior_calibratedPrivacyVariance_lt_adjacentFullBatch
lean-source/Mf/DP/PoissonFixedEpochStrictInteriorCounterexample.lean:176:theorem nine_four_hundred_lt_six_mul_strictInterior_calibratedPrivacyVariance_gap :
lean-source/Mf/DP/PoissonFixedEpochStrictInteriorCounterexample.lean:179:          (PoissonFixedEpochPoint.fullBatch 2 (by norm_num))
lean-source/Mf/DP/PoissonFixedEpochStrictInteriorCounterexample.lean:181:        poissonFixedEpochCalibratedPrivacyVariance strictInteriorPoint
lean-source/Mf/DP/PoissonFixedEpochStrictInteriorCounterexample.lean:184:      poissonFixedEpochCalibratedPrivacyVariance strictInteriorPoint
lean-source/Mf/DP/PoissonFixedEpochStrictInteriorCounterexample.lean:186:    strictInterior_calibratedPrivacyVariance_le_five_thirty_seconds
lean-source/Mf/DP/PoissonFixedEpochStrictInteriorCounterexample.lean:187:  have fullBatch_gt :
lean-source/Mf/DP/PoissonFixedEpochStrictInteriorCounterexample.lean:190:          (PoissonFixedEpochPoint.fullBatch 2 (by norm_num))
lean-source/Mf/DP/PoissonFixedEpochStrictInteriorCounterexample.lean:193:    rw [poissonFixedEpochPrivacyVariance_fullBatch_eq_base_sq 2 (by norm_num)
lean-source/Mf/DP/PoissonFixedEpochStrictInteriorCounterexample.lean:202:theorem strictInterior_totalVariance_lt_fullBatch_iff_energy_lt_calibrated_gap
lean-source/Mf/DP/PoissonFixedEpochStrictInteriorCounterexample.lean:204:    poissonFixedEpochTotalAverageVariance strictInteriorPoint
lean-source/Mf/DP/PoissonFixedEpochStrictInteriorCounterexample.lean:207:        (PoissonFixedEpochPoint.fullBatch 2 (by norm_num))
lean-source/Mf/DP/PoissonFixedEpochStrictInteriorCounterexample.lean:211:            (PoissonFixedEpochPoint.fullBatch 2 (by norm_num))
lean-source/Mf/DP/PoissonFixedEpochStrictInteriorCounterexample.lean:213:          poissonFixedEpochCalibratedPrivacyVariance strictInteriorPoint
lean-source/Mf/DP/PoissonFixedEpochStrictInteriorCounterexample.lean:215:  have fullBatch_privacy_eq :
lean-source/Mf/DP/PoissonFixedEpochStrictInteriorCounterexample.lean:217:          (PoissonFixedEpochPoint.fullBatch 2 (by norm_num))
lean-source/Mf/DP/PoissonFixedEpochStrictInteriorCounterexample.lean:219:        (fullBatchGaussianBaseStddev 1 (1 / 4) (3 / 4)
lean-source/Mf/DP/PoissonFixedEpochStrictInteriorCounterexample.lean:222:    rw [poissonFixedEpochPrivacyVariance_fullBatch_eq_base_sq 2 (by norm_num)
lean-source/Mf/DP/PoissonFixedEpochStrictInteriorCounterexample.lean:224:  rw [fullBatch_privacy_eq]
lean-source/Mf/DP/PoissonFixedEpochStrictInteriorCounterexample.lean:225:  rw [poissonFixedEpochTotalAverageVariance_fullBatch_eq_base_sq 2 (by norm_num)
lean-source/Mf/DP/PoissonFixedEpochStrictInteriorCounterexample.lean:232:      poissonFixedEpochSamplingVariance strictInteriorPoint energy = energy / 6 := by
lean-source/Mf/DP/PoissonFixedEpochStrictInteriorCounterexample.lean:233:    norm_num [poissonFixedEpochSamplingVariance, strictInteriorPoint,
lean-source/Mf/DP/PoissonFixedEpochStrictInteriorCounterexample.lean:241:than the full-batch benchmark at `T=E=2` for
lean-source/Mf/DP/PoissonFixedEpochStrictInteriorCounterexample.lean:243:theorem strictInterior_totalVariance_lt_fullBatch_zeroEnergy :
lean-source/Mf/DP/PoissonFixedEpochStrictInteriorCounterexample.lean:244:    poissonFixedEpochTotalAverageVariance strictInteriorPoint
lean-source/Mf/DP/PoissonFixedEpochStrictInteriorCounterexample.lean:247:        (PoissonFixedEpochPoint.fullBatch 2 (by norm_num))
lean-source/Mf/DP/PoissonFixedEpochStrictInteriorCounterexample.lean:249:  apply poissonFixedEpoch_totalVariance_lt_fullBatch_of_certified_upper
lean-source/Mf/DP/PoissonFixedEpochStrictInteriorCounterexample.lean:250:    strictInteriorPoint 1 (1 / 4) (3 / 4) 0 (5 / 32)
lean-source/Mf/DP/PoissonFixedEpochStrictInteriorCounterexample.lean:252:    strictInterior_calibratedPrivacyVariance_le_five_thirty_seconds
lean-source/Mf/DP/PoissonFixedEpochStrictInteriorCounterexample.lean:254:  norm_num [strictInteriorPoint, PoissonFixedEpochPoint.ofExtra]
lean-source/Mf/DP/PoissonFixedEpochStrictInteriorCounterexample.lean:259:theorem strictInterior_totalVariance_lt_fullBatch_of_energy_le_nine_four_hundred
lean-source/Mf/DP/PoissonFixedEpochStrictInteriorCounterexample.lean:262:    poissonFixedEpochTotalAverageVariance strictInteriorPoint
lean-source/Mf/DP/PoissonFixedEpochStrictInteriorCounterexample.lean:265:        (PoissonFixedEpochPoint.fullBatch 2 (by norm_num))
lean-source/Mf/DP/PoissonFixedEpochStrictInteriorCounterexample.lean:267:  apply poissonFixedEpoch_totalVariance_lt_fullBatch_of_certified_upper
lean-source/Mf/DP/PoissonFixedEpochStrictInteriorCounterexample.lean:268:    strictInteriorPoint 1 (1 / 4) (3 / 4) energy (5 / 32)
lean-source/Mf/DP/PoissonFixedEpochStrictInteriorCounterexample.lean:270:    strictInterior_calibratedPrivacyVariance_le_five_thirty_seconds
lean-source/Mf/DP/PoissonFixedEpochStrictInteriorCounterexample.lean:272:    poissonFixedEpochSamplingVariance strictInteriorPoint energy + 5 / 32 =
lean-source/Mf/DP/PoissonFixedEpochStrictInteriorCounterexample.lean:274:      norm_num [poissonFixedEpochSamplingVariance, strictInteriorPoint,
lean-source/Mf/DP/PoissonFixedEpochStrictInteriorCounterexample.lean:278:    _ < (fullBatchGaussianBaseStddev 1 (1 / 4) (3 / 4)
lean-source/Mf/DP/PoissonFixedEpochStrictInteriorCounterexample.lean:282:/-- Open-interval compatibility corollary of the closed endpoint theorem. -/
lean-source/Mf/DP/PoissonFixedEpochStrictInteriorCounterexample.lean:283:theorem strictInterior_totalVariance_lt_fullBatch_of_energy_lt_nine_four_hundred
lean-source/Mf/DP/PoissonFixedEpochStrictInteriorCounterexample.lean:286:    poissonFixedEpochTotalAverageVariance strictInteriorPoint
lean-source/Mf/DP/PoissonFixedEpochStrictInteriorCounterexample.lean:289:        (PoissonFixedEpochPoint.fullBatch 2 (by norm_num))
lean-source/Mf/DP/PoissonFixedEpochStrictInteriorCounterexample.lean:291:  strictInterior_totalVariance_lt_fullBatch_of_energy_le_nine_four_hundred
lean-source/Mf/DP/PoissonFixedEpochCenterGapPropagation.lean:26:def fixedEpochCenterGap
lean-source/Mf/DP/PoissonFixedEpochCenterGapPropagation.lean:35:def fixedEpochCenterTilt
lean-source/Mf/DP/PoissonFixedEpochCenterGapPropagation.lean:43:def fixedEpochCenterTiltDerivative
lean-source/Mf/DP/PoissonFixedEpochCenterGapPropagation.lean:52:def fixedEpochCenterTiltSecond
lean-source/Mf/DP/PoissonFixedEpochCenterGapPropagation.lean:62:theorem hasDerivAt_fixedEpochCenterGap
lean-source/Mf/DP/PoissonFixedEpochCenterGapPropagation.lean:64:    HasDerivAt (fixedEpochCenterGap point h)
lean-source/Mf/DP/PoissonFixedEpochCenterGapPropagation.lean:105:  have hFunction : fixedEpochCenterGap point h =
lean-source/Mf/DP/PoissonFixedEpochCenterGapPropagation.lean:147:theorem hasDerivAt_fixedEpochCenterTilt
lean-source/Mf/DP/PoissonFixedEpochCenterGapPropagation.lean:171:theorem hasDerivAt_fixedEpochCenterTiltDerivative
lean-source/Mf/DP/PoissonFixedEpochCenterGapPropagation.lean:194:theorem fixedEpochCenterTiltSecond_pos
lean-source/Mf/DP/PoissonFixedEpochCenterGapPropagation.lean:225:theorem fixedEpochCenterTilt_strictConvex
lean-source/Mf/DP/PoissonFixedEpochCenterGapPropagation.lean:243:theorem fixedEpochCenterTilt_zero_lt_one
lean-source/Mf/DP/PoissonFixedEpochCenterGapPropagation.lean:312:theorem tendsto_fixedEpochCenterGap_atTop_zero
lean-source/Mf/DP/PoissonFixedEpochCenterGapPropagation.lean:314:    Tendsto (fixedEpochCenterGap point h) atTop (nhds 0) := by
lean-source/Mf/DP/PoissonFixedEpochCenterGapPropagation.lean:349:  unfold fixedEpochCenterGap
lean-source/Mf/DP/PoissonFixedEpochCenterGapPropagation.lean:352:/-- Abstract shape lemma isolated from the finite Gaussian trace.  Convexity
lean-source/Mf/DP/PoissonFixedEpochCenterGapPropagation.lean:355:theorem gap_pos_of_boundary_nonneg
lean-source/Mf/DP/PoissonFixedEpochCenterGapPropagation.lean:430:theorem fixedEpochCenterGap_pos_of_boundary_nonneg
lean-source/Mf/DP/PoissonFixedEpochCenterGapPropagation.lean:434:    (hBoundaryGap : 0 ≤ fixedEpochCenterGap point h boundary) :
lean-source/Mf/DP/PoissonFixedEpochCenterGapPropagation.lean:435:    0 < fixedEpochCenterGap point h query := by
lean-source/Mf/DP/PoissonFixedEpochCenterGapPropagation.lean:437:    (fixedEpochCenterGap point h)
lean-source/Mf/DP/PoissonFixedEpochCenterGapPropagation.lean:446:  · exact hasDerivAt_fixedEpochCenterGap point h
lean-source/Mf/DP/PoissonFixedEpochCenterGapPropagation.lean:448:  · exact tendsto_fixedEpochCenterGap_atTop_zero point h hh
lean-source/Mf/DP/PoissonFixedEpochCenterGapPropagation.lean:452:theorem fixedEpochCenterGap_eq_countTestAverage_sub
lean-source/Mf/DP/PoissonFixedEpochCenterGapPropagation.lean:455:    fixedEpochCenterGap point ((signal : Real) / point.epoch)
lean-source/Mf/DP/PoissonFixedEpochCenterGapPropagation.lean:464:  unfold fixedEpochCenterGap poissonTraceCountAverage fixedEpochGaussianCountTest
