proof-search check-candidate: applicable-with-residuals
path: unavailable
- BinderFixture.use [applicable-with-residuals] application=BinderFixture.use x y ?h ?k
  selected declaration type: ∀ {α : Type} ⦃β : Type⦄ [Inhabited α] (x : α) (y : β), x = x → y = y → x = x ∧ y = y
  selected declaration binder kinds: Lean.BinderInfo.implicit, Lean.BinderInfo.strictImplicit, Lean.BinderInfo.instImplicit, Lean.BinderInfo.default
  remaining goal 0: x = x
    residual context 0 (_uniq.36):
      α : Type
      β : Type
      inst._@._hyg.6 : Inhabited α
      x : α
  remaining goal 1: y = y
    residual context 1 (_uniq.37):
      α : Type
      β : Type
      inst._@._hyg.6 : Inhabited α
      x : α
  evidence expansion environmentRef: {"artifactRef": "sha256:764edb81ffa54dbe618345be40cd4f4525efe09e97b85a2b8d8bbb5e22e8a090", "environmentRef": "sha256:eadf9c69af1ea20057849878d0eca50957d763f12a132f8b16417ae28e3f5f98"}
  evidence expansion checkRunRef: {"artifactRef": "sha256:0db4f5e030822d8fb1c8375d7561ca647d9ba89d83998b0f3bee54ec8ef2bdb2", "kind": "check-run", "localId": "check:706b9276cad8f35ccdcb9b8f2a155398109179cd1d18bb904cb6486b4d35e49f"}
evidenceReceipt: sha256:779da991d3ae555d5bc060e60ee6a6c3aedbcbf50bcc10d947cb5766123ae9bd
sourceReceipt: sha256:779da991d3ae555d5bc060e60ee6a6c3aedbcbf50bcc10d947cb5766123ae9bd
evidence dimensions: executionBinding=explicit-pinned, observationState=live, operationOutcome=accepted, sourceFreshness=unknown, environmentMatch=exact, authorityBasis=elaborator-check, analysisCompleteness=partial
omission: {"omitted": 12, "pointer": "/candidate/check/residualContexts/0/localContext", "reason": "compact-local-fields-omitted"}
omission: {"omitted": 1, "pointer": "/candidate/check/residualContexts/0/localContext", "reason": "projection-collection-limit"}
omission: {"omitted": 12, "pointer": "/candidate/check/residualContexts/1/localContext", "reason": "compact-local-fields-omitted"}
omission: {"omitted": 1, "pointer": "/candidate/check/residualContexts/1/localContext", "reason": "projection-collection-limit"}
omission: {"omitted": 12, "pointer": "/omissions", "reason": "projection-collection-limit"}
omissionPopulation: {"generatedRecords": 1, "observedRecords": 16, "omittedRecords": 12, "projectedRecords": 4, "totalClaims": 53, "transportRecords": 5}
coverage: {"candidatePopulation": {"observed": 1, "omitted": 0, "projected": 1, "statusCounts": {"applicable-with-residuals": 1}}, "omissionPopulation": {"generatedRecords": 1, "observedRecords": 16, "omittedRecords": 12, "projectedRecords": 4, "totalClaims": 53, "transportRecords": 5}, "operationalFailure": false}
