FF.FFFF                                                                  [100%]
=================================== FAILURES ===================================
__________________ test_disjoint_selection_range_is_rejected ___________________

observation = ({'byteOffset': 27, 'column': 6, 'compiledModulePaths': [{'module': 'Init', 'path': '/tmp/Init.olean'}], 'contextRef':...identity='sha256:7e4a81c11c42263facaf2cc3a4f6e1146cf5089df3d38c9f8cec4b29f380253a'), b'example : True := by\n  skip\n')

    def test_disjoint_selection_range_is_rejected(observation):
        frame, request, context, source = observation
        frame.update(rangeStartByte=0, rangeEndByte=7, selectionEndByte=7)
>       with pytest.raises(_AssociationError, match="selection range"):
E       Failed: DID NOT RAISE <class 'ladon.source_association_io._AssociationError'>

tests/test_source_goal_protocol_ranges.py:43: Failed
_____ test_empty_observed_commit_is_rejected_even_without_expected_commit ______

observation = ({'byteOffset': 27, 'column': 6, 'compiledModulePaths': [{'module': 'Init', 'path': '/tmp/Init.olean'}], 'contextRef':...identity='sha256:7e4a81c11c42263facaf2cc3a4f6e1146cf5089df3d38c9f8cec4b29f380253a'), b'example : True := by\n  skip\n')

    def test_empty_observed_commit_is_rejected_even_without_expected_commit(observation):
        frame, request, context, source = observation
        frame["leanCommit"] = ""
>       with pytest.raises(_AssociationError, match="empty"):
E       Failed: DID NOT RAISE <class 'ladon.source_association_io._AssociationError'>

tests/test_source_goal_protocol_ranges.py:50: Failed
__________ test_selection_range_has_ordered_bounded_integer_end[True] __________

observation = ({'byteOffset': 27, 'column': 6, 'compiledModulePaths': [{'module': 'Init', 'path': '/tmp/Init.olean'}], 'contextRef':...identity='sha256:7e4a81c11c42263facaf2cc3a4f6e1146cf5089df3d38c9f8cec4b29f380253a'), b'example : True := by\n  skip\n')
selection_end = True

    @pytest.mark.parametrize("selection_end", [True, -1, 7, 100])
    def test_selection_range_has_ordered_bounded_integer_end(observation, selection_end):
        frame, request, context, source = observation
        frame["selectionEndByte"] = selection_end
>       with pytest.raises(_AssociationError):
E       Failed: DID NOT RAISE <class 'ladon.source_association_io._AssociationError'>

tests/test_source_goal_protocol_ranges.py:65: Failed
___________ test_selection_range_has_ordered_bounded_integer_end[-1] ___________

observation = ({'byteOffset': 27, 'column': 6, 'compiledModulePaths': [{'module': 'Init', 'path': '/tmp/Init.olean'}], 'contextRef':...identity='sha256:7e4a81c11c42263facaf2cc3a4f6e1146cf5089df3d38c9f8cec4b29f380253a'), b'example : True := by\n  skip\n')
selection_end = -1

    @pytest.mark.parametrize("selection_end", [True, -1, 7, 100])
    def test_selection_range_has_ordered_bounded_integer_end(observation, selection_end):
        frame, request, context, source = observation
        frame["selectionEndByte"] = selection_end
>       with pytest.raises(_AssociationError):
E       Failed: DID NOT RAISE <class 'ladon.source_association_io._AssociationError'>

tests/test_source_goal_protocol_ranges.py:65: Failed
___________ test_selection_range_has_ordered_bounded_integer_end[7] ____________

observation = ({'byteOffset': 27, 'column': 6, 'compiledModulePaths': [{'module': 'Init', 'path': '/tmp/Init.olean'}], 'contextRef':...identity='sha256:7e4a81c11c42263facaf2cc3a4f6e1146cf5089df3d38c9f8cec4b29f380253a'), b'example : True := by\n  skip\n')
selection_end = 7

    @pytest.mark.parametrize("selection_end", [True, -1, 7, 100])
    def test_selection_range_has_ordered_bounded_integer_end(observation, selection_end):
        frame, request, context, source = observation
        frame["selectionEndByte"] = selection_end
>       with pytest.raises(_AssociationError):
E       Failed: DID NOT RAISE <class 'ladon.source_association_io._AssociationError'>

tests/test_source_goal_protocol_ranges.py:65: Failed
__________ test_selection_range_has_ordered_bounded_integer_end[100] ___________

observation = ({'byteOffset': 27, 'column': 6, 'compiledModulePaths': [{'module': 'Init', 'path': '/tmp/Init.olean'}], 'contextRef':...identity='sha256:7e4a81c11c42263facaf2cc3a4f6e1146cf5089df3d38c9f8cec4b29f380253a'), b'example : True := by\n  skip\n')
selection_end = 100

    @pytest.mark.parametrize("selection_end", [True, -1, 7, 100])
    def test_selection_range_has_ordered_bounded_integer_end(observation, selection_end):
        frame, request, context, source = observation
        frame["selectionEndByte"] = selection_end
>       with pytest.raises(_AssociationError):
E       Failed: DID NOT RAISE <class 'ladon.source_association_io._AssociationError'>

tests/test_source_goal_protocol_ranges.py:65: Failed
=========================== short test summary info ============================
FAILED tests/test_source_goal_protocol_ranges.py::test_disjoint_selection_range_is_rejected
FAILED tests/test_source_goal_protocol_ranges.py::test_empty_observed_commit_is_rejected_even_without_expected_commit
FAILED tests/test_source_goal_protocol_ranges.py::test_selection_range_has_ordered_bounded_integer_end[True]
FAILED tests/test_source_goal_protocol_ranges.py::test_selection_range_has_ordered_bounded_integer_end[-1]
FAILED tests/test_source_goal_protocol_ranges.py::test_selection_range_has_ordered_bounded_integer_end[7]
FAILED tests/test_source_goal_protocol_ranges.py::test_selection_range_has_ordered_bounded_integer_end[100]
6 failed, 1 passed in 0.05s
