proof-search check-candidate: applicable-with-residuals
path: unavailable
- BinderFixture.use [applicable-with-residuals] application=BinderFixture.use x y ?h ?k
  selected declaration type: ∀ {α : Type} ⦃β : Type⦄ [Inhabited α] (x : α) (y : β), x = x → y = y → x = x ∧ y = y
  selected declaration binder kinds: Lean.BinderInfo.implicit, Lean.BinderInfo.strictImplicit, Lean.BinderInfo.instImplicit, Lean.BinderInfo.default
  remaining goal 0: x = x
    residual context 0 (_uniq.36):
      α : Type
      β : Type
      inst._@._hyg.6 : Inhabited α
      x : α
  remaining goal 1: y = y
    residual context 1 (_uniq.37):
      α : Type
      β : Type
      inst._@._hyg.6 : Inhabited α
      x : α
  evidence expansion environmentRef: {"artifactRef": "sha256:7494bbf805b52c763080e4f6ea18d6bf98c19bf347d3cce05603529deff4d546", "environmentRef": "sha256:50c20576ce387e03a89c7fef09cbcbf4c40b821d73e4926da2239079d107996e"}
  evidence expansion checkRunRef: {"artifactRef": "sha256:224fd48d7913c03f37023070dabea16d5e229877c5eb2dc30dc190bf13032c5e", "kind": "check-run", "localId": "check:2e3882cb4287f948f0de2bbef7619f47200f4ce022cd0e106ab3216f6c91e958"}
evidenceReceipt: sha256:aad24a39446fe6751fe93575165ce44766b3bcd44770fb0d1c69415528787491
sourceReceipt: sha256:aad24a39446fe6751fe93575165ce44766b3bcd44770fb0d1c69415528787491
evidence dimensions: executionBinding=explicit-pinned, observationState=live, operationOutcome=accepted, sourceFreshness=unknown, environmentMatch=exact, authorityBasis=elaborator-check, analysisCompleteness=partial
omission: {"omitted": 12, "pointer": "/candidate/check/residualContexts/0/localContext", "reason": "compact-local-fields-omitted"}
omission: {"omitted": 1, "pointer": "/candidate/check/residualContexts/0/localContext", "reason": "projection-collection-limit"}
omission: {"omitted": 12, "pointer": "/candidate/check/residualContexts/1/localContext", "reason": "compact-local-fields-omitted"}
omission: {"omitted": 1, "pointer": "/candidate/check/residualContexts/1/localContext", "reason": "projection-collection-limit"}
omission: {"omitted": 12, "pointer": "/omissions", "reason": "projection-collection-limit"}
omissionPopulation: {"generatedRecords": 1, "observedRecords": 16, "omittedRecords": 12, "projectedRecords": 4, "totalClaims": 53, "transportRecords": 5}
coverage: {"candidatePopulation": {"observed": 1, "omitted": 0, "projected": 1, "statusCounts": {"applicable-with-residuals": 1}}, "omissionPopulation": {"generatedRecords": 1, "observedRecords": 16, "omittedRecords": 12, "projectedRecords": 4, "totalClaims": 53, "transportRecords": 5}, "operationalFailure": false}
